============================= test session starts ==============================
platform darwin -- Python 3.13.4, pytest-8.4.0, pluggy-1.6.0 -- /Users/craigwebster/metacalculation-python/venv/bin/python3.13
cachedir: .pytest_cache
rootdir: /Users/craigwebster/metacalculation-python
configfile: pytest.ini
testpaths: tests
plugins: anyio-4.9.0, asyncio-1.0.0
asyncio: mode=Mode.STRICT, asyncio_default_fixture_loop_scope=None, asyncio_default_test_loop_scope=function
collecting ... collected 2 items

tests/test_biological_variation.py::test_compare_many_random_datasets_with_summary 
Randomized test summary: 703 passed, 297 failed.
Failures:
#7 Range_upper: 20.057487557599718 != 20.6744 (n=17)
#9 Range_lower: 16.73348243921331 != 17.3628 (n=11)
#9 Range_upper: 24.253653071065333 != 25.15 (n=11)
#10 Range_lower: 14.190442852107306 != 13.4542 (n=16)
#17 Range_upper: 28.551112754848276 != 27.7799 (n=14)
#18 Range_upper: 20.79350238713602 != 21.1568 (n=17)
#20 Range_upper: 22.51864455633375 != 22.7986 (n=20)
#28 Range_lower: 14.934021287873906 != 14.65 (n=17)
#32 Range_lower: 11.140952535522615 != 11.311 (n=14)
#32 Range_upper: 20.67683745325342 != 20.4409 (n=14)
#36 Range_lower: 16.080371251391437 != 16.3184 (n=18)
#36 Range_upper: 23.77 != 26.424 (n=18)
#40 Range_lower: 14.877173348775646 != 14.655 (n=14)
#45 Range_lower: 16.17668888701173 != 15.9 (n=17)
#49 Range_lower: 19.28 != 18.6025 (n=12)
#59 Range_lower: 17.514817584804405 != 16.7196 (n=17)
#61 Range_lower: 17.32 != 17.5389 (n=16)
#72 Range_lower: 18.951714480431207 != 19.2336 (n=11)
#75 Range_lower: 13.28 != 12.9968 (n=14)
#75 Range_upper: 18.445059392494127 != 18.2435 (n=14)
#76 Range_lower: 19.52622708751504 != 19.7635 (n=15)
#77 Range_lower: 10.507915201260019 != 10.3817 (n=16)
#80 Range_lower: 14.167037433671775 != 14.53 (n=17)
#82 Range_upper: 25.825309990533327 != 25.4057 (n=20)
#92 Range_lower: 19.58263426839946 != 18.7246 (n=17)
#93 Range_lower: 11.93 != 12.054 (n=13)
#93 Range_upper: 24.70525286598295 != 24.1082 (n=13)
#95 Range_lower: 19.35717707779381 != 19.1 (n=17)
#102 Range_lower: 13.72 != 13.5469 (n=15)
#105 Range_lower: 19.681196503874293 != 18.7441 (n=12)
#111 Range_lower: 15.042893126183683 != 17.0121 (n=13)
#114 Range_upper: 21.624540665831216 != 22.6208 (n=18)
#115 Range_lower: 20.56051398926962 != 20.8443 (n=16)
#118 Range_lower: 17.681649843707575 != 17.9058 (n=18)
#120 Range_lower: 14.0379404532811 != 14.2405 (n=18)
#120 Range_upper: 19.85 != 20.1637 (n=18)
#128 Range_lower: 13.568565628135048 != 13.12 (n=14)
#141 Range_lower: 16.42 != 16.6069 (n=20)
#143 Range_upper: 23.70764862710493 != 24.0275 (n=15)
#148 Range_lower: 12.945381497464874 != 13.2045 (n=16)
#148 Range_upper: 19.111483847726607 != 18.6525 (n=16)
#150 Range_upper: 22.100654713074903 != 22.6857 (n=19)
#153 Range_upper: 19.80375046061293 != 20.11 (n=14)
#156 Range_lower: 16.804523679443903 != 16.0257 (n=18)
#169 Range_upper: 22.41689971394689 != 23.54 (n=17)
#171 Range_lower: 12.437903028042621 != 11.979 (n=12)
#176 Range_lower: 19.40644471791201 != 19.71 (n=12)
#179 Range_lower: 14.199048751708029 != 13.91 (n=13)
#181 Range_upper: 27.770207684041413 != 28.5938 (n=14)
#182 Range_upper: 23.852188067511104 != 23.5889 (n=13)
#183 Range_upper: 23.723626450568307 != 22.9892 (n=13)
#184 Range_lower: 14.63331804899035 != 14.82 (n=12)
#187 Range_lower: 18.220651762164504 != 18.8007 (n=18)
#194 Range_lower: 15.665516330441829 != 15.9297 (n=13)
#206 Range_upper: 24.867449983983306 != 23.2069 (n=12)
#211 Range_upper: 25.49953452323868 != 25.7988 (n=14)
#214 Range_lower: 16.35061229447924 != 15.8481 (n=19)
#214 Range_upper: 26.6268240632764 != 26.3589 (n=19)
#221 Range_lower: 13.265578088902192 != 13.4284 (n=12)
#222 Range_lower: 17.75 != 18.1275 (n=19)
#222 Range_upper: 23.164337570263466 != 23.4055 (n=19)
#223 Range_lower: 14.611487923379286 != 13.6452 (n=13)
#226 Range_lower: 15.072643426652945 != 15.3473 (n=18)
#226 Range_upper: 23.47482245517426 != 22.9494 (n=18)
#227 Range_lower: 15.389903721084682 != 15.5473 (n=12)
#227 Range_upper: 26.41865401992651 != 25.7151 (n=12)
#230 Range_lower: 17.296007548463972 != 17.12 (n=13)
#239 Range_lower: 18.74 != 18.51 (n=19)
#240 Range_upper: 20.78880422496814 != 17.98 (n=19)
#247 Range_lower: 15.677324631658832 != 15.27 (n=18)
#248 Range_upper: 20.367312160348625 != 21.9924 (n=18)
#251 Range_upper: 27.034438063238138 != 27.39 (n=18)
#256 Range_lower: 12.58773912516634 != 12.0022 (n=16)
#260 Range_lower: 17.106839118465263 != 16.9203 (n=17)
#266 Range_lower: 18.16725590998686 != 17.7439 (n=17)
#268 Range_upper: 26.173233407899158 != 25.7608 (n=16)
#290 Range_lower: 18.719581022044522 != 18.2598 (n=16)
#302 Range_lower: 13.365159289368234 != 13.2181 (n=11)
#302 Range_upper: 28.219563664046078 != 27.9092 (n=11)
#303 Range_lower: 13.594239292521818 != 13.3157 (n=16)
#304 Range_upper: 26.393761249238818 != 26.0428 (n=11)
#306 Range_lower: 16.2 != 16.7739 (n=14)
#308 Range_lower: 10.26 != 10.3718 (n=14)
#310 Range_lower: 14.405865144037888 != 14.1793 (n=14)
#310 Range_upper: 19.008031163049534 != 19.8017 (n=14)
#311 Range_upper: 22.296625969892283 != 20.856 (n=16)
#315 Range_lower: 13.312720652921529 != 13.6324 (n=15)
#322 Range_lower: 16.712193754059477 != 16.3904 (n=20)
#325 Range_lower: 12.785885912372429 != 13.7475 (n=11)
#325 Range_upper: 24.442723389413775 != 23.6711 (n=11)
#327 Range_upper: 22.468308227633592 != 23.4249 (n=14)
#336 Range_lower: 14.96601714887191 != 15.1509 (n=20)
#342 Range_lower: 16.382786945299937 != 13.9258 (n=20)
#342 Range_upper: 22.976670257041853 != 23.4597 (n=20)
#349 Range_lower: 16.336121384528333 != 15.92 (n=19)
#361 Range_lower: 17.068711611717735 != 16.6067 (n=11)
#362 Range_lower: 18.45 != 17.9646 (n=17)
#366 Range_lower: 19.7 != 19.4047 (n=19)
#369 Range_lower: 12.883765967959508 != 12.6671 (n=14)
#377 Range_lower: 17.28270661057531 != 17.5906 (n=11)
#380 Range_lower: 16.56416600474475 != 16.94 (n=17)
#389 Range_upper: 22.250741275987956 != 21.9724 (n=14)
#393 Range_lower: 14.9 != 14.2815 (n=12)
#397 Range_lower: 11.498579059648973 != 11.8443 (n=11)
#407 W.Median: 20.25 != 19.8498 (n=18)
#408 Range_upper: 28.37 != 27.3932 (n=13)
#410 Range_lower: 14.463246995218743 != 13.1771 (n=20)
#416 Range_lower: 14.976785744805962 != 14.67 (n=16)
#416 Range_upper: 25.0 != 25.6319 (n=16)
#417 Range_lower: 16.25604970270706 != 16.88 (n=17)
#422 Range_upper: 24.99514367423098 != 25.33 (n=17)
#425 Range_lower: 15.96 != 16.1601 (n=19)
#425 Range_upper: 24.08717211312056 != 23.84 (n=19)
#427 Range_upper: 22.247315814372918 != 21.59 (n=17)
#434 Range_lower: 16.60370744533602 != 15.6799 (n=17)
#438 Range_lower: 15.73267189881051 != 14.7208 (n=11)
#441 Range_lower: 16.106240900264662 != 15.7736 (n=17)
#441 Range_upper: 24.360788048592493 != 24.1159 (n=17)
#447 Range_lower: 14.872791015243454 != 15.6469 (n=16)
#447 Range_upper: 23.70074330955289 != 24.07 (n=16)
#451 Range_lower: 13.207266888548574 != 13.8738 (n=13)
#452 Range_upper: 25.029995192521795 != 24.67 (n=16)
#454 Range_lower: 14.194750446502619 != 13.832 (n=13)
#456 Range_lower: 14.650591713212043 != 14.93 (n=14)
#456 Range_upper: 21.51234288376486 != 21.809 (n=14)
#461 Range_lower: 14.37890221632458 != 14.1605 (n=17)
#463 Range_upper: 28.62415574609846 != 28.2009 (n=11)
#465 Range_lower: 13.822348326769728 != 14.5024 (n=15)
#465 Range_upper: 20.6 != 21.4443 (n=15)
#466 Range_upper: 26.86894003190211 != 25.8541 (n=13)
#470 Range_upper: 21.52167959934133 != 22.4301 (n=13)
#471 Range_lower: 16.822184642619764 != 16.6081 (n=12)
#477 Range_upper: 20.253864931979273 != 19.4866 (n=11)
#480 Range_lower: 14.140187837641914 != 13.6256 (n=20)
#481 Range_lower: 13.988653015990117 != 14.6448 (n=17)
#483 Range_lower: 13.659058198060842 != 14.05 (n=17)
#488 Range_upper: 25.54107587626411 != 25.8884 (n=13)
#493 Range_lower: 12.9 != 12.742 (n=15)
#512 Range_upper: 20.5 != 21.1031 (n=12)
#515 Range_lower: 15.010754942355147 != 14.8487 (n=17)
#518 Range_upper: 26.411132661555314 != 26.68 (n=12)
#519 Range_lower: 17.06809424396581 != 15.7218 (n=12)
#530 Range_upper: 23.29 != 22.3142 (n=15)
#534 Range_upper: 22.25143395834474 != 21.8473 (n=20)
#538 Range_upper: 21.580660905499887 != 23.9439 (n=18)
#540 Range_upper: 22.398028700819392 != 22.0174 (n=14)
#546 Range_lower: 12.74 != 13.4163 (n=15)
#548 Range_upper: 27.508736184173177 != 27.8593 (n=17)
#551 Range_lower: 13.525992495292385 != 13.2122 (n=18)
#551 Range_upper: 20.544608161116837 != 21.3864 (n=18)
#552 Range_lower: 18.935475324626964 != 18.6765 (n=20)
#554 Range_upper: 23.467886952224674 != 23.7256 (n=18)
#555 Range_upper: 23.005700712730743 != 23.2496 (n=11)
#560 Range_lower: 14.78 != 15.3823 (n=13)
#565 Range_lower: 11.529595885527788 != 12.1232 (n=15)
#565 Range_upper: 23.68 != 24.2907 (n=15)
#573 Range_lower: 16.011860660764118 != 16.4525 (n=14)
#573 Range_upper: 23.84016475204401 != 24.1457 (n=14)
#577 Range_lower: 13.441863228926316 != 13.2831 (n=12)
#578 Range_upper: 22.508938483611054 != 25.92 (n=11)
#580 Range_upper: 23.30196252740405 != 23.74 (n=11)
#581 Range_lower: 12.91 != 13.0498 (n=18)
#582 Range_lower: 15.631586541863886 != 14.8503 (n=12)
#588 Range_lower: 14.990535314871572 != 15.2907 (n=18)
#594 Range_lower: 14.34662490437782 != 14.5303 (n=16)
#596 Range_upper: 23.526327914820573 != 23.84 (n=15)
#599 Range_lower: 16.74601065886962 != 16.5153 (n=16)
#599 Range_upper: 24.43 != 22.8272 (n=16)
#601 Range_upper: 26.450999593596073 != 26.1218 (n=17)
#602 Range_upper: 24.72548855362987 != 24.3372 (n=16)
#604 Range_lower: 14.758059572642862 != 15.0117 (n=12)
#605 Range_lower: 15.7 != 16.3785 (n=19)
#606 Range_lower: 13.14 != 13.3437 (n=11)
#606 Range_upper: 24.9458981622697 != 24.6057 (n=11)
#612 Range_lower: 17.615689142713233 != 17.8257 (n=14)
#616 Range_lower: 17.14487631128877 != 17.3573 (n=19)
#624 Range_upper: 26.355302791992145 != 26.0523 (n=13)
#630 Range_lower: 16.59 != 17.2121 (n=16)
#635 Range_upper: 24.02 != 23.6688 (n=19)
#637 Range_lower: 17.04 != 16.7217 (n=17)
#637 Range_upper: 27.00886872047501 != 26.4143 (n=17)
#639 Range_upper: 23.12 != 23.5451 (n=11)
#640 Range_upper: 24.437810309054303 != 24.7932 (n=16)
#645 Range_lower: 13.54096656454533 != 13.7427 (n=13)
#649 Range_lower: 13.965735537057846 != 13.5257 (n=18)
#654 Range_upper: 19.777690086883393 != 20.93 (n=15)
#658 Range_lower: 16.57 != 16.2985 (n=20)
#661 Range_upper: 22.797927972687383 != 23.1097 (n=15)
#663 Range_lower: 15.32519856217226 != 15.66 (n=14)
#664 Range_lower: 12.09506980610866 != 12.51 (n=11)
#667 Range_lower: 13.176709503667501 != 13.01 (n=17)
#669 Range_upper: 26.150235026296524 != 25.7733 (n=15)
#675 Range_lower: 11.735726849716665 != 11.4993 (n=11)
#675 Range_upper: 25.3747609615425 != 25.05 (n=11)
#677 Range_lower: 17.540626017707773 != 17.2402 (n=11)
#688 Range_upper: 27.26988835828023 != 26.755 (n=14)
#690 Range_lower: 15.525989766171856 != 15.16 (n=16)
#690 Range_upper: 24.840601050557332 != 24.4888 (n=16)
#691 Range_upper: 27.597693852360155 != 27.9997 (n=12)
#692 Range_lower: 12.51 != 12.3315 (n=18)
#692 Range_upper: 26.123061433462897 != 25.6953 (n=18)
#693 Range_lower: 19.42 != 19.6177 (n=17)
#700 Range_lower: 12.18061266097312 != 11.9538 (n=12)
#700 Range_upper: 27.300188370246318 != 27.9753 (n=12)
#710 Range_upper: 25.2623685505983 != 25.6663 (n=17)
#714 Range_upper: 27.72 != 27.2855 (n=19)
#719 Range_lower: 18.903478793084393 != 18.42 (n=18)
#726 Range_lower: 10.645723332657127 != 11.1824 (n=11)
#726 Range_upper: 23.455073050097575 != 24.0642 (n=11)
#729 Range_lower: 18.757645736366573 != 19.1393 (n=14)
#733 Range_lower: 13.878831610944717 != 14.0792 (n=12)
#736 Range_lower: 13.56793505172041 != 13.4043 (n=17)
#738 Range_upper: 24.14629159943229 != 24.8472 (n=13)
#740 Range_lower: 16.48230974139909 != 15.5744 (n=15)
#741 Range_lower: 15.185584420065268 != 15.7 (n=13)
#742 Range_upper: 26.41377575576719 != 26.7397 (n=12)
#746 Range_lower: 17.16051142037951 != 16.0791 (n=15)
#748 Range_lower: 18.83 != 18.2864 (n=17)
#752 Range_upper: 21.471131453660306 != 21.7431 (n=18)
#753 Range_lower: 13.397018018099876 != 13.6585 (n=17)
#753 Range_upper: 22.681960657985623 != 23.52 (n=17)
#754 Range_lower: 17.506875389615647 != 17.782 (n=18)
#754 Range_upper: 27.4808388340096 != 25.9896 (n=18)
#762 Range_lower: 14.203950256976892 != 14.3944 (n=19)
#767 Range_lower: 12.193670890950095 != 12.325 (n=16)
#773 Range_upper: 22.21947569863918 != 23.2052 (n=19)
#774 Range_lower: 19.58 != 19.8527 (n=15)
#775 Range_lower: 17.000886719512497 != 16.59 (n=15)
#776 Range_upper: 26.13309487342302 != 25.7912 (n=12)
#784 Range_lower: 16.99989089639899 != 17.1855 (n=15)
#790 Range_lower: 17.36 != 16.02 (n=16)
#790 Range_upper: 22.701385615508205 != 23.14 (n=16)
#806 Range_lower: 15.35873883712952 != 15.649 (n=11)
#806 Range_upper: 22.19910199419948 != 21.7809 (n=11)
#811 Range_lower: 15.16975136855083 != 14.16 (n=20)
#812 Range_lower: 12.308422038956543 != 12.7705 (n=19)
#813 Range_lower: 13.478086903602824 != 13.05 (n=19)
#820 Range_lower: 15.04200270656381 != 15.2851 (n=15)
#821 Range_lower: 15.803033307849184 != 15.5773 (n=20)
#822 Range_lower: 16.88516157133722 != 17.67 (n=18)
#829 Range_lower: 15.9 != 16.1681 (n=13)
#832 Range_upper: 24.93617788354158 != 25.6452 (n=19)
#834 Range_lower: 15.128886852867288 != 14.9723 (n=12)
#838 Range_upper: 26.600119866252374 != 26.88 (n=20)
#840 Range_upper: 22.53051848180698 != 22.8323 (n=15)
#841 Range_lower: 16.10823163667419 != 15.88 (n=16)
#841 Range_upper: 25.237549554687067 != 26.3138 (n=16)
#848 Range_lower: 11.538701392038586 != 11.3851 (n=12)
#850 Range_lower: 13.203547468001405 != 12.335 (n=17)
#851 Range_upper: 24.529972905304096 != 24.0465 (n=14)
#853 Range_lower: 15.35 != 16.0486 (n=19)
#856 Range_lower: 16.37562004036105 != 16.6151 (n=15)
#860 Range_upper: 18.835643875447822 != 19.55 (n=15)
#861 Range_lower: 16.05329785063573 != 16.4846 (n=15)
#865 Range_upper: 23.91730286333383 != 24.4054 (n=15)
#871 Range_lower: 13.683988517202367 != 13.397 (n=18)
#872 Range_upper: 20.551719752802814 != 20.3328 (n=15)
#873 Range_lower: 19.51 != 19.0079 (n=16)
#875 Range_lower: 13.329946329133248 != 13.0699 (n=20)
#875 Range_upper: 21.91 != 20.3023 (n=20)
#882 Range_lower: 15.827949783641788 != 16.6631 (n=17)
#883 Range_lower: 14.061650857592847 != 13.8629 (n=18)
#885 Range_upper: 23.270254493272336 != 23.9661 (n=15)
#888 Range_lower: 13.305666920488887 != 13.1145 (n=11)
#895 Range_lower: 11.66 != 12.9239 (n=13)
#900 Range_lower: 16.10377550120156 != 16.41 (n=20)
#901 Range_lower: 12.981661820479744 != 13.1934 (n=13)
#906 Range_lower: 16.117785805380397 != 16.3401 (n=17)
#914 Range_lower: 15.16 != 15.5021 (n=16)
#914 Range_upper: 26.565148292854325 != 27.117 (n=16)
#917 Range_lower: 17.17 != 18.2203 (n=20)
#922 Range_lower: 21.97 != 21.3755 (n=19)
#927 Range_lower: 15.243344745067503 != 14.7929 (n=18)
#928 Range_upper: 21.127953058938 != 22.0673 (n=17)
#934 Range_upper: 20.74 != 21.1601 (n=12)
#935 Range_lower: 13.573554308693991 != 14.0548 (n=14)
#941 Range_lower: 14.977109666129925 != 14.6765 (n=11)
#943 Range_lower: 15.88 != 15.3182 (n=19)
#943 Range_upper: 26.578275186523058 != 26.218 (n=19)
#947 Range_upper: 24.39 != 24.8549 (n=13)
#950 Range_lower: 13.19332310495876 != 12.7107 (n=18)
#953 Range_lower: 16.53 != 16.3385 (n=14)
#958 Range_lower: 13.029590988708016 != 13.2682 (n=12)
#960 Range_lower: 17.84607539092591 != 18.1408 (n=13)
#968 Range_lower: 13.674021501293195 != 14.3267 (n=16)
#972 Range_lower: 18.012457220214756 != 18.608 (n=16)
#974 Range_upper: 20.881790353145217 != 21.6194 (n=15)
#978 Range_upper: 18.03 != 19.2688 (n=12)
#979 Range_lower: 12.899927283880677 != 13.07 (n=20)
#981 Range_lower: 18.10698778791542 != 17.6456 (n=16)
#981 Range_upper: 24.424150010504942 != 24.97 (n=16)
#984 Range_lower: 15.092940999692969 != 14.37 (n=14)
#984 Range_upper: 27.638596111817677 != 26.1763 (n=14)
#993 Range_upper: 24.475925152186228 != 25.105 (n=16)
#995 Range_lower: 13.09 != 12.7809 (n=14)
#996 Range_upper: 24.325232123538857 != 24.897 (n=15)
#997 Range_lower: 17.588892440895595 != 16.95 (n=20)
FAILED
tests/test_hello.py::test_hello PASSED

=================================== FAILURES ===================================
________________ test_compare_many_random_datasets_with_summary ________________

    @pytest.mark.asyncio
    async def test_compare_many_random_datasets_with_summary():
        headers = {"Content-Type": "text/plain"}
        total = 1000
        failures = []
        for i in range(total):
            n = random.randint(1, 20)
            CSV_DATA = make_csv(n)
            async with httpx.AsyncClient() as client:
                local_resp = await client.post(LOCAL_API_URL, content=CSV_DATA, headers=headers)
                assert local_resp.status_code == 200
                local_json = local_resp.json()
    
                biovar_resp = await client.post(BIOVAR_API_URL, content=CSV_DATA, headers=headers)
                assert biovar_resp.status_code == 200
                biovar_json = biovar_resp.json()
    
            for key in ["W.Median", "Range_lower", "Range_upper"]:
                local_val = extract_scalar(local_json.get(key))
                biovar_val = extract_scalar(biovar_json.get(key))
                if local_val is None or biovar_val is None:
                    if local_val != biovar_val:
                        failures.append(f"#{i} {key}: {local_val} != {biovar_val} (n={n})")
                else:
                    if not math.isclose(local_val, biovar_val, rel_tol=1e-2, abs_tol=0.02):
                        failures.append(f"#{i} {key}: {local_val} != {biovar_val} (n={n})")
    
            local_n = extract_scalar(local_json.get("N"))
            biovar_n = extract_scalar(biovar_json.get("N"))
            if local_n != biovar_n:
                failures.append(f"#{i} N: {local_n} != {biovar_n} (n={n})")
    
        print(f"\nRandomized test summary: {total - len(failures)} passed, {len(failures)} failed.")
        if failures:
            print("Failures:")
            for fail in failures:
                print(fail)
>       assert not failures, f"{len(failures)} failures out of {total} tests."
E       AssertionError: 297 failures out of 1000 tests.
E       assert not ['#7 Range_upper: 20.057487557599718 != 20.6744 (n=17)', '#9 Range_lower: 16.73348243921331 != 17.3628 (n=11)', '#9 Range_upper: 24.253653071065333 != 25.15 (n=11)', '#10 Range_lower: 14.190442852107306 != 13.4542 (n=16)', '#17 Range_upper: 28.551112754848276 != 27.7799 (n=14)', '#18 Range_upper: 20.79350238713602 != 21.1568 (n=17)', ...]

tests/test_biological_variation.py:59: AssertionError
------------------------------ Captured log call -------------------------------
INFO     httpx:_client.py:1740 HTTP Request: POST http://localhost:8081/metacalculation "HTTP/1.1 200 OK"
INFO     httpx:_client.py:1740 HTTP Request: POST https://r.biologicalvariation.eu/metacalculation "HTTP/1.1 200 OK"
INFO     httpx:_client.py:1740 HTTP Request: POST http://localhost:8081/metacalculation "HTTP/1.1 200 OK"
INFO     httpx:_client.py:1740 HTTP Request: POST https://r.biologicalvariation.eu/metacalculation "HTTP/1.1 200 OK"
INFO     httpx:_client.py:1740 HTTP Request: POST http://localhost:8081/metacalculation "HTTP/1.1 200 OK"
INFO     httpx:_client.py:1740 HTTP Request: POST https://r.biologicalvariation.eu/metacalculation "HTTP/1.1 200 OK"
INFO     httpx:_client.py:1740 HTTP Request: POST http://localhost:8081/metacalculation "HTTP/1.1 200 OK"
INFO     httpx:_client.py:1740 HTTP Request: POST https://r.biologicalvariation.eu/metacalculation "HTTP/1.1 200 OK"
INFO     httpx:_client.py:1740 HTTP Request: POST http://localhost:8081/metacalculation "HTTP/1.1 200 OK"
INFO     httpx:_client.py:1740 HTTP Request: POST https://r.biologicalvariation.eu/metacalculation "HTTP/1.1 200 OK"
INFO     httpx:_client.py:1740 HTTP Request: POST http://localhost:8081/metacalculation "HTTP/1.1 200 OK"
INFO     httpx:_client.py:1740 HTTP Request: POST https://r.biologicalvariation.eu/metacalculation "HTTP/1.1 200 OK"
INFO     httpx:_client.py:1740 HTTP Request: POST http://localhost:8081/metacalculation "HTTP/1.1 200 OK"
INFO     httpx:_client.py:1740 HTTP Request: POST https://r.biologicalvariation.eu/metacalculation "HTTP/1.1 200 OK"
INFO     httpx:_client.py:1740 HTTP Request: POST http://localhost:8081/metacalculation "HTTP/1.1 200 OK"
INFO     httpx:_client.py:1740 HTTP Request: POST https://r.biologicalvariation.eu/metacalculation "HTTP/1.1 200 OK"
INFO     httpx:_client.py:1740 HTTP Request: POST http://localhost:8081/metacalculation "HTTP/1.1 200 OK"
INFO     httpx:_client.py:1740 HTTP Request: POST https://r.biologicalvariation.eu/metacalculation "HTTP/1.1 200 OK"
INFO     httpx:_client.py:1740 HTTP Request: POST http://localhost:8081/metacalculation "HTTP/1.1 200 OK"
INFO     httpx:_client.py:1740 HTTP Request: POST https://r.biologicalvariation.eu/metacalculation "HTTP/1.1 200 OK"
INFO     httpx:_client.py:1740 HTTP Request: POST http://localhost:8081/metacalculation "HTTP/1.1 200 OK"
INFO     httpx:_client.py:1740 HTTP Request: POST https://r.biologicalvariation.eu/metacalculation "HTTP/1.1 200 OK"
INFO     httpx:_client.py:1740 HTTP Request: POST http://localhost:8081/metacalculation "HTTP/1.1 200 OK"
INFO     httpx:_client.py:1740 HTTP Request: POST https://r.biologicalvariation.eu/metacalculation "HTTP/1.1 200 OK"
INFO     httpx:_client.py:1740 HTTP Request: POST http://localhost:8081/metacalculation "HTTP/1.1 200 OK"
INFO     httpx:_client.py:1740 HTTP Request: POST https://r.biologicalvariation.eu/metacalculation "HTTP/1.1 200 OK"
INFO     httpx:_client.py:1740 HTTP Request: POST http://localhost:8081/metacalculation "HTTP/1.1 200 OK"
INFO     httpx:_client.py:1740 HTTP Request: POST https://r.biologicalvariation.eu/metacalculation "HTTP/1.1 200 OK"
INFO     httpx:_client.py:1740 HTTP Request: POST http://localhost:8081/metacalculation "HTTP/1.1 200 OK"
INFO     httpx:_client.py:1740 HTTP Request: POST https://r.biologicalvariation.eu/metacalculation "HTTP/1.1 200 OK"
INFO     httpx:_client.py:1740 HTTP Request: POST http://localhost:8081/metacalculation "HTTP/1.1 200 OK"
INFO     httpx:_client.py:1740 HTTP Request: POST https://r.biologicalvariation.eu/metacalculation "HTTP/1.1 200 OK"
INFO     httpx:_client.py:1740 HTTP Request: POST http://localhost:8081/metacalculation "HTTP/1.1 200 OK"
INFO     httpx:_client.py:1740 HTTP Request: POST https://r.biologicalvariation.eu/metacalculation "HTTP/1.1 200 OK"
INFO     httpx:_client.py:1740 HTTP Request: POST http://localhost:8081/metacalculation "HTTP/1.1 200 OK"
INFO     httpx:_client.py:1740 HTTP Request: POST https://r.biologicalvariation.eu/metacalculation "HTTP/1.1 200 OK"
INFO     httpx:_client.py:1740 HTTP Request: POST http://localhost:8081/metacalculation "HTTP/1.1 200 OK"
INFO     httpx:_client.py:1740 HTTP Request: POST https://r.biologicalvariation.eu/metacalculation "HTTP/1.1 200 OK"
INFO     httpx:_client.py:1740 HTTP Request: POST http://localhost:8081/metacalculation "HTTP/1.1 200 OK"
INFO     httpx:_client.py:1740 HTTP Request: POST https://r.biologicalvariation.eu/metacalculation "HTTP/1.1 200 OK"
INFO     httpx:_client.py:1740 HTTP Request: POST http://localhost:8081/metacalculation "HTTP/1.1 200 OK"
INFO     httpx:_client.py:1740 HTTP Request: POST https://r.biologicalvariation.eu/metacalculation "HTTP/1.1 200 OK"
INFO     httpx:_client.py:1740 HTTP Request: POST http://localhost:8081/metacalculation "HTTP/1.1 200 OK"
INFO     httpx:_client.py:1740 HTTP Request: POST https://r.biologicalvariation.eu/metacalculation "HTTP/1.1 200 OK"
INFO     httpx:_client.py:1740 HTTP Request: POST http://localhost:8081/metacalculation "HTTP/1.1 200 OK"
INFO     httpx:_client.py:1740 HTTP Request: POST https://r.biologicalvariation.eu/metacalculation "HTTP/1.1 200 OK"
INFO     httpx:_client.py:1740 HTTP Request: POST http://localhost:8081/metacalculation "HTTP/1.1 200 OK"
INFO     httpx:_client.py:1740 HTTP Request: POST https://r.biologicalvariation.eu/metacalculation "HTTP/1.1 200 OK"
INFO     httpx:_client.py:1740 HTTP Request: POST http://localhost:8081/metacalculation "HTTP/1.1 200 OK"
INFO     httpx:_client.py:1740 HTTP Request: POST https://r.biologicalvariation.eu/metacalculation "HTTP/1.1 200 OK"
INFO     httpx:_client.py:1740 HTTP Request: POST http://localhost:8081/metacalculation "HTTP/1.1 200 OK"
INFO     httpx:_client.py:1740 HTTP Request: POST https://r.biologicalvariation.eu/metacalculation "HTTP/1.1 200 OK"
INFO     httpx:_client.py:1740 HTTP Request: POST http://localhost:8081/metacalculation "HTTP/1.1 200 OK"
INFO     httpx:_client.py:1740 HTTP Request: POST https://r.biologicalvariation.eu/metacalculation "HTTP/1.1 200 OK"
INFO     httpx:_client.py:1740 HTTP Request: POST http://localhost:8081/metacalculation "HTTP/1.1 200 OK"
INFO     httpx:_client.py:1740 HTTP Request: POST https://r.biologicalvariation.eu/metacalculation "HTTP/1.1 200 OK"
INFO     httpx:_client.py:1740 HTTP Request: POST http://localhost:8081/metacalculation "HTTP/1.1 200 OK"
INFO     httpx:_client.py:1740 HTTP Request: POST https://r.biologicalvariation.eu/metacalculation "HTTP/1.1 200 OK"
INFO     httpx:_client.py:1740 HTTP Request: POST http://localhost:8081/metacalculation "HTTP/1.1 200 OK"
INFO     httpx:_client.py:1740 HTTP Request: POST https://r.biologicalvariation.eu/metacalculation "HTTP/1.1 200 OK"
INFO     httpx:_client.py:1740 HTTP Request: POST http://localhost:8081/metacalculation "HTTP/1.1 200 OK"
INFO     httpx:_client.py:1740 HTTP Request: POST https://r.biologicalvariation.eu/metacalculation "HTTP/1.1 200 OK"
INFO     httpx:_client.py:1740 HTTP Request: POST http://localhost:8081/metacalculation "HTTP/1.1 200 OK"
INFO     httpx:_client.py:1740 HTTP Request: POST https://r.biologicalvariation.eu/metacalculation "HTTP/1.1 200 OK"
INFO     httpx:_client.py:1740 HTTP Request: POST http://localhost:8081/metacalculation "HTTP/1.1 200 OK"
INFO     httpx:_client.py:1740 HTTP Request: POST https://r.biologicalvariation.eu/metacalculation "HTTP/1.1 200 OK"
INFO     httpx:_client.py:1740 HTTP Request: POST http://localhost:8081/metacalculation "HTTP/1.1 200 OK"
INFO     httpx:_client.py:1740 HTTP Request: POST https://r.biologicalvariation.eu/metacalculation "HTTP/1.1 200 OK"
INFO     httpx:_client.py:1740 HTTP Request: POST http://localhost:8081/metacalculation "HTTP/1.1 200 OK"
INFO     httpx:_client.py:1740 HTTP Request: POST https://r.biologicalvariation.eu/metacalculation "HTTP/1.1 200 OK"
INFO     httpx:_client.py:1740 HTTP Request: POST http://localhost:8081/metacalculation "HTTP/1.1 200 OK"
INFO     httpx:_client.py:1740 HTTP Request: POST https://r.biologicalvariation.eu/metacalculation "HTTP/1.1 200 OK"
INFO     httpx:_client.py:1740 HTTP Request: POST http://localhost:8081/metacalculation "HTTP/1.1 200 OK"
INFO     httpx:_client.py:1740 HTTP Request: POST https://r.biologicalvariation.eu/metacalculation "HTTP/1.1 200 OK"
INFO     httpx:_client.py:1740 HTTP Request: POST http://localhost:8081/metacalculation "HTTP/1.1 200 OK"
INFO     httpx:_client.py:1740 HTTP Request: POST https://r.biologicalvariation.eu/metacalculation "HTTP/1.1 200 OK"
INFO     httpx:_client.py:1740 HTTP Request: POST http://localhost:8081/metacalculation "HTTP/1.1 200 OK"
INFO     httpx:_client.py:1740 HTTP Request: POST https://r.biologicalvariation.eu/metacalculation "HTTP/1.1 200 OK"
INFO     httpx:_client.py:1740 HTTP Request: POST http://localhost:8081/metacalculation "HTTP/1.1 200 OK"
INFO     httpx:_client.py:1740 HTTP Request: POST https://r.biologicalvariation.eu/metacalculation "HTTP/1.1 200 OK"
INFO     httpx:_client.py:1740 HTTP Request: POST http://localhost:8081/metacalculation "HTTP/1.1 200 OK"
INFO     httpx:_client.py:1740 HTTP Request: POST https://r.biologicalvariation.eu/metacalculation "HTTP/1.1 200 OK"
INFO     httpx:_client.py:1740 HTTP Request: POST http://localhost:8081/metacalculation "HTTP/1.1 200 OK"
INFO     httpx:_client.py:1740 HTTP Request: POST https://r.biologicalvariation.eu/metacalculation "HTTP/1.1 200 OK"
INFO     httpx:_client.py:1740 HTTP Request: POST http://localhost:8081/metacalculation "HTTP/1.1 200 OK"
INFO     httpx:_client.py:1740 HTTP Request: POST https://r.biologicalvariation.eu/metacalculation "HTTP/1.1 200 OK"
INFO     httpx:_client.py:1740 HTTP Request: POST http://localhost:8081/metacalculation "HTTP/1.1 200 OK"
INFO     httpx:_client.py:1740 HTTP Request: POST https://r.biologicalvariation.eu/metacalculation "HTTP/1.1 200 OK"
INFO     httpx:_client.py:1740 HTTP Request: POST http://localhost:8081/metacalculation "HTTP/1.1 200 OK"
INFO     httpx:_client.py:1740 HTTP Request: POST https://r.biologicalvariation.eu/metacalculation "HTTP/1.1 200 OK"
INFO     httpx:_client.py:1740 HTTP Request: POST http://localhost:8081/metacalculation "HTTP/1.1 200 OK"
INFO     httpx:_client.py:1740 HTTP Request: POST https://r.biologicalvariation.eu/metacalculation "HTTP/1.1 200 OK"
INFO     httpx:_client.py:1740 HTTP Request: POST http://localhost:8081/metacalculation "HTTP/1.1 200 OK"
INFO     httpx:_client.py:1740 HTTP Request: POST https://r.biologicalvariation.eu/metacalculation "HTTP/1.1 200 OK"
INFO     httpx:_client.py:1740 HTTP Request: POST http://localhost:8081/metacalculation "HTTP/1.1 200 OK"
INFO     httpx:_client.py:1740 HTTP Request: POST https://r.biologicalvariation.eu/metacalculation "HTTP/1.1 200 OK"
INFO     httpx:_client.py:1740 HTTP Request: POST http://localhost:8081/metacalculation "HTTP/1.1 200 OK"
INFO     httpx:_client.py:1740 HTTP Request: POST https://r.biologicalvariation.eu/metacalculation "HTTP/1.1 200 OK"
INFO     httpx:_client.py:1740 HTTP Request: POST http://localhost:8081/metacalculation "HTTP/1.1 200 OK"
INFO     httpx:_client.py:1740 HTTP Request: POST https://r.biologicalvariation.eu/metacalculation "HTTP/1.1 200 OK"
INFO     httpx:_client.py:1740 HTTP Request: POST http://localhost:8081/metacalculation "HTTP/1.1 200 OK"
INFO     httpx:_client.py:1740 HTTP Request: POST https://r.biologicalvariation.eu/metacalculation "HTTP/1.1 200 OK"
INFO     httpx:_client.py:1740 HTTP Request: POST http://localhost:8081/metacalculation "HTTP/1.1 200 OK"
INFO     httpx:_client.py:1740 HTTP Request: POST https://r.biologicalvariation.eu/metacalculation "HTTP/1.1 200 OK"
INFO     httpx:_client.py:1740 HTTP Request: POST http://localhost:8081/metacalculation "HTTP/1.1 200 OK"
INFO     httpx:_client.py:1740 HTTP Request: POST https://r.biologicalvariation.eu/metacalculation "HTTP/1.1 200 OK"
INFO     httpx:_client.py:1740 HTTP Request: POST http://localhost:8081/metacalculation "HTTP/1.1 200 OK"
INFO     httpx:_client.py:1740 HTTP Request: POST https://r.biologicalvariation.eu/metacalculation "HTTP/1.1 200 OK"
INFO     httpx:_client.py:1740 HTTP Request: POST http://localhost:8081/metacalculation "HTTP/1.1 200 OK"
INFO     httpx:_client.py:1740 HTTP Request: POST https://r.biologicalvariation.eu/metacalculation "HTTP/1.1 200 OK"
INFO     httpx:_client.py:1740 HTTP Request: POST http://localhost:8081/metacalculation "HTTP/1.1 200 OK"
INFO     httpx:_client.py:1740 HTTP Request: POST https://r.biologicalvariation.eu/metacalculation "HTTP/1.1 200 OK"
INFO     httpx:_client.py:1740 HTTP Request: POST http://localhost:8081/metacalculation "HTTP/1.1 200 OK"
INFO     httpx:_client.py:1740 HTTP Request: POST https://r.biologicalvariation.eu/metacalculation "HTTP/1.1 200 OK"
INFO     httpx:_client.py:1740 HTTP Request: POST http://localhost:8081/metacalculation "HTTP/1.1 200 OK"
INFO     httpx:_client.py:1740 HTTP Request: POST https://r.biologicalvariation.eu/metacalculation "HTTP/1.1 200 OK"
INFO     httpx:_client.py:1740 HTTP Request: POST http://localhost:8081/metacalculation "HTTP/1.1 200 OK"
INFO     httpx:_client.py:1740 HTTP Request: POST https://r.biologicalvariation.eu/metacalculation "HTTP/1.1 200 OK"
INFO     httpx:_client.py:1740 HTTP Request: POST http://localhost:8081/metacalculation "HTTP/1.1 200 OK"
INFO     httpx:_client.py:1740 HTTP Request: POST https://r.biologicalvariation.eu/metacalculation "HTTP/1.1 200 OK"
INFO     httpx:_client.py:1740 HTTP Request: POST http://localhost:8081/metacalculation "HTTP/1.1 200 OK"
INFO     httpx:_client.py:1740 HTTP Request: POST https://r.biologicalvariation.eu/metacalculation "HTTP/1.1 200 OK"
INFO     httpx:_client.py:1740 HTTP Request: POST http://localhost:8081/metacalculation "HTTP/1.1 200 OK"
INFO     httpx:_client.py:1740 HTTP Request: POST https://r.biologicalvariation.eu/metacalculation "HTTP/1.1 200 OK"
INFO     httpx:_client.py:1740 HTTP Request: POST http://localhost:8081/metacalculation "HTTP/1.1 200 OK"
INFO     httpx:_client.py:1740 HTTP Request: POST https://r.biologicalvariation.eu/metacalculation "HTTP/1.1 200 OK"
INFO     httpx:_client.py:1740 HTTP Request: POST http://localhost:8081/metacalculation "HTTP/1.1 200 OK"
INFO     httpx:_client.py:1740 HTTP Request: POST https://r.biologicalvariation.eu/metacalculation "HTTP/1.1 200 OK"
INFO     httpx:_client.py:1740 HTTP Request: POST http://localhost:8081/metacalculation "HTTP/1.1 200 OK"
INFO     httpx:_client.py:1740 HTTP Request: POST https://r.biologicalvariation.eu/metacalculation "HTTP/1.1 200 OK"
INFO     httpx:_client.py:1740 HTTP Request: POST http://localhost:8081/metacalculation "HTTP/1.1 200 OK"
INFO     httpx:_client.py:1740 HTTP Request: POST https://r.biologicalvariation.eu/metacalculation "HTTP/1.1 200 OK"
INFO     httpx:_client.py:1740 HTTP Request: POST http://localhost:8081/metacalculation "HTTP/1.1 200 OK"
INFO     httpx:_client.py:1740 HTTP Request: POST https://r.biologicalvariation.eu/metacalculation "HTTP/1.1 200 OK"
INFO     httpx:_client.py:1740 HTTP Request: POST http://localhost:8081/metacalculation "HTTP/1.1 200 OK"
INFO     httpx:_client.py:1740 HTTP Request: POST https://r.biologicalvariation.eu/metacalculation "HTTP/1.1 200 OK"
INFO     httpx:_client.py:1740 HTTP Request: POST http://localhost:8081/metacalculation "HTTP/1.1 200 OK"
INFO     httpx:_client.py:1740 HTTP Request: POST https://r.biologicalvariation.eu/metacalculation "HTTP/1.1 200 OK"
INFO     httpx:_client.py:1740 HTTP Request: POST http://localhost:8081/metacalculation "HTTP/1.1 200 OK"
INFO     httpx:_client.py:1740 HTTP Request: POST https://r.biologicalvariation.eu/metacalculation "HTTP/1.1 200 OK"
INFO     httpx:_client.py:1740 HTTP Request: POST http://localhost:8081/metacalculation "HTTP/1.1 200 OK"
INFO     httpx:_client.py:1740 HTTP Request: POST https://r.biologicalvariation.eu/metacalculation "HTTP/1.1 200 OK"
INFO     httpx:_client.py:1740 HTTP Request: POST http://localhost:8081/metacalculation "HTTP/1.1 200 OK"
INFO     httpx:_client.py:1740 HTTP Request: POST https://r.biologicalvariation.eu/metacalculation "HTTP/1.1 200 OK"
INFO     httpx:_client.py:1740 HTTP Request: POST http://localhost:8081/metacalculation "HTTP/1.1 200 OK"
INFO     httpx:_client.py:1740 HTTP Request: POST https://r.biologicalvariation.eu/metacalculation "HTTP/1.1 200 OK"
INFO     httpx:_client.py:1740 HTTP Request: POST http://localhost:8081/metacalculation "HTTP/1.1 200 OK"
INFO     httpx:_client.py:1740 HTTP Request: POST https://r.biologicalvariation.eu/metacalculation "HTTP/1.1 200 OK"
INFO     httpx:_client.py:1740 HTTP Request: POST http://localhost:8081/metacalculation "HTTP/1.1 200 OK"
INFO     httpx:_client.py:1740 HTTP Request: POST https://r.biologicalvariation.eu/metacalculation "HTTP/1.1 200 OK"
INFO     httpx:_client.py:1740 HTTP Request: POST http://localhost:8081/metacalculation "HTTP/1.1 200 OK"
INFO     httpx:_client.py:1740 HTTP Request: POST https://r.biologicalvariation.eu/metacalculation "HTTP/1.1 200 OK"
INFO     httpx:_client.py:1740 HTTP Request: POST http://localhost:8081/metacalculation "HTTP/1.1 200 OK"
INFO     httpx:_client.py:1740 HTTP Request: POST https://r.biologicalvariation.eu/metacalculation "HTTP/1.1 200 OK"
INFO     httpx:_client.py:1740 HTTP Request: POST http://localhost:8081/metacalculation "HTTP/1.1 200 OK"
INFO     httpx:_client.py:1740 HTTP Request: POST https://r.biologicalvariation.eu/metacalculation "HTTP/1.1 200 OK"
INFO     httpx:_client.py:1740 HTTP Request: POST http://localhost:8081/metacalculation "HTTP/1.1 200 OK"
INFO     httpx:_client.py:1740 HTTP Request: POST https://r.biologicalvariation.eu/metacalculation "HTTP/1.1 200 OK"
INFO     httpx:_client.py:1740 HTTP Request: POST http://localhost:8081/metacalculation "HTTP/1.1 200 OK"
INFO     httpx:_client.py:1740 HTTP Request: POST https://r.biologicalvariation.eu/metacalculation "HTTP/1.1 200 OK"
INFO     httpx:_client.py:1740 HTTP Request: POST http://localhost:8081/metacalculation "HTTP/1.1 200 OK"
INFO     httpx:_client.py:1740 HTTP Request: POST https://r.biologicalvariation.eu/metacalculation "HTTP/1.1 200 OK"
INFO     httpx:_client.py:1740 HTTP Request: POST http://localhost:8081/metacalculation "HTTP/1.1 200 OK"
INFO     httpx:_client.py:1740 HTTP Request: POST https://r.biologicalvariation.eu/metacalculation "HTTP/1.1 200 OK"
INFO     httpx:_client.py:1740 HTTP Request: POST http://localhost:8081/metacalculation "HTTP/1.1 200 OK"
INFO     httpx:_client.py:1740 HTTP Request: POST https://r.biologicalvariation.eu/metacalculation "HTTP/1.1 200 OK"
INFO     httpx:_client.py:1740 HTTP Request: POST http://localhost:8081/metacalculation "HTTP/1.1 200 OK"
INFO     httpx:_client.py:1740 HTTP Request: POST https://r.biologicalvariation.eu/metacalculation "HTTP/1.1 200 OK"
INFO     httpx:_client.py:1740 HTTP Request: POST http://localhost:8081/metacalculation "HTTP/1.1 200 OK"
INFO     httpx:_client.py:1740 HTTP Request: POST https://r.biologicalvariation.eu/metacalculation "HTTP/1.1 200 OK"
INFO     httpx:_client.py:1740 HTTP Request: POST http://localhost:8081/metacalculation "HTTP/1.1 200 OK"
INFO     httpx:_client.py:1740 HTTP Request: POST https://r.biologicalvariation.eu/metacalculation "HTTP/1.1 200 OK"
INFO     httpx:_client.py:1740 HTTP Request: POST http://localhost:8081/metacalculation "HTTP/1.1 200 OK"
INFO     httpx:_client.py:1740 HTTP Request: POST https://r.biologicalvariation.eu/metacalculation "HTTP/1.1 200 OK"
INFO     httpx:_client.py:1740 HTTP Request: POST http://localhost:8081/metacalculation "HTTP/1.1 200 OK"
INFO     httpx:_client.py:1740 HTTP Request: POST https://r.biologicalvariation.eu/metacalculation "HTTP/1.1 200 OK"
INFO     httpx:_client.py:1740 HTTP Request: POST http://localhost:8081/metacalculation "HTTP/1.1 200 OK"
INFO     httpx:_client.py:1740 HTTP Request: POST https://r.biologicalvariation.eu/metacalculation "HTTP/1.1 200 OK"
INFO     httpx:_client.py:1740 HTTP Request: POST http://localhost:8081/metacalculation "HTTP/1.1 200 OK"
INFO     httpx:_client.py:1740 HTTP Request: POST https://r.biologicalvariation.eu/metacalculation "HTTP/1.1 200 OK"
INFO     httpx:_client.py:1740 HTTP Request: POST http://localhost:8081/metacalculation "HTTP/1.1 200 OK"
INFO     httpx:_client.py:1740 HTTP Request: POST https://r.biologicalvariation.eu/metacalculation "HTTP/1.1 200 OK"
INFO     httpx:_client.py:1740 HTTP Request: POST http://localhost:8081/metacalculation "HTTP/1.1 200 OK"
INFO     httpx:_client.py:1740 HTTP Request: POST https://r.biologicalvariation.eu/metacalculation "HTTP/1.1 200 OK"
INFO     httpx:_client.py:1740 HTTP Request: POST http://localhost:8081/metacalculation "HTTP/1.1 200 OK"
INFO     httpx:_client.py:1740 HTTP Request: POST https://r.biologicalvariation.eu/metacalculation "HTTP/1.1 200 OK"
INFO     httpx:_client.py:1740 HTTP Request: POST http://localhost:8081/metacalculation "HTTP/1.1 200 OK"
INFO     httpx:_client.py:1740 HTTP Request: POST https://r.biologicalvariation.eu/metacalculation "HTTP/1.1 200 OK"
INFO     httpx:_client.py:1740 HTTP Request: POST http://localhost:8081/metacalculation "HTTP/1.1 200 OK"
INFO     httpx:_client.py:1740 HTTP Request: POST https://r.biologicalvariation.eu/metacalculation "HTTP/1.1 200 OK"
INFO     httpx:_client.py:1740 HTTP Request: POST http://localhost:8081/metacalculation "HTTP/1.1 200 OK"
INFO     httpx:_client.py:1740 HTTP Request: POST https://r.biologicalvariation.eu/metacalculation "HTTP/1.1 200 OK"
INFO     httpx:_client.py:1740 HTTP Request: POST http://localhost:8081/metacalculation "HTTP/1.1 200 OK"
INFO     httpx:_client.py:1740 HTTP Request: POST https://r.biologicalvariation.eu/metacalculation "HTTP/1.1 200 OK"
INFO     httpx:_client.py:1740 HTTP Request: POST http://localhost:8081/metacalculation "HTTP/1.1 200 OK"
INFO     httpx:_client.py:1740 HTTP Request: POST https://r.biologicalvariation.eu/metacalculation "HTTP/1.1 200 OK"
INFO     httpx:_client.py:1740 HTTP Request: POST http://localhost:8081/metacalculation "HTTP/1.1 200 OK"
INFO     httpx:_client.py:1740 HTTP Request: POST https://r.biologicalvariation.eu/metacalculation "HTTP/1.1 200 OK"
INFO     httpx:_client.py:1740 HTTP Request: POST http://localhost:8081/metacalculation "HTTP/1.1 200 OK"
INFO     httpx:_client.py:1740 HTTP Request: POST https://r.biologicalvariation.eu/metacalculation "HTTP/1.1 200 OK"
INFO     httpx:_client.py:1740 HTTP Request: POST http://localhost:8081/metacalculation "HTTP/1.1 200 OK"
INFO     httpx:_client.py:1740 HTTP Request: POST https://r.biologicalvariation.eu/metacalculation "HTTP/1.1 200 OK"
INFO     httpx:_client.py:1740 HTTP Request: POST http://localhost:8081/metacalculation "HTTP/1.1 200 OK"
INFO     httpx:_client.py:1740 HTTP Request: POST https://r.biologicalvariation.eu/metacalculation "HTTP/1.1 200 OK"
INFO     httpx:_client.py:1740 HTTP Request: POST http://localhost:8081/metacalculation "HTTP/1.1 200 OK"
INFO     httpx:_client.py:1740 HTTP Request: POST https://r.biologicalvariation.eu/metacalculation "HTTP/1.1 200 OK"
INFO     httpx:_client.py:1740 HTTP Request: POST http://localhost:8081/metacalculation "HTTP/1.1 200 OK"
INFO     httpx:_client.py:1740 HTTP Request: POST https://r.biologicalvariation.eu/metacalculation "HTTP/1.1 200 OK"
INFO     httpx:_client.py:1740 HTTP Request: POST http://localhost:8081/metacalculation "HTTP/1.1 200 OK"
INFO     httpx:_client.py:1740 HTTP Request: POST https://r.biologicalvariation.eu/metacalculation "HTTP/1.1 200 OK"
INFO     httpx:_client.py:1740 HTTP Request: POST http://localhost:8081/metacalculation "HTTP/1.1 200 OK"
INFO     httpx:_client.py:1740 HTTP Request: POST https://r.biologicalvariation.eu/metacalculation "HTTP/1.1 200 OK"
INFO     httpx:_client.py:1740 HTTP Request: POST http://localhost:8081/metacalculation "HTTP/1.1 200 OK"
INFO     httpx:_client.py:1740 HTTP Request: POST https://r.biologicalvariation.eu/metacalculation "HTTP/1.1 200 OK"
INFO     httpx:_client.py:1740 HTTP Request: POST http://localhost:8081/metacalculation "HTTP/1.1 200 OK"
INFO     httpx:_client.py:1740 HTTP Request: POST https://r.biologicalvariation.eu/metacalculation "HTTP/1.1 200 OK"
INFO     httpx:_client.py:1740 HTTP Request: POST http://localhost:8081/metacalculation "HTTP/1.1 200 OK"
INFO     httpx:_client.py:1740 HTTP Request: POST https://r.biologicalvariation.eu/metacalculation "HTTP/1.1 200 OK"
INFO     httpx:_client.py:1740 HTTP Request: POST http://localhost:8081/metacalculation "HTTP/1.1 200 OK"
INFO     httpx:_client.py:1740 HTTP Request: POST https://r.biologicalvariation.eu/metacalculation "HTTP/1.1 200 OK"
INFO     httpx:_client.py:1740 HTTP Request: POST http://localhost:8081/metacalculation "HTTP/1.1 200 OK"
INFO     httpx:_client.py:1740 HTTP Request: POST https://r.biologicalvariation.eu/metacalculation "HTTP/1.1 200 OK"
INFO     httpx:_client.py:1740 HTTP Request: POST http://localhost:8081/metacalculation "HTTP/1.1 200 OK"
INFO     httpx:_client.py:1740 HTTP Request: POST https://r.biologicalvariation.eu/metacalculation "HTTP/1.1 200 OK"
INFO     httpx:_client.py:1740 HTTP Request: POST http://localhost:8081/metacalculation "HTTP/1.1 200 OK"
INFO     httpx:_client.py:1740 HTTP Request: POST https://r.biologicalvariation.eu/metacalculation "HTTP/1.1 200 OK"
INFO     httpx:_client.py:1740 HTTP Request: POST http://localhost:8081/metacalculation "HTTP/1.1 200 OK"
INFO     httpx:_client.py:1740 HTTP Request: POST https://r.biologicalvariation.eu/metacalculation "HTTP/1.1 200 OK"
INFO     httpx:_client.py:1740 HTTP Request: POST http://localhost:8081/metacalculation "HTTP/1.1 200 OK"
INFO     httpx:_client.py:1740 HTTP Request: POST https://r.biologicalvariation.eu/metacalculation "HTTP/1.1 200 OK"
INFO     httpx:_client.py:1740 HTTP Request: POST http://localhost:8081/metacalculation "HTTP/1.1 200 OK"
INFO     httpx:_client.py:1740 HTTP Request: POST https://r.biologicalvariation.eu/metacalculation "HTTP/1.1 200 OK"
INFO     httpx:_client.py:1740 HTTP Request: POST http://localhost:8081/metacalculation "HTTP/1.1 200 OK"
INFO     httpx:_client.py:1740 HTTP Request: POST https://r.biologicalvariation.eu/metacalculation "HTTP/1.1 200 OK"
INFO     httpx:_client.py:1740 HTTP Request: POST http://localhost:8081/metacalculation "HTTP/1.1 200 OK"
INFO     httpx:_client.py:1740 HTTP Request: POST https://r.biologicalvariation.eu/metacalculation "HTTP/1.1 200 OK"
INFO     httpx:_client.py:1740 HTTP Request: POST http://localhost:8081/metacalculation "HTTP/1.1 200 OK"
INFO     httpx:_client.py:1740 HTTP Request: POST https://r.biologicalvariation.eu/metacalculation "HTTP/1.1 200 OK"
INFO     httpx:_client.py:1740 HTTP Request: POST http://localhost:8081/metacalculation "HTTP/1.1 200 OK"
INFO     httpx:_client.py:1740 HTTP Request: POST https://r.biologicalvariation.eu/metacalculation "HTTP/1.1 200 OK"
INFO     httpx:_client.py:1740 HTTP Request: POST http://localhost:8081/metacalculation "HTTP/1.1 200 OK"
INFO     httpx:_client.py:1740 HTTP Request: POST https://r.biologicalvariation.eu/metacalculation "HTTP/1.1 200 OK"
INFO     httpx:_client.py:1740 HTTP Request: POST http://localhost:8081/metacalculation "HTTP/1.1 200 OK"
INFO     httpx:_client.py:1740 HTTP Request: POST https://r.biologicalvariation.eu/metacalculation "HTTP/1.1 200 OK"
INFO     httpx:_client.py:1740 HTTP Request: POST http://localhost:8081/metacalculation "HTTP/1.1 200 OK"
INFO     httpx:_client.py:1740 HTTP Request: POST https://r.biologicalvariation.eu/metacalculation "HTTP/1.1 200 OK"
INFO     httpx:_client.py:1740 HTTP Request: POST http://localhost:8081/metacalculation "HTTP/1.1 200 OK"
INFO     httpx:_client.py:1740 HTTP Request: POST https://r.biologicalvariation.eu/metacalculation "HTTP/1.1 200 OK"
INFO     httpx:_client.py:1740 HTTP Request: POST http://localhost:8081/metacalculation "HTTP/1.1 200 OK"
INFO     httpx:_client.py:1740 HTTP Request: POST https://r.biologicalvariation.eu/metacalculation "HTTP/1.1 200 OK"
INFO     httpx:_client.py:1740 HTTP Request: POST http://localhost:8081/metacalculation "HTTP/1.1 200 OK"
INFO     httpx:_client.py:1740 HTTP Request: POST https://r.biologicalvariation.eu/metacalculation "HTTP/1.1 200 OK"
INFO     httpx:_client.py:1740 HTTP Request: POST http://localhost:8081/metacalculation "HTTP/1.1 200 OK"
INFO     httpx:_client.py:1740 HTTP Request: POST https://r.biologicalvariation.eu/metacalculation "HTTP/1.1 200 OK"
INFO     httpx:_client.py:1740 HTTP Request: POST http://localhost:8081/metacalculation "HTTP/1.1 200 OK"
INFO     httpx:_client.py:1740 HTTP Request: POST https://r.biologicalvariation.eu/metacalculation "HTTP/1.1 200 OK"
INFO     httpx:_client.py:1740 HTTP Request: POST http://localhost:8081/metacalculation "HTTP/1.1 200 OK"
INFO     httpx:_client.py:1740 HTTP Request: POST https://r.biologicalvariation.eu/metacalculation "HTTP/1.1 200 OK"
INFO     httpx:_client.py:1740 HTTP Request: POST http://localhost:8081/metacalculation "HTTP/1.1 200 OK"
INFO     httpx:_client.py:1740 HTTP Request: POST https://r.biologicalvariation.eu/metacalculation "HTTP/1.1 200 OK"
INFO     httpx:_client.py:1740 HTTP Request: POST http://localhost:8081/metacalculation "HTTP/1.1 200 OK"
INFO     httpx:_client.py:1740 HTTP Request: POST https://r.biologicalvariation.eu/metacalculation "HTTP/1.1 200 OK"
INFO     httpx:_client.py:1740 HTTP Request: POST http://localhost:8081/metacalculation "HTTP/1.1 200 OK"
INFO     httpx:_client.py:1740 HTTP Request: POST https://r.biologicalvariation.eu/metacalculation "HTTP/1.1 200 OK"
INFO     httpx:_client.py:1740 HTTP Request: POST http://localhost:8081/metacalculation "HTTP/1.1 200 OK"
INFO     httpx:_client.py:1740 HTTP Request: POST https://r.biologicalvariation.eu/metacalculation "HTTP/1.1 200 OK"
INFO     httpx:_client.py:1740 HTTP Request: POST http://localhost:8081/metacalculation "HTTP/1.1 200 OK"
INFO     httpx:_client.py:1740 HTTP Request: POST https://r.biologicalvariation.eu/metacalculation "HTTP/1.1 200 OK"
INFO     httpx:_client.py:1740 HTTP Request: POST http://localhost:8081/metacalculation "HTTP/1.1 200 OK"
INFO     httpx:_client.py:1740 HTTP Request: POST https://r.biologicalvariation.eu/metacalculation "HTTP/1.1 200 OK"
INFO     httpx:_client.py:1740 HTTP Request: POST http://localhost:8081/metacalculation "HTTP/1.1 200 OK"
INFO     httpx:_client.py:1740 HTTP Request: POST https://r.biologicalvariation.eu/metacalculation "HTTP/1.1 200 OK"
INFO     httpx:_client.py:1740 HTTP Request: POST http://localhost:8081/metacalculation "HTTP/1.1 200 OK"
INFO     httpx:_client.py:1740 HTTP Request: POST https://r.biologicalvariation.eu/metacalculation "HTTP/1.1 200 OK"
INFO     httpx:_client.py:1740 HTTP Request: POST http://localhost:8081/metacalculation "HTTP/1.1 200 OK"
INFO     httpx:_client.py:1740 HTTP Request: POST https://r.biologicalvariation.eu/metacalculation "HTTP/1.1 200 OK"
INFO     httpx:_client.py:1740 HTTP Request: POST http://localhost:8081/metacalculation "HTTP/1.1 200 OK"
INFO     httpx:_client.py:1740 HTTP Request: POST https://r.biologicalvariation.eu/metacalculation "HTTP/1.1 200 OK"
INFO     httpx:_client.py:1740 HTTP Request: POST http://localhost:8081/metacalculation "HTTP/1.1 200 OK"
INFO     httpx:_client.py:1740 HTTP Request: POST https://r.biologicalvariation.eu/metacalculation "HTTP/1.1 200 OK"
INFO     httpx:_client.py:1740 HTTP Request: POST http://localhost:8081/metacalculation "HTTP/1.1 200 OK"
INFO     httpx:_client.py:1740 HTTP Request: POST https://r.biologicalvariation.eu/metacalculation "HTTP/1.1 200 OK"
INFO     httpx:_client.py:1740 HTTP Request: POST http://localhost:8081/metacalculation "HTTP/1.1 200 OK"
INFO     httpx:_client.py:1740 HTTP Request: POST https://r.biologicalvariation.eu/metacalculation "HTTP/1.1 200 OK"
INFO     httpx:_client.py:1740 HTTP Request: POST http://localhost:8081/metacalculation "HTTP/1.1 200 OK"
INFO     httpx:_client.py:1740 HTTP Request: POST https://r.biologicalvariation.eu/metacalculation "HTTP/1.1 200 OK"
INFO     httpx:_client.py:1740 HTTP Request: POST http://localhost:8081/metacalculation "HTTP/1.1 200 OK"
INFO     httpx:_client.py:1740 HTTP Request: POST https://r.biologicalvariation.eu/metacalculation "HTTP/1.1 200 OK"
INFO     httpx:_client.py:1740 HTTP Request: POST http://localhost:8081/metacalculation "HTTP/1.1 200 OK"
INFO     httpx:_client.py:1740 HTTP Request: POST https://r.biologicalvariation.eu/metacalculation "HTTP/1.1 200 OK"
INFO     httpx:_client.py:1740 HTTP Request: POST http://localhost:8081/metacalculation "HTTP/1.1 200 OK"
INFO     httpx:_client.py:1740 HTTP Request: POST https://r.biologicalvariation.eu/metacalculation "HTTP/1.1 200 OK"
INFO     httpx:_client.py:1740 HTTP Request: POST http://localhost:8081/metacalculation "HTTP/1.1 200 OK"
INFO     httpx:_client.py:1740 HTTP Request: POST https://r.biologicalvariation.eu/metacalculation "HTTP/1.1 200 OK"
INFO     httpx:_client.py:1740 HTTP Request: POST http://localhost:8081/metacalculation "HTTP/1.1 200 OK"
INFO     httpx:_client.py:1740 HTTP Request: POST https://r.biologicalvariation.eu/metacalculation "HTTP/1.1 200 OK"
INFO     httpx:_client.py:1740 HTTP Request: POST http://localhost:8081/metacalculation "HTTP/1.1 200 OK"
INFO     httpx:_client.py:1740 HTTP Request: POST https://r.biologicalvariation.eu/metacalculation "HTTP/1.1 200 OK"
INFO     httpx:_client.py:1740 HTTP Request: POST http://localhost:8081/metacalculation "HTTP/1.1 200 OK"
INFO     httpx:_client.py:1740 HTTP Request: POST https://r.biologicalvariation.eu/metacalculation "HTTP/1.1 200 OK"
INFO     httpx:_client.py:1740 HTTP Request: POST http://localhost:8081/metacalculation "HTTP/1.1 200 OK"
INFO     httpx:_client.py:1740 HTTP Request: POST https://r.biologicalvariation.eu/metacalculation "HTTP/1.1 200 OK"
INFO     httpx:_client.py:1740 HTTP Request: POST http://localhost:8081/metacalculation "HTTP/1.1 200 OK"
INFO     httpx:_client.py:1740 HTTP Request: POST https://r.biologicalvariation.eu/metacalculation "HTTP/1.1 200 OK"
INFO     httpx:_client.py:1740 HTTP Request: POST http://localhost:8081/metacalculation "HTTP/1.1 200 OK"
INFO     httpx:_client.py:1740 HTTP Request: POST https://r.biologicalvariation.eu/metacalculation "HTTP/1.1 200 OK"
INFO     httpx:_client.py:1740 HTTP Request: POST http://localhost:8081/metacalculation "HTTP/1.1 200 OK"
INFO     httpx:_client.py:1740 HTTP Request: POST https://r.biologicalvariation.eu/metacalculation "HTTP/1.1 200 OK"
INFO     httpx:_client.py:1740 HTTP Request: POST http://localhost:8081/metacalculation "HTTP/1.1 200 OK"
INFO     httpx:_client.py:1740 HTTP Request: POST https://r.biologicalvariation.eu/metacalculation "HTTP/1.1 200 OK"
INFO     httpx:_client.py:1740 HTTP Request: POST http://localhost:8081/metacalculation "HTTP/1.1 200 OK"
INFO     httpx:_client.py:1740 HTTP Request: POST https://r.biologicalvariation.eu/metacalculation "HTTP/1.1 200 OK"
INFO     httpx:_client.py:1740 HTTP Request: POST http://localhost:8081/metacalculation "HTTP/1.1 200 OK"
INFO     httpx:_client.py:1740 HTTP Request: POST https://r.biologicalvariation.eu/metacalculation "HTTP/1.1 200 OK"
INFO     httpx:_client.py:1740 HTTP Request: POST http://localhost:8081/metacalculation "HTTP/1.1 200 OK"
INFO     httpx:_client.py:1740 HTTP Request: POST https://r.biologicalvariation.eu/metacalculation "HTTP/1.1 200 OK"
INFO     httpx:_client.py:1740 HTTP Request: POST http://localhost:8081/metacalculation "HTTP/1.1 200 OK"
INFO     httpx:_client.py:1740 HTTP Request: POST https://r.biologicalvariation.eu/metacalculation "HTTP/1.1 200 OK"
INFO     httpx:_client.py:1740 HTTP Request: POST http://localhost:8081/metacalculation "HTTP/1.1 200 OK"
INFO     httpx:_client.py:1740 HTTP Request: POST https://r.biologicalvariation.eu/metacalculation "HTTP/1.1 200 OK"
INFO     httpx:_client.py:1740 HTTP Request: POST http://localhost:8081/metacalculation "HTTP/1.1 200 OK"
INFO     httpx:_client.py:1740 HTTP Request: POST https://r.biologicalvariation.eu/metacalculation "HTTP/1.1 200 OK"
INFO     httpx:_client.py:1740 HTTP Request: POST http://localhost:8081/metacalculation "HTTP/1.1 200 OK"
INFO     httpx:_client.py:1740 HTTP Request: POST https://r.biologicalvariation.eu/metacalculation "HTTP/1.1 200 OK"
INFO     httpx:_client.py:1740 HTTP Request: POST http://localhost:8081/metacalculation "HTTP/1.1 200 OK"
INFO     httpx:_client.py:1740 HTTP Request: POST https://r.biologicalvariation.eu/metacalculation "HTTP/1.1 200 OK"
INFO     httpx:_client.py:1740 HTTP Request: POST http://localhost:8081/metacalculation "HTTP/1.1 200 OK"
INFO     httpx:_client.py:1740 HTTP Request: POST https://r.biologicalvariation.eu/metacalculation "HTTP/1.1 200 OK"
INFO     httpx:_client.py:1740 HTTP Request: POST http://localhost:8081/metacalculation "HTTP/1.1 200 OK"
INFO     httpx:_client.py:1740 HTTP Request: POST https://r.biologicalvariation.eu/metacalculation "HTTP/1.1 200 OK"
INFO     httpx:_client.py:1740 HTTP Request: POST http://localhost:8081/metacalculation "HTTP/1.1 200 OK"
INFO     httpx:_client.py:1740 HTTP Request: POST https://r.biologicalvariation.eu/metacalculation "HTTP/1.1 200 OK"
INFO     httpx:_client.py:1740 HTTP Request: POST http://localhost:8081/metacalculation "HTTP/1.1 200 OK"
INFO     httpx:_client.py:1740 HTTP Request: POST https://r.biologicalvariation.eu/metacalculation "HTTP/1.1 200 OK"
INFO     httpx:_client.py:1740 HTTP Request: POST http://localhost:8081/metacalculation "HTTP/1.1 200 OK"
INFO     httpx:_client.py:1740 HTTP Request: POST https://r.biologicalvariation.eu/metacalculation "HTTP/1.1 200 OK"
INFO     httpx:_client.py:1740 HTTP Request: POST http://localhost:8081/metacalculation "HTTP/1.1 200 OK"
INFO     httpx:_client.py:1740 HTTP Request: POST https://r.biologicalvariation.eu/metacalculation "HTTP/1.1 200 OK"
INFO     httpx:_client.py:1740 HTTP Request: POST http://localhost:8081/metacalculation "HTTP/1.1 200 OK"
INFO     httpx:_client.py:1740 HTTP Request: POST https://r.biologicalvariation.eu/metacalculation "HTTP/1.1 200 OK"
INFO     httpx:_client.py:1740 HTTP Request: POST http://localhost:8081/metacalculation "HTTP/1.1 200 OK"
INFO     httpx:_client.py:1740 HTTP Request: POST https://r.biologicalvariation.eu/metacalculation "HTTP/1.1 200 OK"
INFO     httpx:_client.py:1740 HTTP Request: POST http://localhost:8081/metacalculation "HTTP/1.1 200 OK"
INFO     httpx:_client.py:1740 HTTP Request: POST https://r.biologicalvariation.eu/metacalculation "HTTP/1.1 200 OK"
INFO     httpx:_client.py:1740 HTTP Request: POST http://localhost:8081/metacalculation "HTTP/1.1 200 OK"
INFO     httpx:_client.py:1740 HTTP Request: POST https://r.biologicalvariation.eu/metacalculation "HTTP/1.1 200 OK"
INFO     httpx:_client.py:1740 HTTP Request: POST http://localhost:8081/metacalculation "HTTP/1.1 200 OK"
INFO     httpx:_client.py:1740 HTTP Request: POST https://r.biologicalvariation.eu/metacalculation "HTTP/1.1 200 OK"
INFO     httpx:_client.py:1740 HTTP Request: POST http://localhost:8081/metacalculation "HTTP/1.1 200 OK"
INFO     httpx:_client.py:1740 HTTP Request: POST https://r.biologicalvariation.eu/metacalculation "HTTP/1.1 200 OK"
INFO     httpx:_client.py:1740 HTTP Request: POST http://localhost:8081/metacalculation "HTTP/1.1 200 OK"
INFO     httpx:_client.py:1740 HTTP Request: POST https://r.biologicalvariation.eu/metacalculation "HTTP/1.1 200 OK"
INFO     httpx:_client.py:1740 HTTP Request: POST http://localhost:8081/metacalculation "HTTP/1.1 200 OK"
INFO     httpx:_client.py:1740 HTTP Request: POST https://r.biologicalvariation.eu/metacalculation "HTTP/1.1 200 OK"
INFO     httpx:_client.py:1740 HTTP Request: POST http://localhost:8081/metacalculation "HTTP/1.1 200 OK"
INFO     httpx:_client.py:1740 HTTP Request: POST https://r.biologicalvariation.eu/metacalculation "HTTP/1.1 200 OK"
INFO     httpx:_client.py:1740 HTTP Request: POST http://localhost:8081/metacalculation "HTTP/1.1 200 OK"
INFO     httpx:_client.py:1740 HTTP Request: POST https://r.biologicalvariation.eu/metacalculation "HTTP/1.1 200 OK"
INFO     httpx:_client.py:1740 HTTP Request: POST http://localhost:8081/metacalculation "HTTP/1.1 200 OK"
INFO     httpx:_client.py:1740 HTTP Request: POST https://r.biologicalvariation.eu/metacalculation "HTTP/1.1 200 OK"
INFO     httpx:_client.py:1740 HTTP Request: POST http://localhost:8081/metacalculation "HTTP/1.1 200 OK"
INFO     httpx:_client.py:1740 HTTP Request: POST https://r.biologicalvariation.eu/metacalculation "HTTP/1.1 200 OK"
INFO     httpx:_client.py:1740 HTTP Request: POST http://localhost:8081/metacalculation "HTTP/1.1 200 OK"
INFO     httpx:_client.py:1740 HTTP Request: POST https://r.biologicalvariation.eu/metacalculation "HTTP/1.1 200 OK"
INFO     httpx:_client.py:1740 HTTP Request: POST http://localhost:8081/metacalculation "HTTP/1.1 200 OK"
INFO     httpx:_client.py:1740 HTTP Request: POST https://r.biologicalvariation.eu/metacalculation "HTTP/1.1 200 OK"
INFO     httpx:_client.py:1740 HTTP Request: POST http://localhost:8081/metacalculation "HTTP/1.1 200 OK"
INFO     httpx:_client.py:1740 HTTP Request: POST https://r.biologicalvariation.eu/metacalculation "HTTP/1.1 200 OK"
INFO     httpx:_client.py:1740 HTTP Request: POST http://localhost:8081/metacalculation "HTTP/1.1 200 OK"
INFO     httpx:_client.py:1740 HTTP Request: POST https://r.biologicalvariation.eu/metacalculation "HTTP/1.1 200 OK"
INFO     httpx:_client.py:1740 HTTP Request: POST http://localhost:8081/metacalculation "HTTP/1.1 200 OK"
INFO     httpx:_client.py:1740 HTTP Request: POST https://r.biologicalvariation.eu/metacalculation "HTTP/1.1 200 OK"
INFO     httpx:_client.py:1740 HTTP Request: POST http://localhost:8081/metacalculation "HTTP/1.1 200 OK"
INFO     httpx:_client.py:1740 HTTP Request: POST https://r.biologicalvariation.eu/metacalculation "HTTP/1.1 200 OK"
INFO     httpx:_client.py:1740 HTTP Request: POST http://localhost:8081/metacalculation "HTTP/1.1 200 OK"
INFO     httpx:_client.py:1740 HTTP Request: POST https://r.biologicalvariation.eu/metacalculation "HTTP/1.1 200 OK"
INFO     httpx:_client.py:1740 HTTP Request: POST http://localhost:8081/metacalculation "HTTP/1.1 200 OK"
INFO     httpx:_client.py:1740 HTTP Request: POST https://r.biologicalvariation.eu/metacalculation "HTTP/1.1 200 OK"
INFO     httpx:_client.py:1740 HTTP Request: POST http://localhost:8081/metacalculation "HTTP/1.1 200 OK"
INFO     httpx:_client.py:1740 HTTP Request: POST https://r.biologicalvariation.eu/metacalculation "HTTP/1.1 200 OK"
INFO     httpx:_client.py:1740 HTTP Request: POST http://localhost:8081/metacalculation "HTTP/1.1 200 OK"
INFO     httpx:_client.py:1740 HTTP Request: POST https://r.biologicalvariation.eu/metacalculation "HTTP/1.1 200 OK"
INFO     httpx:_client.py:1740 HTTP Request: POST http://localhost:8081/metacalculation "HTTP/1.1 200 OK"
INFO     httpx:_client.py:1740 HTTP Request: POST https://r.biologicalvariation.eu/metacalculation "HTTP/1.1 200 OK"
INFO     httpx:_client.py:1740 HTTP Request: POST http://localhost:8081/metacalculation "HTTP/1.1 200 OK"
INFO     httpx:_client.py:1740 HTTP Request: POST https://r.biologicalvariation.eu/metacalculation "HTTP/1.1 200 OK"
INFO     httpx:_client.py:1740 HTTP Request: POST http://localhost:8081/metacalculation "HTTP/1.1 200 OK"
INFO     httpx:_client.py:1740 HTTP Request: POST https://r.biologicalvariation.eu/metacalculation "HTTP/1.1 200 OK"
INFO     httpx:_client.py:1740 HTTP Request: POST http://localhost:8081/metacalculation "HTTP/1.1 200 OK"
INFO     httpx:_client.py:1740 HTTP Request: POST https://r.biologicalvariation.eu/metacalculation "HTTP/1.1 200 OK"
INFO     httpx:_client.py:1740 HTTP Request: POST http://localhost:8081/metacalculation "HTTP/1.1 200 OK"
INFO     httpx:_client.py:1740 HTTP Request: POST https://r.biologicalvariation.eu/metacalculation "HTTP/1.1 200 OK"
INFO     httpx:_client.py:1740 HTTP Request: POST http://localhost:8081/metacalculation "HTTP/1.1 200 OK"
INFO     httpx:_client.py:1740 HTTP Request: POST https://r.biologicalvariation.eu/metacalculation "HTTP/1.1 200 OK"
INFO     httpx:_client.py:1740 HTTP Request: POST http://localhost:8081/metacalculation "HTTP/1.1 200 OK"
INFO     httpx:_client.py:1740 HTTP Request: POST https://r.biologicalvariation.eu/metacalculation "HTTP/1.1 200 OK"
INFO     httpx:_client.py:1740 HTTP Request: POST http://localhost:8081/metacalculation "HTTP/1.1 200 OK"
INFO     httpx:_client.py:1740 HTTP Request: POST https://r.biologicalvariation.eu/metacalculation "HTTP/1.1 200 OK"
INFO     httpx:_client.py:1740 HTTP Request: POST http://localhost:8081/metacalculation "HTTP/1.1 200 OK"
INFO     httpx:_client.py:1740 HTTP Request: POST https://r.biologicalvariation.eu/metacalculation "HTTP/1.1 200 OK"
INFO     httpx:_client.py:1740 HTTP Request: POST http://localhost:8081/metacalculation "HTTP/1.1 200 OK"
INFO     httpx:_client.py:1740 HTTP Request: POST https://r.biologicalvariation.eu/metacalculation "HTTP/1.1 200 OK"
INFO     httpx:_client.py:1740 HTTP Request: POST http://localhost:8081/metacalculation "HTTP/1.1 200 OK"
INFO     httpx:_client.py:1740 HTTP Request: POST https://r.biologicalvariation.eu/metacalculation "HTTP/1.1 200 OK"
INFO     httpx:_client.py:1740 HTTP Request: POST http://localhost:8081/metacalculation "HTTP/1.1 200 OK"
INFO     httpx:_client.py:1740 HTTP Request: POST https://r.biologicalvariation.eu/metacalculation "HTTP/1.1 200 OK"
INFO     httpx:_client.py:1740 HTTP Request: POST http://localhost:8081/metacalculation "HTTP/1.1 200 OK"
INFO     httpx:_client.py:1740 HTTP Request: POST https://r.biologicalvariation.eu/metacalculation "HTTP/1.1 200 OK"
INFO     httpx:_client.py:1740 HTTP Request: POST http://localhost:8081/metacalculation "HTTP/1.1 200 OK"
INFO     httpx:_client.py:1740 HTTP Request: POST https://r.biologicalvariation.eu/metacalculation "HTTP/1.1 200 OK"
INFO     httpx:_client.py:1740 HTTP Request: POST http://localhost:8081/metacalculation "HTTP/1.1 200 OK"
INFO     httpx:_client.py:1740 HTTP Request: POST https://r.biologicalvariation.eu/metacalculation "HTTP/1.1 200 OK"
INFO     httpx:_client.py:1740 HTTP Request: POST http://localhost:8081/metacalculation "HTTP/1.1 200 OK"
INFO     httpx:_client.py:1740 HTTP Request: POST https://r.biologicalvariation.eu/metacalculation "HTTP/1.1 200 OK"
INFO     httpx:_client.py:1740 HTTP Request: POST http://localhost:8081/metacalculation "HTTP/1.1 200 OK"
INFO     httpx:_client.py:1740 HTTP Request: POST https://r.biologicalvariation.eu/metacalculation "HTTP/1.1 200 OK"
INFO     httpx:_client.py:1740 HTTP Request: POST http://localhost:8081/metacalculation "HTTP/1.1 200 OK"
INFO     httpx:_client.py:1740 HTTP Request: POST https://r.biologicalvariation.eu/metacalculation "HTTP/1.1 200 OK"
INFO     httpx:_client.py:1740 HTTP Request: POST http://localhost:8081/metacalculation "HTTP/1.1 200 OK"
INFO     httpx:_client.py:1740 HTTP Request: POST https://r.biologicalvariation.eu/metacalculation "HTTP/1.1 200 OK"
INFO     httpx:_client.py:1740 HTTP Request: POST http://localhost:8081/metacalculation "HTTP/1.1 200 OK"
INFO     httpx:_client.py:1740 HTTP Request: POST https://r.biologicalvariation.eu/metacalculation "HTTP/1.1 200 OK"
INFO     httpx:_client.py:1740 HTTP Request: POST http://localhost:8081/metacalculation "HTTP/1.1 200 OK"
INFO     httpx:_client.py:1740 HTTP Request: POST https://r.biologicalvariation.eu/metacalculation "HTTP/1.1 200 OK"
INFO     httpx:_client.py:1740 HTTP Request: POST http://localhost:8081/metacalculation "HTTP/1.1 200 OK"
INFO     httpx:_client.py:1740 HTTP Request: POST https://r.biologicalvariation.eu/metacalculation "HTTP/1.1 200 OK"
INFO     httpx:_client.py:1740 HTTP Request: POST http://localhost:8081/metacalculation "HTTP/1.1 200 OK"
INFO     httpx:_client.py:1740 HTTP Request: POST https://r.biologicalvariation.eu/metacalculation "HTTP/1.1 200 OK"
INFO     httpx:_client.py:1740 HTTP Request: POST http://localhost:8081/metacalculation "HTTP/1.1 200 OK"
INFO     httpx:_client.py:1740 HTTP Request: POST https://r.biologicalvariation.eu/metacalculation "HTTP/1.1 200 OK"
INFO     httpx:_client.py:1740 HTTP Request: POST http://localhost:8081/metacalculation "HTTP/1.1 200 OK"
INFO     httpx:_client.py:1740 HTTP Request: POST https://r.biologicalvariation.eu/metacalculation "HTTP/1.1 200 OK"
INFO     httpx:_client.py:1740 HTTP Request: POST http://localhost:8081/metacalculation "HTTP/1.1 200 OK"
INFO     httpx:_client.py:1740 HTTP Request: POST https://r.biologicalvariation.eu/metacalculation "HTTP/1.1 200 OK"
INFO     httpx:_client.py:1740 HTTP Request: POST http://localhost:8081/metacalculation "HTTP/1.1 200 OK"
INFO     httpx:_client.py:1740 HTTP Request: POST https://r.biologicalvariation.eu/metacalculation "HTTP/1.1 200 OK"
INFO     httpx:_client.py:1740 HTTP Request: POST http://localhost:8081/metacalculation "HTTP/1.1 200 OK"
INFO     httpx:_client.py:1740 HTTP Request: POST https://r.biologicalvariation.eu/metacalculation "HTTP/1.1 200 OK"
INFO     httpx:_client.py:1740 HTTP Request: POST http://localhost:8081/metacalculation "HTTP/1.1 200 OK"
INFO     httpx:_client.py:1740 HTTP Request: POST https://r.biologicalvariation.eu/metacalculation "HTTP/1.1 200 OK"
INFO     httpx:_client.py:1740 HTTP Request: POST http://localhost:8081/metacalculation "HTTP/1.1 200 OK"
INFO     httpx:_client.py:1740 HTTP Request: POST https://r.biologicalvariation.eu/metacalculation "HTTP/1.1 200 OK"
INFO     httpx:_client.py:1740 HTTP Request: POST http://localhost:8081/metacalculation "HTTP/1.1 200 OK"
INFO     httpx:_client.py:1740 HTTP Request: POST https://r.biologicalvariation.eu/metacalculation "HTTP/1.1 200 OK"
INFO     httpx:_client.py:1740 HTTP Request: POST http://localhost:8081/metacalculation "HTTP/1.1 200 OK"
INFO     httpx:_client.py:1740 HTTP Request: POST https://r.biologicalvariation.eu/metacalculation "HTTP/1.1 200 OK"
INFO     httpx:_client.py:1740 HTTP Request: POST http://localhost:8081/metacalculation "HTTP/1.1 200 OK"
INFO     httpx:_client.py:1740 HTTP Request: POST https://r.biologicalvariation.eu/metacalculation "HTTP/1.1 200 OK"
INFO     httpx:_client.py:1740 HTTP Request: POST http://localhost:8081/metacalculation "HTTP/1.1 200 OK"
INFO     httpx:_client.py:1740 HTTP Request: POST https://r.biologicalvariation.eu/metacalculation "HTTP/1.1 200 OK"
INFO     httpx:_client.py:1740 HTTP Request: POST http://localhost:8081/metacalculation "HTTP/1.1 200 OK"
INFO     httpx:_client.py:1740 HTTP Request: POST https://r.biologicalvariation.eu/metacalculation "HTTP/1.1 200 OK"
INFO     httpx:_client.py:1740 HTTP Request: POST http://localhost:8081/metacalculation "HTTP/1.1 200 OK"
INFO     httpx:_client.py:1740 HTTP Request: POST https://r.biologicalvariation.eu/metacalculation "HTTP/1.1 200 OK"
INFO     httpx:_client.py:1740 HTTP Request: POST http://localhost:8081/metacalculation "HTTP/1.1 200 OK"
INFO     httpx:_client.py:1740 HTTP Request: POST https://r.biologicalvariation.eu/metacalculation "HTTP/1.1 200 OK"
INFO     httpx:_client.py:1740 HTTP Request: POST http://localhost:8081/metacalculation "HTTP/1.1 200 OK"
INFO     httpx:_client.py:1740 HTTP Request: POST https://r.biologicalvariation.eu/metacalculation "HTTP/1.1 200 OK"
INFO     httpx:_client.py:1740 HTTP Request: POST http://localhost:8081/metacalculation "HTTP/1.1 200 OK"
INFO     httpx:_client.py:1740 HTTP Request: POST https://r.biologicalvariation.eu/metacalculation "HTTP/1.1 200 OK"
INFO     httpx:_client.py:1740 HTTP Request: POST http://localhost:8081/metacalculation "HTTP/1.1 200 OK"
INFO     httpx:_client.py:1740 HTTP Request: POST https://r.biologicalvariation.eu/metacalculation "HTTP/1.1 200 OK"
INFO     httpx:_client.py:1740 HTTP Request: POST http://localhost:8081/metacalculation "HTTP/1.1 200 OK"
INFO     httpx:_client.py:1740 HTTP Request: POST https://r.biologicalvariation.eu/metacalculation "HTTP/1.1 200 OK"
INFO     httpx:_client.py:1740 HTTP Request: POST http://localhost:8081/metacalculation "HTTP/1.1 200 OK"
INFO     httpx:_client.py:1740 HTTP Request: POST https://r.biologicalvariation.eu/metacalculation "HTTP/1.1 200 OK"
INFO     httpx:_client.py:1740 HTTP Request: POST http://localhost:8081/metacalculation "HTTP/1.1 200 OK"
INFO     httpx:_client.py:1740 HTTP Request: POST https://r.biologicalvariation.eu/metacalculation "HTTP/1.1 200 OK"
INFO     httpx:_client.py:1740 HTTP Request: POST http://localhost:8081/metacalculation "HTTP/1.1 200 OK"
INFO     httpx:_client.py:1740 HTTP Request: POST https://r.biologicalvariation.eu/metacalculation "HTTP/1.1 200 OK"
INFO     httpx:_client.py:1740 HTTP Request: POST http://localhost:8081/metacalculation "HTTP/1.1 200 OK"
INFO     httpx:_client.py:1740 HTTP Request: POST https://r.biologicalvariation.eu/metacalculation "HTTP/1.1 200 OK"
INFO     httpx:_client.py:1740 HTTP Request: POST http://localhost:8081/metacalculation "HTTP/1.1 200 OK"
INFO     httpx:_client.py:1740 HTTP Request: POST https://r.biologicalvariation.eu/metacalculation "HTTP/1.1 200 OK"
INFO     httpx:_client.py:1740 HTTP Request: POST http://localhost:8081/metacalculation "HTTP/1.1 200 OK"
INFO     httpx:_client.py:1740 HTTP Request: POST https://r.biologicalvariation.eu/metacalculation "HTTP/1.1 200 OK"
INFO     httpx:_client.py:1740 HTTP Request: POST http://localhost:8081/metacalculation "HTTP/1.1 200 OK"
INFO     httpx:_client.py:1740 HTTP Request: POST https://r.biologicalvariation.eu/metacalculation "HTTP/1.1 200 OK"
INFO     httpx:_client.py:1740 HTTP Request: POST http://localhost:8081/metacalculation "HTTP/1.1 200 OK"
INFO     httpx:_client.py:1740 HTTP Request: POST https://r.biologicalvariation.eu/metacalculation "HTTP/1.1 200 OK"
INFO     httpx:_client.py:1740 HTTP Request: POST http://localhost:8081/metacalculation "HTTP/1.1 200 OK"
INFO     httpx:_client.py:1740 HTTP Request: POST https://r.biologicalvariation.eu/metacalculation "HTTP/1.1 200 OK"
INFO     httpx:_client.py:1740 HTTP Request: POST http://localhost:8081/metacalculation "HTTP/1.1 200 OK"
INFO     httpx:_client.py:1740 HTTP Request: POST https://r.biologicalvariation.eu/metacalculation "HTTP/1.1 200 OK"
INFO     httpx:_client.py:1740 HTTP Request: POST http://localhost:8081/metacalculation "HTTP/1.1 200 OK"
INFO     httpx:_client.py:1740 HTTP Request: POST https://r.biologicalvariation.eu/metacalculation "HTTP/1.1 200 OK"
INFO     httpx:_client.py:1740 HTTP Request: POST http://localhost:8081/metacalculation "HTTP/1.1 200 OK"
INFO     httpx:_client.py:1740 HTTP Request: POST https://r.biologicalvariation.eu/metacalculation "HTTP/1.1 200 OK"
INFO     httpx:_client.py:1740 HTTP Request: POST http://localhost:8081/metacalculation "HTTP/1.1 200 OK"
INFO     httpx:_client.py:1740 HTTP Request: POST https://r.biologicalvariation.eu/metacalculation "HTTP/1.1 200 OK"
INFO     httpx:_client.py:1740 HTTP Request: POST http://localhost:8081/metacalculation "HTTP/1.1 200 OK"
INFO     httpx:_client.py:1740 HTTP Request: POST https://r.biologicalvariation.eu/metacalculation "HTTP/1.1 200 OK"
INFO     httpx:_client.py:1740 HTTP Request: POST http://localhost:8081/metacalculation "HTTP/1.1 200 OK"
INFO     httpx:_client.py:1740 HTTP Request: POST https://r.biologicalvariation.eu/metacalculation "HTTP/1.1 200 OK"
INFO     httpx:_client.py:1740 HTTP Request: POST http://localhost:8081/metacalculation "HTTP/1.1 200 OK"
INFO     httpx:_client.py:1740 HTTP Request: POST https://r.biologicalvariation.eu/metacalculation "HTTP/1.1 200 OK"
INFO     httpx:_client.py:1740 HTTP Request: POST http://localhost:8081/metacalculation "HTTP/1.1 200 OK"
INFO     httpx:_client.py:1740 HTTP Request: POST https://r.biologicalvariation.eu/metacalculation "HTTP/1.1 200 OK"
INFO     httpx:_client.py:1740 HTTP Request: POST http://localhost:8081/metacalculation "HTTP/1.1 200 OK"
INFO     httpx:_client.py:1740 HTTP Request: POST https://r.biologicalvariation.eu/metacalculation "HTTP/1.1 200 OK"
INFO     httpx:_client.py:1740 HTTP Request: POST http://localhost:8081/metacalculation "HTTP/1.1 200 OK"
INFO     httpx:_client.py:1740 HTTP Request: POST https://r.biologicalvariation.eu/metacalculation "HTTP/1.1 200 OK"
INFO     httpx:_client.py:1740 HTTP Request: POST http://localhost:8081/metacalculation "HTTP/1.1 200 OK"
INFO     httpx:_client.py:1740 HTTP Request: POST https://r.biologicalvariation.eu/metacalculation "HTTP/1.1 200 OK"
INFO     httpx:_client.py:1740 HTTP Request: POST http://localhost:8081/metacalculation "HTTP/1.1 200 OK"
INFO     httpx:_client.py:1740 HTTP Request: POST https://r.biologicalvariation.eu/metacalculation "HTTP/1.1 200 OK"
INFO     httpx:_client.py:1740 HTTP Request: POST http://localhost:8081/metacalculation "HTTP/1.1 200 OK"
INFO     httpx:_client.py:1740 HTTP Request: POST https://r.biologicalvariation.eu/metacalculation "HTTP/1.1 200 OK"
INFO     httpx:_client.py:1740 HTTP Request: POST http://localhost:8081/metacalculation "HTTP/1.1 200 OK"
INFO     httpx:_client.py:1740 HTTP Request: POST https://r.biologicalvariation.eu/metacalculation "HTTP/1.1 200 OK"
INFO     httpx:_client.py:1740 HTTP Request: POST http://localhost:8081/metacalculation "HTTP/1.1 200 OK"
INFO     httpx:_client.py:1740 HTTP Request: POST https://r.biologicalvariation.eu/metacalculation "HTTP/1.1 200 OK"
INFO     httpx:_client.py:1740 HTTP Request: POST http://localhost:8081/metacalculation "HTTP/1.1 200 OK"
INFO     httpx:_client.py:1740 HTTP Request: POST https://r.biologicalvariation.eu/metacalculation "HTTP/1.1 200 OK"
INFO     httpx:_client.py:1740 HTTP Request: POST http://localhost:8081/metacalculation "HTTP/1.1 200 OK"
INFO     httpx:_client.py:1740 HTTP Request: POST https://r.biologicalvariation.eu/metacalculation "HTTP/1.1 200 OK"
INFO     httpx:_client.py:1740 HTTP Request: POST http://localhost:8081/metacalculation "HTTP/1.1 200 OK"
INFO     httpx:_client.py:1740 HTTP Request: POST https://r.biologicalvariation.eu/metacalculation "HTTP/1.1 200 OK"
INFO     httpx:_client.py:1740 HTTP Request: POST http://localhost:8081/metacalculation "HTTP/1.1 200 OK"
INFO     httpx:_client.py:1740 HTTP Request: POST https://r.biologicalvariation.eu/metacalculation "HTTP/1.1 200 OK"
INFO     httpx:_client.py:1740 HTTP Request: POST http://localhost:8081/metacalculation "HTTP/1.1 200 OK"
INFO     httpx:_client.py:1740 HTTP Request: POST https://r.biologicalvariation.eu/metacalculation "HTTP/1.1 200 OK"
INFO     httpx:_client.py:1740 HTTP Request: POST http://localhost:8081/metacalculation "HTTP/1.1 200 OK"
INFO     httpx:_client.py:1740 HTTP Request: POST https://r.biologicalvariation.eu/metacalculation "HTTP/1.1 200 OK"
INFO     httpx:_client.py:1740 HTTP Request: POST http://localhost:8081/metacalculation "HTTP/1.1 200 OK"
INFO     httpx:_client.py:1740 HTTP Request: POST https://r.biologicalvariation.eu/metacalculation "HTTP/1.1 200 OK"
INFO     httpx:_client.py:1740 HTTP Request: POST http://localhost:8081/metacalculation "HTTP/1.1 200 OK"
INFO     httpx:_client.py:1740 HTTP Request: POST https://r.biologicalvariation.eu/metacalculation "HTTP/1.1 200 OK"
INFO     httpx:_client.py:1740 HTTP Request: POST http://localhost:8081/metacalculation "HTTP/1.1 200 OK"
INFO     httpx:_client.py:1740 HTTP Request: POST https://r.biologicalvariation.eu/metacalculation "HTTP/1.1 200 OK"
INFO     httpx:_client.py:1740 HTTP Request: POST http://localhost:8081/metacalculation "HTTP/1.1 200 OK"
INFO     httpx:_client.py:1740 HTTP Request: POST https://r.biologicalvariation.eu/metacalculation "HTTP/1.1 200 OK"
INFO     httpx:_client.py:1740 HTTP Request: POST http://localhost:8081/metacalculation "HTTP/1.1 200 OK"
INFO     httpx:_client.py:1740 HTTP Request: POST https://r.biologicalvariation.eu/metacalculation "HTTP/1.1 200 OK"
INFO     httpx:_client.py:1740 HTTP Request: POST http://localhost:8081/metacalculation "HTTP/1.1 200 OK"
INFO     httpx:_client.py:1740 HTTP Request: POST https://r.biologicalvariation.eu/metacalculation "HTTP/1.1 200 OK"
INFO     httpx:_client.py:1740 HTTP Request: POST http://localhost:8081/metacalculation "HTTP/1.1 200 OK"
INFO     httpx:_client.py:1740 HTTP Request: POST https://r.biologicalvariation.eu/metacalculation "HTTP/1.1 200 OK"
INFO     httpx:_client.py:1740 HTTP Request: POST http://localhost:8081/metacalculation "HTTP/1.1 200 OK"
INFO     httpx:_client.py:1740 HTTP Request: POST https://r.biologicalvariation.eu/metacalculation "HTTP/1.1 200 OK"
INFO     httpx:_client.py:1740 HTTP Request: POST http://localhost:8081/metacalculation "HTTP/1.1 200 OK"
INFO     httpx:_client.py:1740 HTTP Request: POST https://r.biologicalvariation.eu/metacalculation "HTTP/1.1 200 OK"
INFO     httpx:_client.py:1740 HTTP Request: POST http://localhost:8081/metacalculation "HTTP/1.1 200 OK"
INFO     httpx:_client.py:1740 HTTP Request: POST https://r.biologicalvariation.eu/metacalculation "HTTP/1.1 200 OK"
INFO     httpx:_client.py:1740 HTTP Request: POST http://localhost:8081/metacalculation "HTTP/1.1 200 OK"
INFO     httpx:_client.py:1740 HTTP Request: POST https://r.biologicalvariation.eu/metacalculation "HTTP/1.1 200 OK"
INFO     httpx:_client.py:1740 HTTP Request: POST http://localhost:8081/metacalculation "HTTP/1.1 200 OK"
INFO     httpx:_client.py:1740 HTTP Request: POST https://r.biologicalvariation.eu/metacalculation "HTTP/1.1 200 OK"
INFO     httpx:_client.py:1740 HTTP Request: POST http://localhost:8081/metacalculation "HTTP/1.1 200 OK"
INFO     httpx:_client.py:1740 HTTP Request: POST https://r.biologicalvariation.eu/metacalculation "HTTP/1.1 200 OK"
INFO     httpx:_client.py:1740 HTTP Request: POST http://localhost:8081/metacalculation "HTTP/1.1 200 OK"
INFO     httpx:_client.py:1740 HTTP Request: POST https://r.biologicalvariation.eu/metacalculation "HTTP/1.1 200 OK"
INFO     httpx:_client.py:1740 HTTP Request: POST http://localhost:8081/metacalculation "HTTP/1.1 200 OK"
INFO     httpx:_client.py:1740 HTTP Request: POST https://r.biologicalvariation.eu/metacalculation "HTTP/1.1 200 OK"
INFO     httpx:_client.py:1740 HTTP Request: POST http://localhost:8081/metacalculation "HTTP/1.1 200 OK"
INFO     httpx:_client.py:1740 HTTP Request: POST https://r.biologicalvariation.eu/metacalculation "HTTP/1.1 200 OK"
INFO     httpx:_client.py:1740 HTTP Request: POST http://localhost:8081/metacalculation "HTTP/1.1 200 OK"
INFO     httpx:_client.py:1740 HTTP Request: POST https://r.biologicalvariation.eu/metacalculation "HTTP/1.1 200 OK"
INFO     httpx:_client.py:1740 HTTP Request: POST http://localhost:8081/metacalculation "HTTP/1.1 200 OK"
INFO     httpx:_client.py:1740 HTTP Request: POST https://r.biologicalvariation.eu/metacalculation "HTTP/1.1 200 OK"
INFO     httpx:_client.py:1740 HTTP Request: POST http://localhost:8081/metacalculation "HTTP/1.1 200 OK"
INFO     httpx:_client.py:1740 HTTP Request: POST https://r.biologicalvariation.eu/metacalculation "HTTP/1.1 200 OK"
INFO     httpx:_client.py:1740 HTTP Request: POST http://localhost:8081/metacalculation "HTTP/1.1 200 OK"
INFO     httpx:_client.py:1740 HTTP Request: POST https://r.biologicalvariation.eu/metacalculation "HTTP/1.1 200 OK"
INFO     httpx:_client.py:1740 HTTP Request: POST http://localhost:8081/metacalculation "HTTP/1.1 200 OK"
INFO     httpx:_client.py:1740 HTTP Request: POST https://r.biologicalvariation.eu/metacalculation "HTTP/1.1 200 OK"
INFO     httpx:_client.py:1740 HTTP Request: POST http://localhost:8081/metacalculation "HTTP/1.1 200 OK"
INFO     httpx:_client.py:1740 HTTP Request: POST https://r.biologicalvariation.eu/metacalculation "HTTP/1.1 200 OK"
INFO     httpx:_client.py:1740 HTTP Request: POST http://localhost:8081/metacalculation "HTTP/1.1 200 OK"
INFO     httpx:_client.py:1740 HTTP Request: POST https://r.biologicalvariation.eu/metacalculation "HTTP/1.1 200 OK"
INFO     httpx:_client.py:1740 HTTP Request: POST http://localhost:8081/metacalculation "HTTP/1.1 200 OK"
INFO     httpx:_client.py:1740 HTTP Request: POST https://r.biologicalvariation.eu/metacalculation "HTTP/1.1 200 OK"
INFO     httpx:_client.py:1740 HTTP Request: POST http://localhost:8081/metacalculation "HTTP/1.1 200 OK"
INFO     httpx:_client.py:1740 HTTP Request: POST https://r.biologicalvariation.eu/metacalculation "HTTP/1.1 200 OK"
INFO     httpx:_client.py:1740 HTTP Request: POST http://localhost:8081/metacalculation "HTTP/1.1 200 OK"
INFO     httpx:_client.py:1740 HTTP Request: POST https://r.biologicalvariation.eu/metacalculation "HTTP/1.1 200 OK"
INFO     httpx:_client.py:1740 HTTP Request: POST http://localhost:8081/metacalculation "HTTP/1.1 200 OK"
INFO     httpx:_client.py:1740 HTTP Request: POST https://r.biologicalvariation.eu/metacalculation "HTTP/1.1 200 OK"
INFO     httpx:_client.py:1740 HTTP Request: POST http://localhost:8081/metacalculation "HTTP/1.1 200 OK"
INFO     httpx:_client.py:1740 HTTP Request: POST https://r.biologicalvariation.eu/metacalculation "HTTP/1.1 200 OK"
INFO     httpx:_client.py:1740 HTTP Request: POST http://localhost:8081/metacalculation "HTTP/1.1 200 OK"
INFO     httpx:_client.py:1740 HTTP Request: POST https://r.biologicalvariation.eu/metacalculation "HTTP/1.1 200 OK"
INFO     httpx:_client.py:1740 HTTP Request: POST http://localhost:8081/metacalculation "HTTP/1.1 200 OK"
INFO     httpx:_client.py:1740 HTTP Request: POST https://r.biologicalvariation.eu/metacalculation "HTTP/1.1 200 OK"
INFO     httpx:_client.py:1740 HTTP Request: POST http://localhost:8081/metacalculation "HTTP/1.1 200 OK"
INFO     httpx:_client.py:1740 HTTP Request: POST https://r.biologicalvariation.eu/metacalculation "HTTP/1.1 200 OK"
INFO     httpx:_client.py:1740 HTTP Request: POST http://localhost:8081/metacalculation "HTTP/1.1 200 OK"
INFO     httpx:_client.py:1740 HTTP Request: POST https://r.biologicalvariation.eu/metacalculation "HTTP/1.1 200 OK"
INFO     httpx:_client.py:1740 HTTP Request: POST http://localhost:8081/metacalculation "HTTP/1.1 200 OK"
INFO     httpx:_client.py:1740 HTTP Request: POST https://r.biologicalvariation.eu/metacalculation "HTTP/1.1 200 OK"
INFO     httpx:_client.py:1740 HTTP Request: POST http://localhost:8081/metacalculation "HTTP/1.1 200 OK"
INFO     httpx:_client.py:1740 HTTP Request: POST https://r.biologicalvariation.eu/metacalculation "HTTP/1.1 200 OK"
INFO     httpx:_client.py:1740 HTTP Request: POST http://localhost:8081/metacalculation "HTTP/1.1 200 OK"
INFO     httpx:_client.py:1740 HTTP Request: POST https://r.biologicalvariation.eu/metacalculation "HTTP/1.1 200 OK"
INFO     httpx:_client.py:1740 HTTP Request: POST http://localhost:8081/metacalculation "HTTP/1.1 200 OK"
INFO     httpx:_client.py:1740 HTTP Request: POST https://r.biologicalvariation.eu/metacalculation "HTTP/1.1 200 OK"
INFO     httpx:_client.py:1740 HTTP Request: POST http://localhost:8081/metacalculation "HTTP/1.1 200 OK"
INFO     httpx:_client.py:1740 HTTP Request: POST https://r.biologicalvariation.eu/metacalculation "HTTP/1.1 200 OK"
INFO     httpx:_client.py:1740 HTTP Request: POST http://localhost:8081/metacalculation "HTTP/1.1 200 OK"
INFO     httpx:_client.py:1740 HTTP Request: POST https://r.biologicalvariation.eu/metacalculation "HTTP/1.1 200 OK"
INFO     httpx:_client.py:1740 HTTP Request: POST http://localhost:8081/metacalculation "HTTP/1.1 200 OK"
INFO     httpx:_client.py:1740 HTTP Request: POST https://r.biologicalvariation.eu/metacalculation "HTTP/1.1 200 OK"
INFO     httpx:_client.py:1740 HTTP Request: POST http://localhost:8081/metacalculation "HTTP/1.1 200 OK"
INFO     httpx:_client.py:1740 HTTP Request: POST https://r.biologicalvariation.eu/metacalculation "HTTP/1.1 200 OK"
INFO     httpx:_client.py:1740 HTTP Request: POST http://localhost:8081/metacalculation "HTTP/1.1 200 OK"
INFO     httpx:_client.py:1740 HTTP Request: POST https://r.biologicalvariation.eu/metacalculation "HTTP/1.1 200 OK"
INFO     httpx:_client.py:1740 HTTP Request: POST http://localhost:8081/metacalculation "HTTP/1.1 200 OK"
INFO     httpx:_client.py:1740 HTTP Request: POST https://r.biologicalvariation.eu/metacalculation "HTTP/1.1 200 OK"
INFO     httpx:_client.py:1740 HTTP Request: POST http://localhost:8081/metacalculation "HTTP/1.1 200 OK"
INFO     httpx:_client.py:1740 HTTP Request: POST https://r.biologicalvariation.eu/metacalculation "HTTP/1.1 200 OK"
INFO     httpx:_client.py:1740 HTTP Request: POST http://localhost:8081/metacalculation "HTTP/1.1 200 OK"
INFO     httpx:_client.py:1740 HTTP Request: POST https://r.biologicalvariation.eu/metacalculation "HTTP/1.1 200 OK"
INFO     httpx:_client.py:1740 HTTP Request: POST http://localhost:8081/metacalculation "HTTP/1.1 200 OK"
INFO     httpx:_client.py:1740 HTTP Request: POST https://r.biologicalvariation.eu/metacalculation "HTTP/1.1 200 OK"
INFO     httpx:_client.py:1740 HTTP Request: POST http://localhost:8081/metacalculation "HTTP/1.1 200 OK"
INFO     httpx:_client.py:1740 HTTP Request: POST https://r.biologicalvariation.eu/metacalculation "HTTP/1.1 200 OK"
INFO     httpx:_client.py:1740 HTTP Request: POST http://localhost:8081/metacalculation "HTTP/1.1 200 OK"
INFO     httpx:_client.py:1740 HTTP Request: POST https://r.biologicalvariation.eu/metacalculation "HTTP/1.1 200 OK"
INFO     httpx:_client.py:1740 HTTP Request: POST http://localhost:8081/metacalculation "HTTP/1.1 200 OK"
INFO     httpx:_client.py:1740 HTTP Request: POST https://r.biologicalvariation.eu/metacalculation "HTTP/1.1 200 OK"
INFO     httpx:_client.py:1740 HTTP Request: POST http://localhost:8081/metacalculation "HTTP/1.1 200 OK"
INFO     httpx:_client.py:1740 HTTP Request: POST https://r.biologicalvariation.eu/metacalculation "HTTP/1.1 200 OK"
INFO     httpx:_client.py:1740 HTTP Request: POST http://localhost:8081/metacalculation "HTTP/1.1 200 OK"
INFO     httpx:_client.py:1740 HTTP Request: POST https://r.biologicalvariation.eu/metacalculation "HTTP/1.1 200 OK"
INFO     httpx:_client.py:1740 HTTP Request: POST http://localhost:8081/metacalculation "HTTP/1.1 200 OK"
INFO     httpx:_client.py:1740 HTTP Request: POST https://r.biologicalvariation.eu/metacalculation "HTTP/1.1 200 OK"
INFO     httpx:_client.py:1740 HTTP Request: POST http://localhost:8081/metacalculation "HTTP/1.1 200 OK"
INFO     httpx:_client.py:1740 HTTP Request: POST https://r.biologicalvariation.eu/metacalculation "HTTP/1.1 200 OK"
INFO     httpx:_client.py:1740 HTTP Request: POST http://localhost:8081/metacalculation "HTTP/1.1 200 OK"
INFO     httpx:_client.py:1740 HTTP Request: POST https://r.biologicalvariation.eu/metacalculation "HTTP/1.1 200 OK"
INFO     httpx:_client.py:1740 HTTP Request: POST http://localhost:8081/metacalculation "HTTP/1.1 200 OK"
INFO     httpx:_client.py:1740 HTTP Request: POST https://r.biologicalvariation.eu/metacalculation "HTTP/1.1 200 OK"
INFO     httpx:_client.py:1740 HTTP Request: POST http://localhost:8081/metacalculation "HTTP/1.1 200 OK"
INFO     httpx:_client.py:1740 HTTP Request: POST https://r.biologicalvariation.eu/metacalculation "HTTP/1.1 200 OK"
INFO     httpx:_client.py:1740 HTTP Request: POST http://localhost:8081/metacalculation "HTTP/1.1 200 OK"
INFO     httpx:_client.py:1740 HTTP Request: POST https://r.biologicalvariation.eu/metacalculation "HTTP/1.1 200 OK"
INFO     httpx:_client.py:1740 HTTP Request: POST http://localhost:8081/metacalculation "HTTP/1.1 200 OK"
INFO     httpx:_client.py:1740 HTTP Request: POST https://r.biologicalvariation.eu/metacalculation "HTTP/1.1 200 OK"
INFO     httpx:_client.py:1740 HTTP Request: POST http://localhost:8081/metacalculation "HTTP/1.1 200 OK"
INFO     httpx:_client.py:1740 HTTP Request: POST https://r.biologicalvariation.eu/metacalculation "HTTP/1.1 200 OK"
INFO     httpx:_client.py:1740 HTTP Request: POST http://localhost:8081/metacalculation "HTTP/1.1 200 OK"
INFO     httpx:_client.py:1740 HTTP Request: POST https://r.biologicalvariation.eu/metacalculation "HTTP/1.1 200 OK"
INFO     httpx:_client.py:1740 HTTP Request: POST http://localhost:8081/metacalculation "HTTP/1.1 200 OK"
INFO     httpx:_client.py:1740 HTTP Request: POST https://r.biologicalvariation.eu/metacalculation "HTTP/1.1 200 OK"
INFO     httpx:_client.py:1740 HTTP Request: POST http://localhost:8081/metacalculation "HTTP/1.1 200 OK"
INFO     httpx:_client.py:1740 HTTP Request: POST https://r.biologicalvariation.eu/metacalculation "HTTP/1.1 200 OK"
INFO     httpx:_client.py:1740 HTTP Request: POST http://localhost:8081/metacalculation "HTTP/1.1 200 OK"
INFO     httpx:_client.py:1740 HTTP Request: POST https://r.biologicalvariation.eu/metacalculation "HTTP/1.1 200 OK"
INFO     httpx:_client.py:1740 HTTP Request: POST http://localhost:8081/metacalculation "HTTP/1.1 200 OK"
INFO     httpx:_client.py:1740 HTTP Request: POST https://r.biologicalvariation.eu/metacalculation "HTTP/1.1 200 OK"
INFO     httpx:_client.py:1740 HTTP Request: POST http://localhost:8081/metacalculation "HTTP/1.1 200 OK"
INFO     httpx:_client.py:1740 HTTP Request: POST https://r.biologicalvariation.eu/metacalculation "HTTP/1.1 200 OK"
INFO     httpx:_client.py:1740 HTTP Request: POST http://localhost:8081/metacalculation "HTTP/1.1 200 OK"
INFO     httpx:_client.py:1740 HTTP Request: POST https://r.biologicalvariation.eu/metacalculation "HTTP/1.1 200 OK"
INFO     httpx:_client.py:1740 HTTP Request: POST http://localhost:8081/metacalculation "HTTP/1.1 200 OK"
INFO     httpx:_client.py:1740 HTTP Request: POST https://r.biologicalvariation.eu/metacalculation "HTTP/1.1 200 OK"
INFO     httpx:_client.py:1740 HTTP Request: POST http://localhost:8081/metacalculation "HTTP/1.1 200 OK"
INFO     httpx:_client.py:1740 HTTP Request: POST https://r.biologicalvariation.eu/metacalculation "HTTP/1.1 200 OK"
INFO     httpx:_client.py:1740 HTTP Request: POST http://localhost:8081/metacalculation "HTTP/1.1 200 OK"
INFO     httpx:_client.py:1740 HTTP Request: POST https://r.biologicalvariation.eu/metacalculation "HTTP/1.1 200 OK"
INFO     httpx:_client.py:1740 HTTP Request: POST http://localhost:8081/metacalculation "HTTP/1.1 200 OK"
INFO     httpx:_client.py:1740 HTTP Request: POST https://r.biologicalvariation.eu/metacalculation "HTTP/1.1 200 OK"
INFO     httpx:_client.py:1740 HTTP Request: POST http://localhost:8081/metacalculation "HTTP/1.1 200 OK"
INFO     httpx:_client.py:1740 HTTP Request: POST https://r.biologicalvariation.eu/metacalculation "HTTP/1.1 200 OK"
INFO     httpx:_client.py:1740 HTTP Request: POST http://localhost:8081/metacalculation "HTTP/1.1 200 OK"
INFO     httpx:_client.py:1740 HTTP Request: POST https://r.biologicalvariation.eu/metacalculation "HTTP/1.1 200 OK"
INFO     httpx:_client.py:1740 HTTP Request: POST http://localhost:8081/metacalculation "HTTP/1.1 200 OK"
INFO     httpx:_client.py:1740 HTTP Request: POST https://r.biologicalvariation.eu/metacalculation "HTTP/1.1 200 OK"
INFO     httpx:_client.py:1740 HTTP Request: POST http://localhost:8081/metacalculation "HTTP/1.1 200 OK"
INFO     httpx:_client.py:1740 HTTP Request: POST https://r.biologicalvariation.eu/metacalculation "HTTP/1.1 200 OK"
INFO     httpx:_client.py:1740 HTTP Request: POST http://localhost:8081/metacalculation "HTTP/1.1 200 OK"
INFO     httpx:_client.py:1740 HTTP Request: POST https://r.biologicalvariation.eu/metacalculation "HTTP/1.1 200 OK"
INFO     httpx:_client.py:1740 HTTP Request: POST http://localhost:8081/metacalculation "HTTP/1.1 200 OK"
INFO     httpx:_client.py:1740 HTTP Request: POST https://r.biologicalvariation.eu/metacalculation "HTTP/1.1 200 OK"
INFO     httpx:_client.py:1740 HTTP Request: POST http://localhost:8081/metacalculation "HTTP/1.1 200 OK"
INFO     httpx:_client.py:1740 HTTP Request: POST https://r.biologicalvariation.eu/metacalculation "HTTP/1.1 200 OK"
INFO     httpx:_client.py:1740 HTTP Request: POST http://localhost:8081/metacalculation "HTTP/1.1 200 OK"
INFO     httpx:_client.py:1740 HTTP Request: POST https://r.biologicalvariation.eu/metacalculation "HTTP/1.1 200 OK"
INFO     httpx:_client.py:1740 HTTP Request: POST http://localhost:8081/metacalculation "HTTP/1.1 200 OK"
INFO     httpx:_client.py:1740 HTTP Request: POST https://r.biologicalvariation.eu/metacalculation "HTTP/1.1 200 OK"
INFO     httpx:_client.py:1740 HTTP Request: POST http://localhost:8081/metacalculation "HTTP/1.1 200 OK"
INFO     httpx:_client.py:1740 HTTP Request: POST https://r.biologicalvariation.eu/metacalculation "HTTP/1.1 200 OK"
INFO     httpx:_client.py:1740 HTTP Request: POST http://localhost:8081/metacalculation "HTTP/1.1 200 OK"
INFO     httpx:_client.py:1740 HTTP Request: POST https://r.biologicalvariation.eu/metacalculation "HTTP/1.1 200 OK"
INFO     httpx:_client.py:1740 HTTP Request: POST http://localhost:8081/metacalculation "HTTP/1.1 200 OK"
INFO     httpx:_client.py:1740 HTTP Request: POST https://r.biologicalvariation.eu/metacalculation "HTTP/1.1 200 OK"
INFO     httpx:_client.py:1740 HTTP Request: POST http://localhost:8081/metacalculation "HTTP/1.1 200 OK"
INFO     httpx:_client.py:1740 HTTP Request: POST https://r.biologicalvariation.eu/metacalculation "HTTP/1.1 200 OK"
INFO     httpx:_client.py:1740 HTTP Request: POST http://localhost:8081/metacalculation "HTTP/1.1 200 OK"
INFO     httpx:_client.py:1740 HTTP Request: POST https://r.biologicalvariation.eu/metacalculation "HTTP/1.1 200 OK"
INFO     httpx:_client.py:1740 HTTP Request: POST http://localhost:8081/metacalculation "HTTP/1.1 200 OK"
INFO     httpx:_client.py:1740 HTTP Request: POST https://r.biologicalvariation.eu/metacalculation "HTTP/1.1 200 OK"
INFO     httpx:_client.py:1740 HTTP Request: POST http://localhost:8081/metacalculation "HTTP/1.1 200 OK"
INFO     httpx:_client.py:1740 HTTP Request: POST https://r.biologicalvariation.eu/metacalculation "HTTP/1.1 200 OK"
INFO     httpx:_client.py:1740 HTTP Request: POST http://localhost:8081/metacalculation "HTTP/1.1 200 OK"
INFO     httpx:_client.py:1740 HTTP Request: POST https://r.biologicalvariation.eu/metacalculation "HTTP/1.1 200 OK"
INFO     httpx:_client.py:1740 HTTP Request: POST http://localhost:8081/metacalculation "HTTP/1.1 200 OK"
INFO     httpx:_client.py:1740 HTTP Request: POST https://r.biologicalvariation.eu/metacalculation "HTTP/1.1 200 OK"
INFO     httpx:_client.py:1740 HTTP Request: POST http://localhost:8081/metacalculation "HTTP/1.1 200 OK"
INFO     httpx:_client.py:1740 HTTP Request: POST https://r.biologicalvariation.eu/metacalculation "HTTP/1.1 200 OK"
INFO     httpx:_client.py:1740 HTTP Request: POST http://localhost:8081/metacalculation "HTTP/1.1 200 OK"
INFO     httpx:_client.py:1740 HTTP Request: POST https://r.biologicalvariation.eu/metacalculation "HTTP/1.1 200 OK"
INFO     httpx:_client.py:1740 HTTP Request: POST http://localhost:8081/metacalculation "HTTP/1.1 200 OK"
INFO     httpx:_client.py:1740 HTTP Request: POST https://r.biologicalvariation.eu/metacalculation "HTTP/1.1 200 OK"
INFO     httpx:_client.py:1740 HTTP Request: POST http://localhost:8081/metacalculation "HTTP/1.1 200 OK"
INFO     httpx:_client.py:1740 HTTP Request: POST https://r.biologicalvariation.eu/metacalculation "HTTP/1.1 200 OK"
INFO     httpx:_client.py:1740 HTTP Request: POST http://localhost:8081/metacalculation "HTTP/1.1 200 OK"
INFO     httpx:_client.py:1740 HTTP Request: POST https://r.biologicalvariation.eu/metacalculation "HTTP/1.1 200 OK"
INFO     httpx:_client.py:1740 HTTP Request: POST http://localhost:8081/metacalculation "HTTP/1.1 200 OK"
INFO     httpx:_client.py:1740 HTTP Request: POST https://r.biologicalvariation.eu/metacalculation "HTTP/1.1 200 OK"
INFO     httpx:_client.py:1740 HTTP Request: POST http://localhost:8081/metacalculation "HTTP/1.1 200 OK"
INFO     httpx:_client.py:1740 HTTP Request: POST https://r.biologicalvariation.eu/metacalculation "HTTP/1.1 200 OK"
INFO     httpx:_client.py:1740 HTTP Request: POST http://localhost:8081/metacalculation "HTTP/1.1 200 OK"
INFO     httpx:_client.py:1740 HTTP Request: POST https://r.biologicalvariation.eu/metacalculation "HTTP/1.1 200 OK"
INFO     httpx:_client.py:1740 HTTP Request: POST http://localhost:8081/metacalculation "HTTP/1.1 200 OK"
INFO     httpx:_client.py:1740 HTTP Request: POST https://r.biologicalvariation.eu/metacalculation "HTTP/1.1 200 OK"
INFO     httpx:_client.py:1740 HTTP Request: POST http://localhost:8081/metacalculation "HTTP/1.1 200 OK"
INFO     httpx:_client.py:1740 HTTP Request: POST https://r.biologicalvariation.eu/metacalculation "HTTP/1.1 200 OK"
INFO     httpx:_client.py:1740 HTTP Request: POST http://localhost:8081/metacalculation "HTTP/1.1 200 OK"
INFO     httpx:_client.py:1740 HTTP Request: POST https://r.biologicalvariation.eu/metacalculation "HTTP/1.1 200 OK"
INFO     httpx:_client.py:1740 HTTP Request: POST http://localhost:8081/metacalculation "HTTP/1.1 200 OK"
INFO     httpx:_client.py:1740 HTTP Request: POST https://r.biologicalvariation.eu/metacalculation "HTTP/1.1 200 OK"
INFO     httpx:_client.py:1740 HTTP Request: POST http://localhost:8081/metacalculation "HTTP/1.1 200 OK"
INFO     httpx:_client.py:1740 HTTP Request: POST https://r.biologicalvariation.eu/metacalculation "HTTP/1.1 200 OK"
INFO     httpx:_client.py:1740 HTTP Request: POST http://localhost:8081/metacalculation "HTTP/1.1 200 OK"
INFO     httpx:_client.py:1740 HTTP Request: POST https://r.biologicalvariation.eu/metacalculation "HTTP/1.1 200 OK"
INFO     httpx:_client.py:1740 HTTP Request: POST http://localhost:8081/metacalculation "HTTP/1.1 200 OK"
INFO     httpx:_client.py:1740 HTTP Request: POST https://r.biologicalvariation.eu/metacalculation "HTTP/1.1 200 OK"
INFO     httpx:_client.py:1740 HTTP Request: POST http://localhost:8081/metacalculation "HTTP/1.1 200 OK"
INFO     httpx:_client.py:1740 HTTP Request: POST https://r.biologicalvariation.eu/metacalculation "HTTP/1.1 200 OK"
INFO     httpx:_client.py:1740 HTTP Request: POST http://localhost:8081/metacalculation "HTTP/1.1 200 OK"
INFO     httpx:_client.py:1740 HTTP Request: POST https://r.biologicalvariation.eu/metacalculation "HTTP/1.1 200 OK"
INFO     httpx:_client.py:1740 HTTP Request: POST http://localhost:8081/metacalculation "HTTP/1.1 200 OK"
INFO     httpx:_client.py:1740 HTTP Request: POST https://r.biologicalvariation.eu/metacalculation "HTTP/1.1 200 OK"
INFO     httpx:_client.py:1740 HTTP Request: POST http://localhost:8081/metacalculation "HTTP/1.1 200 OK"
INFO     httpx:_client.py:1740 HTTP Request: POST https://r.biologicalvariation.eu/metacalculation "HTTP/1.1 200 OK"
INFO     httpx:_client.py:1740 HTTP Request: POST http://localhost:8081/metacalculation "HTTP/1.1 200 OK"
INFO     httpx:_client.py:1740 HTTP Request: POST https://r.biologicalvariation.eu/metacalculation "HTTP/1.1 200 OK"
INFO     httpx:_client.py:1740 HTTP Request: POST http://localhost:8081/metacalculation "HTTP/1.1 200 OK"
INFO     httpx:_client.py:1740 HTTP Request: POST https://r.biologicalvariation.eu/metacalculation "HTTP/1.1 200 OK"
INFO     httpx:_client.py:1740 HTTP Request: POST http://localhost:8081/metacalculation "HTTP/1.1 200 OK"
INFO     httpx:_client.py:1740 HTTP Request: POST https://r.biologicalvariation.eu/metacalculation "HTTP/1.1 200 OK"
INFO     httpx:_client.py:1740 HTTP Request: POST http://localhost:8081/metacalculation "HTTP/1.1 200 OK"
INFO     httpx:_client.py:1740 HTTP Request: POST https://r.biologicalvariation.eu/metacalculation "HTTP/1.1 200 OK"
INFO     httpx:_client.py:1740 HTTP Request: POST http://localhost:8081/metacalculation "HTTP/1.1 200 OK"
INFO     httpx:_client.py:1740 HTTP Request: POST https://r.biologicalvariation.eu/metacalculation "HTTP/1.1 200 OK"
INFO     httpx:_client.py:1740 HTTP Request: POST http://localhost:8081/metacalculation "HTTP/1.1 200 OK"
INFO     httpx:_client.py:1740 HTTP Request: POST https://r.biologicalvariation.eu/metacalculation "HTTP/1.1 200 OK"
INFO     httpx:_client.py:1740 HTTP Request: POST http://localhost:8081/metacalculation "HTTP/1.1 200 OK"
INFO     httpx:_client.py:1740 HTTP Request: POST https://r.biologicalvariation.eu/metacalculation "HTTP/1.1 200 OK"
INFO     httpx:_client.py:1740 HTTP Request: POST http://localhost:8081/metacalculation "HTTP/1.1 200 OK"
INFO     httpx:_client.py:1740 HTTP Request: POST https://r.biologicalvariation.eu/metacalculation "HTTP/1.1 200 OK"
INFO     httpx:_client.py:1740 HTTP Request: POST http://localhost:8081/metacalculation "HTTP/1.1 200 OK"
INFO     httpx:_client.py:1740 HTTP Request: POST https://r.biologicalvariation.eu/metacalculation "HTTP/1.1 200 OK"
INFO     httpx:_client.py:1740 HTTP Request: POST http://localhost:8081/metacalculation "HTTP/1.1 200 OK"
INFO     httpx:_client.py:1740 HTTP Request: POST https://r.biologicalvariation.eu/metacalculation "HTTP/1.1 200 OK"
INFO     httpx:_client.py:1740 HTTP Request: POST http://localhost:8081/metacalculation "HTTP/1.1 200 OK"
INFO     httpx:_client.py:1740 HTTP Request: POST https://r.biologicalvariation.eu/metacalculation "HTTP/1.1 200 OK"
INFO     httpx:_client.py:1740 HTTP Request: POST http://localhost:8081/metacalculation "HTTP/1.1 200 OK"
INFO     httpx:_client.py:1740 HTTP Request: POST https://r.biologicalvariation.eu/metacalculation "HTTP/1.1 200 OK"
INFO     httpx:_client.py:1740 HTTP Request: POST http://localhost:8081/metacalculation "HTTP/1.1 200 OK"
INFO     httpx:_client.py:1740 HTTP Request: POST https://r.biologicalvariation.eu/metacalculation "HTTP/1.1 200 OK"
INFO     httpx:_client.py:1740 HTTP Request: POST http://localhost:8081/metacalculation "HTTP/1.1 200 OK"
INFO     httpx:_client.py:1740 HTTP Request: POST https://r.biologicalvariation.eu/metacalculation "HTTP/1.1 200 OK"
INFO     httpx:_client.py:1740 HTTP Request: POST http://localhost:8081/metacalculation "HTTP/1.1 200 OK"
INFO     httpx:_client.py:1740 HTTP Request: POST https://r.biologicalvariation.eu/metacalculation "HTTP/1.1 200 OK"
INFO     httpx:_client.py:1740 HTTP Request: POST http://localhost:8081/metacalculation "HTTP/1.1 200 OK"
INFO     httpx:_client.py:1740 HTTP Request: POST https://r.biologicalvariation.eu/metacalculation "HTTP/1.1 200 OK"
INFO     httpx:_client.py:1740 HTTP Request: POST http://localhost:8081/metacalculation "HTTP/1.1 200 OK"
INFO     httpx:_client.py:1740 HTTP Request: POST https://r.biologicalvariation.eu/metacalculation "HTTP/1.1 200 OK"
INFO     httpx:_client.py:1740 HTTP Request: POST http://localhost:8081/metacalculation "HTTP/1.1 200 OK"
INFO     httpx:_client.py:1740 HTTP Request: POST https://r.biologicalvariation.eu/metacalculation "HTTP/1.1 200 OK"
INFO     httpx:_client.py:1740 HTTP Request: POST http://localhost:8081/metacalculation "HTTP/1.1 200 OK"
INFO     httpx:_client.py:1740 HTTP Request: POST https://r.biologicalvariation.eu/metacalculation "HTTP/1.1 200 OK"
INFO     httpx:_client.py:1740 HTTP Request: POST http://localhost:8081/metacalculation "HTTP/1.1 200 OK"
INFO     httpx:_client.py:1740 HTTP Request: POST https://r.biologicalvariation.eu/metacalculation "HTTP/1.1 200 OK"
INFO     httpx:_client.py:1740 HTTP Request: POST http://localhost:8081/metacalculation "HTTP/1.1 200 OK"
INFO     httpx:_client.py:1740 HTTP Request: POST https://r.biologicalvariation.eu/metacalculation "HTTP/1.1 200 OK"
INFO     httpx:_client.py:1740 HTTP Request: POST http://localhost:8081/metacalculation "HTTP/1.1 200 OK"
INFO     httpx:_client.py:1740 HTTP Request: POST https://r.biologicalvariation.eu/metacalculation "HTTP/1.1 200 OK"
INFO     httpx:_client.py:1740 HTTP Request: POST http://localhost:8081/metacalculation "HTTP/1.1 200 OK"
INFO     httpx:_client.py:1740 HTTP Request: POST https://r.biologicalvariation.eu/metacalculation "HTTP/1.1 200 OK"
INFO     httpx:_client.py:1740 HTTP Request: POST http://localhost:8081/metacalculation "HTTP/1.1 200 OK"
INFO     httpx:_client.py:1740 HTTP Request: POST https://r.biologicalvariation.eu/metacalculation "HTTP/1.1 200 OK"
INFO     httpx:_client.py:1740 HTTP Request: POST http://localhost:8081/metacalculation "HTTP/1.1 200 OK"
INFO     httpx:_client.py:1740 HTTP Request: POST https://r.biologicalvariation.eu/metacalculation "HTTP/1.1 200 OK"
INFO     httpx:_client.py:1740 HTTP Request: POST http://localhost:8081/metacalculation "HTTP/1.1 200 OK"
INFO     httpx:_client.py:1740 HTTP Request: POST https://r.biologicalvariation.eu/metacalculation "HTTP/1.1 200 OK"
INFO     httpx:_client.py:1740 HTTP Request: POST http://localhost:8081/metacalculation "HTTP/1.1 200 OK"
INFO     httpx:_client.py:1740 HTTP Request: POST https://r.biologicalvariation.eu/metacalculation "HTTP/1.1 200 OK"
INFO     httpx:_client.py:1740 HTTP Request: POST http://localhost:8081/metacalculation "HTTP/1.1 200 OK"
INFO     httpx:_client.py:1740 HTTP Request: POST https://r.biologicalvariation.eu/metacalculation "HTTP/1.1 200 OK"
INFO     httpx:_client.py:1740 HTTP Request: POST http://localhost:8081/metacalculation "HTTP/1.1 200 OK"
INFO     httpx:_client.py:1740 HTTP Request: POST https://r.biologicalvariation.eu/metacalculation "HTTP/1.1 200 OK"
INFO     httpx:_client.py:1740 HTTP Request: POST http://localhost:8081/metacalculation "HTTP/1.1 200 OK"
INFO     httpx:_client.py:1740 HTTP Request: POST https://r.biologicalvariation.eu/metacalculation "HTTP/1.1 200 OK"
INFO     httpx:_client.py:1740 HTTP Request: POST http://localhost:8081/metacalculation "HTTP/1.1 200 OK"
INFO     httpx:_client.py:1740 HTTP Request: POST https://r.biologicalvariation.eu/metacalculation "HTTP/1.1 200 OK"
INFO     httpx:_client.py:1740 HTTP Request: POST http://localhost:8081/metacalculation "HTTP/1.1 200 OK"
INFO     httpx:_client.py:1740 HTTP Request: POST https://r.biologicalvariation.eu/metacalculation "HTTP/1.1 200 OK"
INFO     httpx:_client.py:1740 HTTP Request: POST http://localhost:8081/metacalculation "HTTP/1.1 200 OK"
INFO     httpx:_client.py:1740 HTTP Request: POST https://r.biologicalvariation.eu/metacalculation "HTTP/1.1 200 OK"
INFO     httpx:_client.py:1740 HTTP Request: POST http://localhost:8081/metacalculation "HTTP/1.1 200 OK"
INFO     httpx:_client.py:1740 HTTP Request: POST https://r.biologicalvariation.eu/metacalculation "HTTP/1.1 200 OK"
INFO     httpx:_client.py:1740 HTTP Request: POST http://localhost:8081/metacalculation "HTTP/1.1 200 OK"
INFO     httpx:_client.py:1740 HTTP Request: POST https://r.biologicalvariation.eu/metacalculation "HTTP/1.1 200 OK"
INFO     httpx:_client.py:1740 HTTP Request: POST http://localhost:8081/metacalculation "HTTP/1.1 200 OK"
INFO     httpx:_client.py:1740 HTTP Request: POST https://r.biologicalvariation.eu/metacalculation "HTTP/1.1 200 OK"
INFO     httpx:_client.py:1740 HTTP Request: POST http://localhost:8081/metacalculation "HTTP/1.1 200 OK"
INFO     httpx:_client.py:1740 HTTP Request: POST https://r.biologicalvariation.eu/metacalculation "HTTP/1.1 200 OK"
INFO     httpx:_client.py:1740 HTTP Request: POST http://localhost:8081/metacalculation "HTTP/1.1 200 OK"
INFO     httpx:_client.py:1740 HTTP Request: POST https://r.biologicalvariation.eu/metacalculation "HTTP/1.1 200 OK"
INFO     httpx:_client.py:1740 HTTP Request: POST http://localhost:8081/metacalculation "HTTP/1.1 200 OK"
INFO     httpx:_client.py:1740 HTTP Request: POST https://r.biologicalvariation.eu/metacalculation "HTTP/1.1 200 OK"
INFO     httpx:_client.py:1740 HTTP Request: POST http://localhost:8081/metacalculation "HTTP/1.1 200 OK"
INFO     httpx:_client.py:1740 HTTP Request: POST https://r.biologicalvariation.eu/metacalculation "HTTP/1.1 200 OK"
INFO     httpx:_client.py:1740 HTTP Request: POST http://localhost:8081/metacalculation "HTTP/1.1 200 OK"
INFO     httpx:_client.py:1740 HTTP Request: POST https://r.biologicalvariation.eu/metacalculation "HTTP/1.1 200 OK"
INFO     httpx:_client.py:1740 HTTP Request: POST http://localhost:8081/metacalculation "HTTP/1.1 200 OK"
INFO     httpx:_client.py:1740 HTTP Request: POST https://r.biologicalvariation.eu/metacalculation "HTTP/1.1 200 OK"
INFO     httpx:_client.py:1740 HTTP Request: POST http://localhost:8081/metacalculation "HTTP/1.1 200 OK"
INFO     httpx:_client.py:1740 HTTP Request: POST https://r.biologicalvariation.eu/metacalculation "HTTP/1.1 200 OK"
INFO     httpx:_client.py:1740 HTTP Request: POST http://localhost:8081/metacalculation "HTTP/1.1 200 OK"
INFO     httpx:_client.py:1740 HTTP Request: POST https://r.biologicalvariation.eu/metacalculation "HTTP/1.1 200 OK"
INFO     httpx:_client.py:1740 HTTP Request: POST http://localhost:8081/metacalculation "HTTP/1.1 200 OK"
INFO     httpx:_client.py:1740 HTTP Request: POST https://r.biologicalvariation.eu/metacalculation "HTTP/1.1 200 OK"
INFO     httpx:_client.py:1740 HTTP Request: POST http://localhost:8081/metacalculation "HTTP/1.1 200 OK"
INFO     httpx:_client.py:1740 HTTP Request: POST https://r.biologicalvariation.eu/metacalculation "HTTP/1.1 200 OK"
INFO     httpx:_client.py:1740 HTTP Request: POST http://localhost:8081/metacalculation "HTTP/1.1 200 OK"
INFO     httpx:_client.py:1740 HTTP Request: POST https://r.biologicalvariation.eu/metacalculation "HTTP/1.1 200 OK"
INFO     httpx:_client.py:1740 HTTP Request: POST http://localhost:8081/metacalculation "HTTP/1.1 200 OK"
INFO     httpx:_client.py:1740 HTTP Request: POST https://r.biologicalvariation.eu/metacalculation "HTTP/1.1 200 OK"
INFO     httpx:_client.py:1740 HTTP Request: POST http://localhost:8081/metacalculation "HTTP/1.1 200 OK"
INFO     httpx:_client.py:1740 HTTP Request: POST https://r.biologicalvariation.eu/metacalculation "HTTP/1.1 200 OK"
INFO     httpx:_client.py:1740 HTTP Request: POST http://localhost:8081/metacalculation "HTTP/1.1 200 OK"
INFO     httpx:_client.py:1740 HTTP Request: POST https://r.biologicalvariation.eu/metacalculation "HTTP/1.1 200 OK"
INFO     httpx:_client.py:1740 HTTP Request: POST http://localhost:8081/metacalculation "HTTP/1.1 200 OK"
INFO     httpx:_client.py:1740 HTTP Request: POST https://r.biologicalvariation.eu/metacalculation "HTTP/1.1 200 OK"
INFO     httpx:_client.py:1740 HTTP Request: POST http://localhost:8081/metacalculation "HTTP/1.1 200 OK"
INFO     httpx:_client.py:1740 HTTP Request: POST https://r.biologicalvariation.eu/metacalculation "HTTP/1.1 200 OK"
INFO     httpx:_client.py:1740 HTTP Request: POST http://localhost:8081/metacalculation "HTTP/1.1 200 OK"
INFO     httpx:_client.py:1740 HTTP Request: POST https://r.biologicalvariation.eu/metacalculation "HTTP/1.1 200 OK"
INFO     httpx:_client.py:1740 HTTP Request: POST http://localhost:8081/metacalculation "HTTP/1.1 200 OK"
INFO     httpx:_client.py:1740 HTTP Request: POST https://r.biologicalvariation.eu/metacalculation "HTTP/1.1 200 OK"
INFO     httpx:_client.py:1740 HTTP Request: POST http://localhost:8081/metacalculation "HTTP/1.1 200 OK"
INFO     httpx:_client.py:1740 HTTP Request: POST https://r.biologicalvariation.eu/metacalculation "HTTP/1.1 200 OK"
INFO     httpx:_client.py:1740 HTTP Request: POST http://localhost:8081/metacalculation "HTTP/1.1 200 OK"
INFO     httpx:_client.py:1740 HTTP Request: POST https://r.biologicalvariation.eu/metacalculation "HTTP/1.1 200 OK"
INFO     httpx:_client.py:1740 HTTP Request: POST http://localhost:8081/metacalculation "HTTP/1.1 200 OK"
INFO     httpx:_client.py:1740 HTTP Request: POST https://r.biologicalvariation.eu/metacalculation "HTTP/1.1 200 OK"
INFO     httpx:_client.py:1740 HTTP Request: POST http://localhost:8081/metacalculation "HTTP/1.1 200 OK"
INFO     httpx:_client.py:1740 HTTP Request: POST https://r.biologicalvariation.eu/metacalculation "HTTP/1.1 200 OK"
INFO     httpx:_client.py:1740 HTTP Request: POST http://localhost:8081/metacalculation "HTTP/1.1 200 OK"
INFO     httpx:_client.py:1740 HTTP Request: POST https://r.biologicalvariation.eu/metacalculation "HTTP/1.1 200 OK"
INFO     httpx:_client.py:1740 HTTP Request: POST http://localhost:8081/metacalculation "HTTP/1.1 200 OK"
INFO     httpx:_client.py:1740 HTTP Request: POST https://r.biologicalvariation.eu/metacalculation "HTTP/1.1 200 OK"
INFO     httpx:_client.py:1740 HTTP Request: POST http://localhost:8081/metacalculation "HTTP/1.1 200 OK"
INFO     httpx:_client.py:1740 HTTP Request: POST https://r.biologicalvariation.eu/metacalculation "HTTP/1.1 200 OK"
INFO     httpx:_client.py:1740 HTTP Request: POST http://localhost:8081/metacalculation "HTTP/1.1 200 OK"
INFO     httpx:_client.py:1740 HTTP Request: POST https://r.biologicalvariation.eu/metacalculation "HTTP/1.1 200 OK"
INFO     httpx:_client.py:1740 HTTP Request: POST http://localhost:8081/metacalculation "HTTP/1.1 200 OK"
INFO     httpx:_client.py:1740 HTTP Request: POST https://r.biologicalvariation.eu/metacalculation "HTTP/1.1 200 OK"
INFO     httpx:_client.py:1740 HTTP Request: POST http://localhost:8081/metacalculation "HTTP/1.1 200 OK"
INFO     httpx:_client.py:1740 HTTP Request: POST https://r.biologicalvariation.eu/metacalculation "HTTP/1.1 200 OK"
INFO     httpx:_client.py:1740 HTTP Request: POST http://localhost:8081/metacalculation "HTTP/1.1 200 OK"
INFO     httpx:_client.py:1740 HTTP Request: POST https://r.biologicalvariation.eu/metacalculation "HTTP/1.1 200 OK"
INFO     httpx:_client.py:1740 HTTP Request: POST http://localhost:8081/metacalculation "HTTP/1.1 200 OK"
INFO     httpx:_client.py:1740 HTTP Request: POST https://r.biologicalvariation.eu/metacalculation "HTTP/1.1 200 OK"
INFO     httpx:_client.py:1740 HTTP Request: POST http://localhost:8081/metacalculation "HTTP/1.1 200 OK"
INFO     httpx:_client.py:1740 HTTP Request: POST https://r.biologicalvariation.eu/metacalculation "HTTP/1.1 200 OK"
INFO     httpx:_client.py:1740 HTTP Request: POST http://localhost:8081/metacalculation "HTTP/1.1 200 OK"
INFO     httpx:_client.py:1740 HTTP Request: POST https://r.biologicalvariation.eu/metacalculation "HTTP/1.1 200 OK"
INFO     httpx:_client.py:1740 HTTP Request: POST http://localhost:8081/metacalculation "HTTP/1.1 200 OK"
INFO     httpx:_client.py:1740 HTTP Request: POST https://r.biologicalvariation.eu/metacalculation "HTTP/1.1 200 OK"
INFO     httpx:_client.py:1740 HTTP Request: POST http://localhost:8081/metacalculation "HTTP/1.1 200 OK"
INFO     httpx:_client.py:1740 HTTP Request: POST https://r.biologicalvariation.eu/metacalculation "HTTP/1.1 200 OK"
INFO     httpx:_client.py:1740 HTTP Request: POST http://localhost:8081/metacalculation "HTTP/1.1 200 OK"
INFO     httpx:_client.py:1740 HTTP Request: POST https://r.biologicalvariation.eu/metacalculation "HTTP/1.1 200 OK"
INFO     httpx:_client.py:1740 HTTP Request: POST http://localhost:8081/metacalculation "HTTP/1.1 200 OK"
INFO     httpx:_client.py:1740 HTTP Request: POST https://r.biologicalvariation.eu/metacalculation "HTTP/1.1 200 OK"
INFO     httpx:_client.py:1740 HTTP Request: POST http://localhost:8081/metacalculation "HTTP/1.1 200 OK"
INFO     httpx:_client.py:1740 HTTP Request: POST https://r.biologicalvariation.eu/metacalculation "HTTP/1.1 200 OK"
INFO     httpx:_client.py:1740 HTTP Request: POST http://localhost:8081/metacalculation "HTTP/1.1 200 OK"
INFO     httpx:_client.py:1740 HTTP Request: POST https://r.biologicalvariation.eu/metacalculation "HTTP/1.1 200 OK"
INFO     httpx:_client.py:1740 HTTP Request: POST http://localhost:8081/metacalculation "HTTP/1.1 200 OK"
INFO     httpx:_client.py:1740 HTTP Request: POST https://r.biologicalvariation.eu/metacalculation "HTTP/1.1 200 OK"
INFO     httpx:_client.py:1740 HTTP Request: POST http://localhost:8081/metacalculation "HTTP/1.1 200 OK"
INFO     httpx:_client.py:1740 HTTP Request: POST https://r.biologicalvariation.eu/metacalculation "HTTP/1.1 200 OK"
INFO     httpx:_client.py:1740 HTTP Request: POST http://localhost:8081/metacalculation "HTTP/1.1 200 OK"
INFO     httpx:_client.py:1740 HTTP Request: POST https://r.biologicalvariation.eu/metacalculation "HTTP/1.1 200 OK"
INFO     httpx:_client.py:1740 HTTP Request: POST http://localhost:8081/metacalculation "HTTP/1.1 200 OK"
INFO     httpx:_client.py:1740 HTTP Request: POST https://r.biologicalvariation.eu/metacalculation "HTTP/1.1 200 OK"
INFO     httpx:_client.py:1740 HTTP Request: POST http://localhost:8081/metacalculation "HTTP/1.1 200 OK"
INFO     httpx:_client.py:1740 HTTP Request: POST https://r.biologicalvariation.eu/metacalculation "HTTP/1.1 200 OK"
INFO     httpx:_client.py:1740 HTTP Request: POST http://localhost:8081/metacalculation "HTTP/1.1 200 OK"
INFO     httpx:_client.py:1740 HTTP Request: POST https://r.biologicalvariation.eu/metacalculation "HTTP/1.1 200 OK"
INFO     httpx:_client.py:1740 HTTP Request: POST http://localhost:8081/metacalculation "HTTP/1.1 200 OK"
INFO     httpx:_client.py:1740 HTTP Request: POST https://r.biologicalvariation.eu/metacalculation "HTTP/1.1 200 OK"
INFO     httpx:_client.py:1740 HTTP Request: POST http://localhost:8081/metacalculation "HTTP/1.1 200 OK"
INFO     httpx:_client.py:1740 HTTP Request: POST https://r.biologicalvariation.eu/metacalculation "HTTP/1.1 200 OK"
INFO     httpx:_client.py:1740 HTTP Request: POST http://localhost:8081/metacalculation "HTTP/1.1 200 OK"
INFO     httpx:_client.py:1740 HTTP Request: POST https://r.biologicalvariation.eu/metacalculation "HTTP/1.1 200 OK"
INFO     httpx:_client.py:1740 HTTP Request: POST http://localhost:8081/metacalculation "HTTP/1.1 200 OK"
INFO     httpx:_client.py:1740 HTTP Request: POST https://r.biologicalvariation.eu/metacalculation "HTTP/1.1 200 OK"
INFO     httpx:_client.py:1740 HTTP Request: POST http://localhost:8081/metacalculation "HTTP/1.1 200 OK"
INFO     httpx:_client.py:1740 HTTP Request: POST https://r.biologicalvariation.eu/metacalculation "HTTP/1.1 200 OK"
INFO     httpx:_client.py:1740 HTTP Request: POST http://localhost:8081/metacalculation "HTTP/1.1 200 OK"
INFO     httpx:_client.py:1740 HTTP Request: POST https://r.biologicalvariation.eu/metacalculation "HTTP/1.1 200 OK"
INFO     httpx:_client.py:1740 HTTP Request: POST http://localhost:8081/metacalculation "HTTP/1.1 200 OK"
INFO     httpx:_client.py:1740 HTTP Request: POST https://r.biologicalvariation.eu/metacalculation "HTTP/1.1 200 OK"
INFO     httpx:_client.py:1740 HTTP Request: POST http://localhost:8081/metacalculation "HTTP/1.1 200 OK"
INFO     httpx:_client.py:1740 HTTP Request: POST https://r.biologicalvariation.eu/metacalculation "HTTP/1.1 200 OK"
INFO     httpx:_client.py:1740 HTTP Request: POST http://localhost:8081/metacalculation "HTTP/1.1 200 OK"
INFO     httpx:_client.py:1740 HTTP Request: POST https://r.biologicalvariation.eu/metacalculation "HTTP/1.1 200 OK"
INFO     httpx:_client.py:1740 HTTP Request: POST http://localhost:8081/metacalculation "HTTP/1.1 200 OK"
INFO     httpx:_client.py:1740 HTTP Request: POST https://r.biologicalvariation.eu/metacalculation "HTTP/1.1 200 OK"
INFO     httpx:_client.py:1740 HTTP Request: POST http://localhost:8081/metacalculation "HTTP/1.1 200 OK"
INFO     httpx:_client.py:1740 HTTP Request: POST https://r.biologicalvariation.eu/metacalculation "HTTP/1.1 200 OK"
INFO     httpx:_client.py:1740 HTTP Request: POST http://localhost:8081/metacalculation "HTTP/1.1 200 OK"
INFO     httpx:_client.py:1740 HTTP Request: POST https://r.biologicalvariation.eu/metacalculation "HTTP/1.1 200 OK"
INFO     httpx:_client.py:1740 HTTP Request: POST http://localhost:8081/metacalculation "HTTP/1.1 200 OK"
INFO     httpx:_client.py:1740 HTTP Request: POST https://r.biologicalvariation.eu/metacalculation "HTTP/1.1 200 OK"
INFO     httpx:_client.py:1740 HTTP Request: POST http://localhost:8081/metacalculation "HTTP/1.1 200 OK"
INFO     httpx:_client.py:1740 HTTP Request: POST https://r.biologicalvariation.eu/metacalculation "HTTP/1.1 200 OK"
INFO     httpx:_client.py:1740 HTTP Request: POST http://localhost:8081/metacalculation "HTTP/1.1 200 OK"
INFO     httpx:_client.py:1740 HTTP Request: POST https://r.biologicalvariation.eu/metacalculation "HTTP/1.1 200 OK"
INFO     httpx:_client.py:1740 HTTP Request: POST http://localhost:8081/metacalculation "HTTP/1.1 200 OK"
INFO     httpx:_client.py:1740 HTTP Request: POST https://r.biologicalvariation.eu/metacalculation "HTTP/1.1 200 OK"
INFO     httpx:_client.py:1740 HTTP Request: POST http://localhost:8081/metacalculation "HTTP/1.1 200 OK"
INFO     httpx:_client.py:1740 HTTP Request: POST https://r.biologicalvariation.eu/metacalculation "HTTP/1.1 200 OK"
INFO     httpx:_client.py:1740 HTTP Request: POST http://localhost:8081/metacalculation "HTTP/1.1 200 OK"
INFO     httpx:_client.py:1740 HTTP Request: POST https://r.biologicalvariation.eu/metacalculation "HTTP/1.1 200 OK"
INFO     httpx:_client.py:1740 HTTP Request: POST http://localhost:8081/metacalculation "HTTP/1.1 200 OK"
INFO     httpx:_client.py:1740 HTTP Request: POST https://r.biologicalvariation.eu/metacalculation "HTTP/1.1 200 OK"
INFO     httpx:_client.py:1740 HTTP Request: POST http://localhost:8081/metacalculation "HTTP/1.1 200 OK"
INFO     httpx:_client.py:1740 HTTP Request: POST https://r.biologicalvariation.eu/metacalculation "HTTP/1.1 200 OK"
INFO     httpx:_client.py:1740 HTTP Request: POST http://localhost:8081/metacalculation "HTTP/1.1 200 OK"
INFO     httpx:_client.py:1740 HTTP Request: POST https://r.biologicalvariation.eu/metacalculation "HTTP/1.1 200 OK"
INFO     httpx:_client.py:1740 HTTP Request: POST http://localhost:8081/metacalculation "HTTP/1.1 200 OK"
INFO     httpx:_client.py:1740 HTTP Request: POST https://r.biologicalvariation.eu/metacalculation "HTTP/1.1 200 OK"
INFO     httpx:_client.py:1740 HTTP Request: POST http://localhost:8081/metacalculation "HTTP/1.1 200 OK"
INFO     httpx:_client.py:1740 HTTP Request: POST https://r.biologicalvariation.eu/metacalculation "HTTP/1.1 200 OK"
INFO     httpx:_client.py:1740 HTTP Request: POST http://localhost:8081/metacalculation "HTTP/1.1 200 OK"
INFO     httpx:_client.py:1740 HTTP Request: POST https://r.biologicalvariation.eu/metacalculation "HTTP/1.1 200 OK"
INFO     httpx:_client.py:1740 HTTP Request: POST http://localhost:8081/metacalculation "HTTP/1.1 200 OK"
INFO     httpx:_client.py:1740 HTTP Request: POST https://r.biologicalvariation.eu/metacalculation "HTTP/1.1 200 OK"
INFO     httpx:_client.py:1740 HTTP Request: POST http://localhost:8081/metacalculation "HTTP/1.1 200 OK"
INFO     httpx:_client.py:1740 HTTP Request: POST https://r.biologicalvariation.eu/metacalculation "HTTP/1.1 200 OK"
INFO     httpx:_client.py:1740 HTTP Request: POST http://localhost:8081/metacalculation "HTTP/1.1 200 OK"
INFO     httpx:_client.py:1740 HTTP Request: POST https://r.biologicalvariation.eu/metacalculation "HTTP/1.1 200 OK"
INFO     httpx:_client.py:1740 HTTP Request: POST http://localhost:8081/metacalculation "HTTP/1.1 200 OK"
INFO     httpx:_client.py:1740 HTTP Request: POST https://r.biologicalvariation.eu/metacalculation "HTTP/1.1 200 OK"
INFO     httpx:_client.py:1740 HTTP Request: POST http://localhost:8081/metacalculation "HTTP/1.1 200 OK"
INFO     httpx:_client.py:1740 HTTP Request: POST https://r.biologicalvariation.eu/metacalculation "HTTP/1.1 200 OK"
INFO     httpx:_client.py:1740 HTTP Request: POST http://localhost:8081/metacalculation "HTTP/1.1 200 OK"
INFO     httpx:_client.py:1740 HTTP Request: POST https://r.biologicalvariation.eu/metacalculation "HTTP/1.1 200 OK"
INFO     httpx:_client.py:1740 HTTP Request: POST http://localhost:8081/metacalculation "HTTP/1.1 200 OK"
INFO     httpx:_client.py:1740 HTTP Request: POST https://r.biologicalvariation.eu/metacalculation "HTTP/1.1 200 OK"
INFO     httpx:_client.py:1740 HTTP Request: POST http://localhost:8081/metacalculation "HTTP/1.1 200 OK"
INFO     httpx:_client.py:1740 HTTP Request: POST https://r.biologicalvariation.eu/metacalculation "HTTP/1.1 200 OK"
INFO     httpx:_client.py:1740 HTTP Request: POST http://localhost:8081/metacalculation "HTTP/1.1 200 OK"
INFO     httpx:_client.py:1740 HTTP Request: POST https://r.biologicalvariation.eu/metacalculation "HTTP/1.1 200 OK"
INFO     httpx:_client.py:1740 HTTP Request: POST http://localhost:8081/metacalculation "HTTP/1.1 200 OK"
INFO     httpx:_client.py:1740 HTTP Request: POST https://r.biologicalvariation.eu/metacalculation "HTTP/1.1 200 OK"
INFO     httpx:_client.py:1740 HTTP Request: POST http://localhost:8081/metacalculation "HTTP/1.1 200 OK"
INFO     httpx:_client.py:1740 HTTP Request: POST https://r.biologicalvariation.eu/metacalculation "HTTP/1.1 200 OK"
INFO     httpx:_client.py:1740 HTTP Request: POST http://localhost:8081/metacalculation "HTTP/1.1 200 OK"
INFO     httpx:_client.py:1740 HTTP Request: POST https://r.biologicalvariation.eu/metacalculation "HTTP/1.1 200 OK"
INFO     httpx:_client.py:1740 HTTP Request: POST http://localhost:8081/metacalculation "HTTP/1.1 200 OK"
INFO     httpx:_client.py:1740 HTTP Request: POST https://r.biologicalvariation.eu/metacalculation "HTTP/1.1 200 OK"
INFO     httpx:_client.py:1740 HTTP Request: POST http://localhost:8081/metacalculation "HTTP/1.1 200 OK"
INFO     httpx:_client.py:1740 HTTP Request: POST https://r.biologicalvariation.eu/metacalculation "HTTP/1.1 200 OK"
INFO     httpx:_client.py:1740 HTTP Request: POST http://localhost:8081/metacalculation "HTTP/1.1 200 OK"
INFO     httpx:_client.py:1740 HTTP Request: POST https://r.biologicalvariation.eu/metacalculation "HTTP/1.1 200 OK"
INFO     httpx:_client.py:1740 HTTP Request: POST http://localhost:8081/metacalculation "HTTP/1.1 200 OK"
INFO     httpx:_client.py:1740 HTTP Request: POST https://r.biologicalvariation.eu/metacalculation "HTTP/1.1 200 OK"
INFO     httpx:_client.py:1740 HTTP Request: POST http://localhost:8081/metacalculation "HTTP/1.1 200 OK"
INFO     httpx:_client.py:1740 HTTP Request: POST https://r.biologicalvariation.eu/metacalculation "HTTP/1.1 200 OK"
INFO     httpx:_client.py:1740 HTTP Request: POST http://localhost:8081/metacalculation "HTTP/1.1 200 OK"
INFO     httpx:_client.py:1740 HTTP Request: POST https://r.biologicalvariation.eu/metacalculation "HTTP/1.1 200 OK"
INFO     httpx:_client.py:1740 HTTP Request: POST http://localhost:8081/metacalculation "HTTP/1.1 200 OK"
INFO     httpx:_client.py:1740 HTTP Request: POST https://r.biologicalvariation.eu/metacalculation "HTTP/1.1 200 OK"
INFO     httpx:_client.py:1740 HTTP Request: POST http://localhost:8081/metacalculation "HTTP/1.1 200 OK"
INFO     httpx:_client.py:1740 HTTP Request: POST https://r.biologicalvariation.eu/metacalculation "HTTP/1.1 200 OK"
INFO     httpx:_client.py:1740 HTTP Request: POST http://localhost:8081/metacalculation "HTTP/1.1 200 OK"
INFO     httpx:_client.py:1740 HTTP Request: POST https://r.biologicalvariation.eu/metacalculation "HTTP/1.1 200 OK"
INFO     httpx:_client.py:1740 HTTP Request: POST http://localhost:8081/metacalculation "HTTP/1.1 200 OK"
INFO     httpx:_client.py:1740 HTTP Request: POST https://r.biologicalvariation.eu/metacalculation "HTTP/1.1 200 OK"
INFO     httpx:_client.py:1740 HTTP Request: POST http://localhost:8081/metacalculation "HTTP/1.1 200 OK"
INFO     httpx:_client.py:1740 HTTP Request: POST https://r.biologicalvariation.eu/metacalculation "HTTP/1.1 200 OK"
INFO     httpx:_client.py:1740 HTTP Request: POST http://localhost:8081/metacalculation "HTTP/1.1 200 OK"
INFO     httpx:_client.py:1740 HTTP Request: POST https://r.biologicalvariation.eu/metacalculation "HTTP/1.1 200 OK"
INFO     httpx:_client.py:1740 HTTP Request: POST http://localhost:8081/metacalculation "HTTP/1.1 200 OK"
INFO     httpx:_client.py:1740 HTTP Request: POST https://r.biologicalvariation.eu/metacalculation "HTTP/1.1 200 OK"
INFO     httpx:_client.py:1740 HTTP Request: POST http://localhost:8081/metacalculation "HTTP/1.1 200 OK"
INFO     httpx:_client.py:1740 HTTP Request: POST https://r.biologicalvariation.eu/metacalculation "HTTP/1.1 200 OK"
INFO     httpx:_client.py:1740 HTTP Request: POST http://localhost:8081/metacalculation "HTTP/1.1 200 OK"
INFO     httpx:_client.py:1740 HTTP Request: POST https://r.biologicalvariation.eu/metacalculation "HTTP/1.1 200 OK"
INFO     httpx:_client.py:1740 HTTP Request: POST http://localhost:8081/metacalculation "HTTP/1.1 200 OK"
INFO     httpx:_client.py:1740 HTTP Request: POST https://r.biologicalvariation.eu/metacalculation "HTTP/1.1 200 OK"
INFO     httpx:_client.py:1740 HTTP Request: POST http://localhost:8081/metacalculation "HTTP/1.1 200 OK"
INFO     httpx:_client.py:1740 HTTP Request: POST https://r.biologicalvariation.eu/metacalculation "HTTP/1.1 200 OK"
INFO     httpx:_client.py:1740 HTTP Request: POST http://localhost:8081/metacalculation "HTTP/1.1 200 OK"
INFO     httpx:_client.py:1740 HTTP Request: POST https://r.biologicalvariation.eu/metacalculation "HTTP/1.1 200 OK"
INFO     httpx:_client.py:1740 HTTP Request: POST http://localhost:8081/metacalculation "HTTP/1.1 200 OK"
INFO     httpx:_client.py:1740 HTTP Request: POST https://r.biologicalvariation.eu/metacalculation "HTTP/1.1 200 OK"
INFO     httpx:_client.py:1740 HTTP Request: POST http://localhost:8081/metacalculation "HTTP/1.1 200 OK"
INFO     httpx:_client.py:1740 HTTP Request: POST https://r.biologicalvariation.eu/metacalculation "HTTP/1.1 200 OK"
INFO     httpx:_client.py:1740 HTTP Request: POST http://localhost:8081/metacalculation "HTTP/1.1 200 OK"
INFO     httpx:_client.py:1740 HTTP Request: POST https://r.biologicalvariation.eu/metacalculation "HTTP/1.1 200 OK"
INFO     httpx:_client.py:1740 HTTP Request: POST http://localhost:8081/metacalculation "HTTP/1.1 200 OK"
INFO     httpx:_client.py:1740 HTTP Request: POST https://r.biologicalvariation.eu/metacalculation "HTTP/1.1 200 OK"
INFO     httpx:_client.py:1740 HTTP Request: POST http://localhost:8081/metacalculation "HTTP/1.1 200 OK"
INFO     httpx:_client.py:1740 HTTP Request: POST https://r.biologicalvariation.eu/metacalculation "HTTP/1.1 200 OK"
INFO     httpx:_client.py:1740 HTTP Request: POST http://localhost:8081/metacalculation "HTTP/1.1 200 OK"
INFO     httpx:_client.py:1740 HTTP Request: POST https://r.biologicalvariation.eu/metacalculation "HTTP/1.1 200 OK"
INFO     httpx:_client.py:1740 HTTP Request: POST http://localhost:8081/metacalculation "HTTP/1.1 200 OK"
INFO     httpx:_client.py:1740 HTTP Request: POST https://r.biologicalvariation.eu/metacalculation "HTTP/1.1 200 OK"
INFO     httpx:_client.py:1740 HTTP Request: POST http://localhost:8081/metacalculation "HTTP/1.1 200 OK"
INFO     httpx:_client.py:1740 HTTP Request: POST https://r.biologicalvariation.eu/metacalculation "HTTP/1.1 200 OK"
INFO     httpx:_client.py:1740 HTTP Request: POST http://localhost:8081/metacalculation "HTTP/1.1 200 OK"
INFO     httpx:_client.py:1740 HTTP Request: POST https://r.biologicalvariation.eu/metacalculation "HTTP/1.1 200 OK"
INFO     httpx:_client.py:1740 HTTP Request: POST http://localhost:8081/metacalculation "HTTP/1.1 200 OK"
INFO     httpx:_client.py:1740 HTTP Request: POST https://r.biologicalvariation.eu/metacalculation "HTTP/1.1 200 OK"
INFO     httpx:_client.py:1740 HTTP Request: POST http://localhost:8081/metacalculation "HTTP/1.1 200 OK"
INFO     httpx:_client.py:1740 HTTP Request: POST https://r.biologicalvariation.eu/metacalculation "HTTP/1.1 200 OK"
INFO     httpx:_client.py:1740 HTTP Request: POST http://localhost:8081/metacalculation "HTTP/1.1 200 OK"
INFO     httpx:_client.py:1740 HTTP Request: POST https://r.biologicalvariation.eu/metacalculation "HTTP/1.1 200 OK"
INFO     httpx:_client.py:1740 HTTP Request: POST http://localhost:8081/metacalculation "HTTP/1.1 200 OK"
INFO     httpx:_client.py:1740 HTTP Request: POST https://r.biologicalvariation.eu/metacalculation "HTTP/1.1 200 OK"
INFO     httpx:_client.py:1740 HTTP Request: POST http://localhost:8081/metacalculation "HTTP/1.1 200 OK"
INFO     httpx:_client.py:1740 HTTP Request: POST https://r.biologicalvariation.eu/metacalculation "HTTP/1.1 200 OK"
INFO     httpx:_client.py:1740 HTTP Request: POST http://localhost:8081/metacalculation "HTTP/1.1 200 OK"
INFO     httpx:_client.py:1740 HTTP Request: POST https://r.biologicalvariation.eu/metacalculation "HTTP/1.1 200 OK"
INFO     httpx:_client.py:1740 HTTP Request: POST http://localhost:8081/metacalculation "HTTP/1.1 200 OK"
INFO     httpx:_client.py:1740 HTTP Request: POST https://r.biologicalvariation.eu/metacalculation "HTTP/1.1 200 OK"
INFO     httpx:_client.py:1740 HTTP Request: POST http://localhost:8081/metacalculation "HTTP/1.1 200 OK"
INFO     httpx:_client.py:1740 HTTP Request: POST https://r.biologicalvariation.eu/metacalculation "HTTP/1.1 200 OK"
INFO     httpx:_client.py:1740 HTTP Request: POST http://localhost:8081/metacalculation "HTTP/1.1 200 OK"
INFO     httpx:_client.py:1740 HTTP Request: POST https://r.biologicalvariation.eu/metacalculation "HTTP/1.1 200 OK"
INFO     httpx:_client.py:1740 HTTP Request: POST http://localhost:8081/metacalculation "HTTP/1.1 200 OK"
INFO     httpx:_client.py:1740 HTTP Request: POST https://r.biologicalvariation.eu/metacalculation "HTTP/1.1 200 OK"
INFO     httpx:_client.py:1740 HTTP Request: POST http://localhost:8081/metacalculation "HTTP/1.1 200 OK"
INFO     httpx:_client.py:1740 HTTP Request: POST https://r.biologicalvariation.eu/metacalculation "HTTP/1.1 200 OK"
INFO     httpx:_client.py:1740 HTTP Request: POST http://localhost:8081/metacalculation "HTTP/1.1 200 OK"
INFO     httpx:_client.py:1740 HTTP Request: POST https://r.biologicalvariation.eu/metacalculation "HTTP/1.1 200 OK"
INFO     httpx:_client.py:1740 HTTP Request: POST http://localhost:8081/metacalculation "HTTP/1.1 200 OK"
INFO     httpx:_client.py:1740 HTTP Request: POST https://r.biologicalvariation.eu/metacalculation "HTTP/1.1 200 OK"
INFO     httpx:_client.py:1740 HTTP Request: POST http://localhost:8081/metacalculation "HTTP/1.1 200 OK"
INFO     httpx:_client.py:1740 HTTP Request: POST https://r.biologicalvariation.eu/metacalculation "HTTP/1.1 200 OK"
INFO     httpx:_client.py:1740 HTTP Request: POST http://localhost:8081/metacalculation "HTTP/1.1 200 OK"
INFO     httpx:_client.py:1740 HTTP Request: POST https://r.biologicalvariation.eu/metacalculation "HTTP/1.1 200 OK"
INFO     httpx:_client.py:1740 HTTP Request: POST http://localhost:8081/metacalculation "HTTP/1.1 200 OK"
INFO     httpx:_client.py:1740 HTTP Request: POST https://r.biologicalvariation.eu/metacalculation "HTTP/1.1 200 OK"
INFO     httpx:_client.py:1740 HTTP Request: POST http://localhost:8081/metacalculation "HTTP/1.1 200 OK"
INFO     httpx:_client.py:1740 HTTP Request: POST https://r.biologicalvariation.eu/metacalculation "HTTP/1.1 200 OK"
INFO     httpx:_client.py:1740 HTTP Request: POST http://localhost:8081/metacalculation "HTTP/1.1 200 OK"
INFO     httpx:_client.py:1740 HTTP Request: POST https://r.biologicalvariation.eu/metacalculation "HTTP/1.1 200 OK"
INFO     httpx:_client.py:1740 HTTP Request: POST http://localhost:8081/metacalculation "HTTP/1.1 200 OK"
INFO     httpx:_client.py:1740 HTTP Request: POST https://r.biologicalvariation.eu/metacalculation "HTTP/1.1 200 OK"
INFO     httpx:_client.py:1740 HTTP Request: POST http://localhost:8081/metacalculation "HTTP/1.1 200 OK"
INFO     httpx:_client.py:1740 HTTP Request: POST https://r.biologicalvariation.eu/metacalculation "HTTP/1.1 200 OK"
INFO     httpx:_client.py:1740 HTTP Request: POST http://localhost:8081/metacalculation "HTTP/1.1 200 OK"
INFO     httpx:_client.py:1740 HTTP Request: POST https://r.biologicalvariation.eu/metacalculation "HTTP/1.1 200 OK"
INFO     httpx:_client.py:1740 HTTP Request: POST http://localhost:8081/metacalculation "HTTP/1.1 200 OK"
INFO     httpx:_client.py:1740 HTTP Request: POST https://r.biologicalvariation.eu/metacalculation "HTTP/1.1 200 OK"
INFO     httpx:_client.py:1740 HTTP Request: POST http://localhost:8081/metacalculation "HTTP/1.1 200 OK"
INFO     httpx:_client.py:1740 HTTP Request: POST https://r.biologicalvariation.eu/metacalculation "HTTP/1.1 200 OK"
INFO     httpx:_client.py:1740 HTTP Request: POST http://localhost:8081/metacalculation "HTTP/1.1 200 OK"
INFO     httpx:_client.py:1740 HTTP Request: POST https://r.biologicalvariation.eu/metacalculation "HTTP/1.1 200 OK"
INFO     httpx:_client.py:1740 HTTP Request: POST http://localhost:8081/metacalculation "HTTP/1.1 200 OK"
INFO     httpx:_client.py:1740 HTTP Request: POST https://r.biologicalvariation.eu/metacalculation "HTTP/1.1 200 OK"
INFO     httpx:_client.py:1740 HTTP Request: POST http://localhost:8081/metacalculation "HTTP/1.1 200 OK"
INFO     httpx:_client.py:1740 HTTP Request: POST https://r.biologicalvariation.eu/metacalculation "HTTP/1.1 200 OK"
INFO     httpx:_client.py:1740 HTTP Request: POST http://localhost:8081/metacalculation "HTTP/1.1 200 OK"
INFO     httpx:_client.py:1740 HTTP Request: POST https://r.biologicalvariation.eu/metacalculation "HTTP/1.1 200 OK"
INFO     httpx:_client.py:1740 HTTP Request: POST http://localhost:8081/metacalculation "HTTP/1.1 200 OK"
INFO     httpx:_client.py:1740 HTTP Request: POST https://r.biologicalvariation.eu/metacalculation "HTTP/1.1 200 OK"
INFO     httpx:_client.py:1740 HTTP Request: POST http://localhost:8081/metacalculation "HTTP/1.1 200 OK"
INFO     httpx:_client.py:1740 HTTP Request: POST https://r.biologicalvariation.eu/metacalculation "HTTP/1.1 200 OK"
INFO     httpx:_client.py:1740 HTTP Request: POST http://localhost:8081/metacalculation "HTTP/1.1 200 OK"
INFO     httpx:_client.py:1740 HTTP Request: POST https://r.biologicalvariation.eu/metacalculation "HTTP/1.1 200 OK"
INFO     httpx:_client.py:1740 HTTP Request: POST http://localhost:8081/metacalculation "HTTP/1.1 200 OK"
INFO     httpx:_client.py:1740 HTTP Request: POST https://r.biologicalvariation.eu/metacalculation "HTTP/1.1 200 OK"
INFO     httpx:_client.py:1740 HTTP Request: POST http://localhost:8081/metacalculation "HTTP/1.1 200 OK"
INFO     httpx:_client.py:1740 HTTP Request: POST https://r.biologicalvariation.eu/metacalculation "HTTP/1.1 200 OK"
INFO     httpx:_client.py:1740 HTTP Request: POST http://localhost:8081/metacalculation "HTTP/1.1 200 OK"
INFO     httpx:_client.py:1740 HTTP Request: POST https://r.biologicalvariation.eu/metacalculation "HTTP/1.1 200 OK"
INFO     httpx:_client.py:1740 HTTP Request: POST http://localhost:8081/metacalculation "HTTP/1.1 200 OK"
INFO     httpx:_client.py:1740 HTTP Request: POST https://r.biologicalvariation.eu/metacalculation "HTTP/1.1 200 OK"
INFO     httpx:_client.py:1740 HTTP Request: POST http://localhost:8081/metacalculation "HTTP/1.1 200 OK"
INFO     httpx:_client.py:1740 HTTP Request: POST https://r.biologicalvariation.eu/metacalculation "HTTP/1.1 200 OK"
INFO     httpx:_client.py:1740 HTTP Request: POST http://localhost:8081/metacalculation "HTTP/1.1 200 OK"
INFO     httpx:_client.py:1740 HTTP Request: POST https://r.biologicalvariation.eu/metacalculation "HTTP/1.1 200 OK"
INFO     httpx:_client.py:1740 HTTP Request: POST http://localhost:8081/metacalculation "HTTP/1.1 200 OK"
INFO     httpx:_client.py:1740 HTTP Request: POST https://r.biologicalvariation.eu/metacalculation "HTTP/1.1 200 OK"
INFO     httpx:_client.py:1740 HTTP Request: POST http://localhost:8081/metacalculation "HTTP/1.1 200 OK"
INFO     httpx:_client.py:1740 HTTP Request: POST https://r.biologicalvariation.eu/metacalculation "HTTP/1.1 200 OK"
INFO     httpx:_client.py:1740 HTTP Request: POST http://localhost:8081/metacalculation "HTTP/1.1 200 OK"
INFO     httpx:_client.py:1740 HTTP Request: POST https://r.biologicalvariation.eu/metacalculation "HTTP/1.1 200 OK"
INFO     httpx:_client.py:1740 HTTP Request: POST http://localhost:8081/metacalculation "HTTP/1.1 200 OK"
INFO     httpx:_client.py:1740 HTTP Request: POST https://r.biologicalvariation.eu/metacalculation "HTTP/1.1 200 OK"
INFO     httpx:_client.py:1740 HTTP Request: POST http://localhost:8081/metacalculation "HTTP/1.1 200 OK"
INFO     httpx:_client.py:1740 HTTP Request: POST https://r.biologicalvariation.eu/metacalculation "HTTP/1.1 200 OK"
INFO     httpx:_client.py:1740 HTTP Request: POST http://localhost:8081/metacalculation "HTTP/1.1 200 OK"
INFO     httpx:_client.py:1740 HTTP Request: POST https://r.biologicalvariation.eu/metacalculation "HTTP/1.1 200 OK"
INFO     httpx:_client.py:1740 HTTP Request: POST http://localhost:8081/metacalculation "HTTP/1.1 200 OK"
INFO     httpx:_client.py:1740 HTTP Request: POST https://r.biologicalvariation.eu/metacalculation "HTTP/1.1 200 OK"
INFO     httpx:_client.py:1740 HTTP Request: POST http://localhost:8081/metacalculation "HTTP/1.1 200 OK"
INFO     httpx:_client.py:1740 HTTP Request: POST https://r.biologicalvariation.eu/metacalculation "HTTP/1.1 200 OK"
INFO     httpx:_client.py:1740 HTTP Request: POST http://localhost:8081/metacalculation "HTTP/1.1 200 OK"
INFO     httpx:_client.py:1740 HTTP Request: POST https://r.biologicalvariation.eu/metacalculation "HTTP/1.1 200 OK"
INFO     httpx:_client.py:1740 HTTP Request: POST http://localhost:8081/metacalculation "HTTP/1.1 200 OK"
INFO     httpx:_client.py:1740 HTTP Request: POST https://r.biologicalvariation.eu/metacalculation "HTTP/1.1 200 OK"
INFO     httpx:_client.py:1740 HTTP Request: POST http://localhost:8081/metacalculation "HTTP/1.1 200 OK"
INFO     httpx:_client.py:1740 HTTP Request: POST https://r.biologicalvariation.eu/metacalculation "HTTP/1.1 200 OK"
INFO     httpx:_client.py:1740 HTTP Request: POST http://localhost:8081/metacalculation "HTTP/1.1 200 OK"
INFO     httpx:_client.py:1740 HTTP Request: POST https://r.biologicalvariation.eu/metacalculation "HTTP/1.1 200 OK"
INFO     httpx:_client.py:1740 HTTP Request: POST http://localhost:8081/metacalculation "HTTP/1.1 200 OK"
INFO     httpx:_client.py:1740 HTTP Request: POST https://r.biologicalvariation.eu/metacalculation "HTTP/1.1 200 OK"
INFO     httpx:_client.py:1740 HTTP Request: POST http://localhost:8081/metacalculation "HTTP/1.1 200 OK"
INFO     httpx:_client.py:1740 HTTP Request: POST https://r.biologicalvariation.eu/metacalculation "HTTP/1.1 200 OK"
INFO     httpx:_client.py:1740 HTTP Request: POST http://localhost:8081/metacalculation "HTTP/1.1 200 OK"
INFO     httpx:_client.py:1740 HTTP Request: POST https://r.biologicalvariation.eu/metacalculation "HTTP/1.1 200 OK"
INFO     httpx:_client.py:1740 HTTP Request: POST http://localhost:8081/metacalculation "HTTP/1.1 200 OK"
INFO     httpx:_client.py:1740 HTTP Request: POST https://r.biologicalvariation.eu/metacalculation "HTTP/1.1 200 OK"
INFO     httpx:_client.py:1740 HTTP Request: POST http://localhost:8081/metacalculation "HTTP/1.1 200 OK"
INFO     httpx:_client.py:1740 HTTP Request: POST https://r.biologicalvariation.eu/metacalculation "HTTP/1.1 200 OK"
INFO     httpx:_client.py:1740 HTTP Request: POST http://localhost:8081/metacalculation "HTTP/1.1 200 OK"
INFO     httpx:_client.py:1740 HTTP Request: POST https://r.biologicalvariation.eu/metacalculation "HTTP/1.1 200 OK"
INFO     httpx:_client.py:1740 HTTP Request: POST http://localhost:8081/metacalculation "HTTP/1.1 200 OK"
INFO     httpx:_client.py:1740 HTTP Request: POST https://r.biologicalvariation.eu/metacalculation "HTTP/1.1 200 OK"
INFO     httpx:_client.py:1740 HTTP Request: POST http://localhost:8081/metacalculation "HTTP/1.1 200 OK"
INFO     httpx:_client.py:1740 HTTP Request: POST https://r.biologicalvariation.eu/metacalculation "HTTP/1.1 200 OK"
INFO     httpx:_client.py:1740 HTTP Request: POST http://localhost:8081/metacalculation "HTTP/1.1 200 OK"
INFO     httpx:_client.py:1740 HTTP Request: POST https://r.biologicalvariation.eu/metacalculation "HTTP/1.1 200 OK"
INFO     httpx:_client.py:1740 HTTP Request: POST http://localhost:8081/metacalculation "HTTP/1.1 200 OK"
INFO     httpx:_client.py:1740 HTTP Request: POST https://r.biologicalvariation.eu/metacalculation "HTTP/1.1 200 OK"
INFO     httpx:_client.py:1740 HTTP Request: POST http://localhost:8081/metacalculation "HTTP/1.1 200 OK"
INFO     httpx:_client.py:1740 HTTP Request: POST https://r.biologicalvariation.eu/metacalculation "HTTP/1.1 200 OK"
INFO     httpx:_client.py:1740 HTTP Request: POST http://localhost:8081/metacalculation "HTTP/1.1 200 OK"
INFO     httpx:_client.py:1740 HTTP Request: POST https://r.biologicalvariation.eu/metacalculation "HTTP/1.1 200 OK"
INFO     httpx:_client.py:1740 HTTP Request: POST http://localhost:8081/metacalculation "HTTP/1.1 200 OK"
INFO     httpx:_client.py:1740 HTTP Request: POST https://r.biologicalvariation.eu/metacalculation "HTTP/1.1 200 OK"
INFO     httpx:_client.py:1740 HTTP Request: POST http://localhost:8081/metacalculation "HTTP/1.1 200 OK"
INFO     httpx:_client.py:1740 HTTP Request: POST https://r.biologicalvariation.eu/metacalculation "HTTP/1.1 200 OK"
INFO     httpx:_client.py:1740 HTTP Request: POST http://localhost:8081/metacalculation "HTTP/1.1 200 OK"
INFO     httpx:_client.py:1740 HTTP Request: POST https://r.biologicalvariation.eu/metacalculation "HTTP/1.1 200 OK"
INFO     httpx:_client.py:1740 HTTP Request: POST http://localhost:8081/metacalculation "HTTP/1.1 200 OK"
INFO     httpx:_client.py:1740 HTTP Request: POST https://r.biologicalvariation.eu/metacalculation "HTTP/1.1 200 OK"
INFO     httpx:_client.py:1740 HTTP Request: POST http://localhost:8081/metacalculation "HTTP/1.1 200 OK"
INFO     httpx:_client.py:1740 HTTP Request: POST https://r.biologicalvariation.eu/metacalculation "HTTP/1.1 200 OK"
INFO     httpx:_client.py:1740 HTTP Request: POST http://localhost:8081/metacalculation "HTTP/1.1 200 OK"
INFO     httpx:_client.py:1740 HTTP Request: POST https://r.biologicalvariation.eu/metacalculation "HTTP/1.1 200 OK"
INFO     httpx:_client.py:1740 HTTP Request: POST http://localhost:8081/metacalculation "HTTP/1.1 200 OK"
INFO     httpx:_client.py:1740 HTTP Request: POST https://r.biologicalvariation.eu/metacalculation "HTTP/1.1 200 OK"
INFO     httpx:_client.py:1740 HTTP Request: POST http://localhost:8081/metacalculation "HTTP/1.1 200 OK"
INFO     httpx:_client.py:1740 HTTP Request: POST https://r.biologicalvariation.eu/metacalculation "HTTP/1.1 200 OK"
INFO     httpx:_client.py:1740 HTTP Request: POST http://localhost:8081/metacalculation "HTTP/1.1 200 OK"
INFO     httpx:_client.py:1740 HTTP Request: POST https://r.biologicalvariation.eu/metacalculation "HTTP/1.1 200 OK"
INFO     httpx:_client.py:1740 HTTP Request: POST http://localhost:8081/metacalculation "HTTP/1.1 200 OK"
INFO     httpx:_client.py:1740 HTTP Request: POST https://r.biologicalvariation.eu/metacalculation "HTTP/1.1 200 OK"
INFO     httpx:_client.py:1740 HTTP Request: POST http://localhost:8081/metacalculation "HTTP/1.1 200 OK"
INFO     httpx:_client.py:1740 HTTP Request: POST https://r.biologicalvariation.eu/metacalculation "HTTP/1.1 200 OK"
INFO     httpx:_client.py:1740 HTTP Request: POST http://localhost:8081/metacalculation "HTTP/1.1 200 OK"
INFO     httpx:_client.py:1740 HTTP Request: POST https://r.biologicalvariation.eu/metacalculation "HTTP/1.1 200 OK"
INFO     httpx:_client.py:1740 HTTP Request: POST http://localhost:8081/metacalculation "HTTP/1.1 200 OK"
INFO     httpx:_client.py:1740 HTTP Request: POST https://r.biologicalvariation.eu/metacalculation "HTTP/1.1 200 OK"
INFO     httpx:_client.py:1740 HTTP Request: POST http://localhost:8081/metacalculation "HTTP/1.1 200 OK"
INFO     httpx:_client.py:1740 HTTP Request: POST https://r.biologicalvariation.eu/metacalculation "HTTP/1.1 200 OK"
INFO     httpx:_client.py:1740 HTTP Request: POST http://localhost:8081/metacalculation "HTTP/1.1 200 OK"
INFO     httpx:_client.py:1740 HTTP Request: POST https://r.biologicalvariation.eu/metacalculation "HTTP/1.1 200 OK"
INFO     httpx:_client.py:1740 HTTP Request: POST http://localhost:8081/metacalculation "HTTP/1.1 200 OK"
INFO     httpx:_client.py:1740 HTTP Request: POST https://r.biologicalvariation.eu/metacalculation "HTTP/1.1 200 OK"
INFO     httpx:_client.py:1740 HTTP Request: POST http://localhost:8081/metacalculation "HTTP/1.1 200 OK"
INFO     httpx:_client.py:1740 HTTP Request: POST https://r.biologicalvariation.eu/metacalculation "HTTP/1.1 200 OK"
INFO     httpx:_client.py:1740 HTTP Request: POST http://localhost:8081/metacalculation "HTTP/1.1 200 OK"
INFO     httpx:_client.py:1740 HTTP Request: POST https://r.biologicalvariation.eu/metacalculation "HTTP/1.1 200 OK"
INFO     httpx:_client.py:1740 HTTP Request: POST http://localhost:8081/metacalculation "HTTP/1.1 200 OK"
INFO     httpx:_client.py:1740 HTTP Request: POST https://r.biologicalvariation.eu/metacalculation "HTTP/1.1 200 OK"
INFO     httpx:_client.py:1740 HTTP Request: POST http://localhost:8081/metacalculation "HTTP/1.1 200 OK"
INFO     httpx:_client.py:1740 HTTP Request: POST https://r.biologicalvariation.eu/metacalculation "HTTP/1.1 200 OK"
INFO     httpx:_client.py:1740 HTTP Request: POST http://localhost:8081/metacalculation "HTTP/1.1 200 OK"
INFO     httpx:_client.py:1740 HTTP Request: POST https://r.biologicalvariation.eu/metacalculation "HTTP/1.1 200 OK"
INFO     httpx:_client.py:1740 HTTP Request: POST http://localhost:8081/metacalculation "HTTP/1.1 200 OK"
INFO     httpx:_client.py:1740 HTTP Request: POST https://r.biologicalvariation.eu/metacalculation "HTTP/1.1 200 OK"
INFO     httpx:_client.py:1740 HTTP Request: POST http://localhost:8081/metacalculation "HTTP/1.1 200 OK"
INFO     httpx:_client.py:1740 HTTP Request: POST https://r.biologicalvariation.eu/metacalculation "HTTP/1.1 200 OK"
INFO     httpx:_client.py:1740 HTTP Request: POST http://localhost:8081/metacalculation "HTTP/1.1 200 OK"
INFO     httpx:_client.py:1740 HTTP Request: POST https://r.biologicalvariation.eu/metacalculation "HTTP/1.1 200 OK"
INFO     httpx:_client.py:1740 HTTP Request: POST http://localhost:8081/metacalculation "HTTP/1.1 200 OK"
INFO     httpx:_client.py:1740 HTTP Request: POST https://r.biologicalvariation.eu/metacalculation "HTTP/1.1 200 OK"
INFO     httpx:_client.py:1740 HTTP Request: POST http://localhost:8081/metacalculation "HTTP/1.1 200 OK"
INFO     httpx:_client.py:1740 HTTP Request: POST https://r.biologicalvariation.eu/metacalculation "HTTP/1.1 200 OK"
INFO     httpx:_client.py:1740 HTTP Request: POST http://localhost:8081/metacalculation "HTTP/1.1 200 OK"
INFO     httpx:_client.py:1740 HTTP Request: POST https://r.biologicalvariation.eu/metacalculation "HTTP/1.1 200 OK"
INFO     httpx:_client.py:1740 HTTP Request: POST http://localhost:8081/metacalculation "HTTP/1.1 200 OK"
INFO     httpx:_client.py:1740 HTTP Request: POST https://r.biologicalvariation.eu/metacalculation "HTTP/1.1 200 OK"
INFO     httpx:_client.py:1740 HTTP Request: POST http://localhost:8081/metacalculation "HTTP/1.1 200 OK"
INFO     httpx:_client.py:1740 HTTP Request: POST https://r.biologicalvariation.eu/metacalculation "HTTP/1.1 200 OK"
INFO     httpx:_client.py:1740 HTTP Request: POST http://localhost:8081/metacalculation "HTTP/1.1 200 OK"
INFO     httpx:_client.py:1740 HTTP Request: POST https://r.biologicalvariation.eu/metacalculation "HTTP/1.1 200 OK"
INFO     httpx:_client.py:1740 HTTP Request: POST http://localhost:8081/metacalculation "HTTP/1.1 200 OK"
INFO     httpx:_client.py:1740 HTTP Request: POST https://r.biologicalvariation.eu/metacalculation "HTTP/1.1 200 OK"
INFO     httpx:_client.py:1740 HTTP Request: POST http://localhost:8081/metacalculation "HTTP/1.1 200 OK"
INFO     httpx:_client.py:1740 HTTP Request: POST https://r.biologicalvariation.eu/metacalculation "HTTP/1.1 200 OK"
INFO     httpx:_client.py:1740 HTTP Request: POST http://localhost:8081/metacalculation "HTTP/1.1 200 OK"
INFO     httpx:_client.py:1740 HTTP Request: POST https://r.biologicalvariation.eu/metacalculation "HTTP/1.1 200 OK"
INFO     httpx:_client.py:1740 HTTP Request: POST http://localhost:8081/metacalculation "HTTP/1.1 200 OK"
INFO     httpx:_client.py:1740 HTTP Request: POST https://r.biologicalvariation.eu/metacalculation "HTTP/1.1 200 OK"
INFO     httpx:_client.py:1740 HTTP Request: POST http://localhost:8081/metacalculation "HTTP/1.1 200 OK"
INFO     httpx:_client.py:1740 HTTP Request: POST https://r.biologicalvariation.eu/metacalculation "HTTP/1.1 200 OK"
INFO     httpx:_client.py:1740 HTTP Request: POST http://localhost:8081/metacalculation "HTTP/1.1 200 OK"
INFO     httpx:_client.py:1740 HTTP Request: POST https://r.biologicalvariation.eu/metacalculation "HTTP/1.1 200 OK"
INFO     httpx:_client.py:1740 HTTP Request: POST http://localhost:8081/metacalculation "HTTP/1.1 200 OK"
INFO     httpx:_client.py:1740 HTTP Request: POST https://r.biologicalvariation.eu/metacalculation "HTTP/1.1 200 OK"
INFO     httpx:_client.py:1740 HTTP Request: POST http://localhost:8081/metacalculation "HTTP/1.1 200 OK"
INFO     httpx:_client.py:1740 HTTP Request: POST https://r.biologicalvariation.eu/metacalculation "HTTP/1.1 200 OK"
INFO     httpx:_client.py:1740 HTTP Request: POST http://localhost:8081/metacalculation "HTTP/1.1 200 OK"
INFO     httpx:_client.py:1740 HTTP Request: POST https://r.biologicalvariation.eu/metacalculation "HTTP/1.1 200 OK"
INFO     httpx:_client.py:1740 HTTP Request: POST http://localhost:8081/metacalculation "HTTP/1.1 200 OK"
INFO     httpx:_client.py:1740 HTTP Request: POST https://r.biologicalvariation.eu/metacalculation "HTTP/1.1 200 OK"
INFO     httpx:_client.py:1740 HTTP Request: POST http://localhost:8081/metacalculation "HTTP/1.1 200 OK"
INFO     httpx:_client.py:1740 HTTP Request: POST https://r.biologicalvariation.eu/metacalculation "HTTP/1.1 200 OK"
INFO     httpx:_client.py:1740 HTTP Request: POST http://localhost:8081/metacalculation "HTTP/1.1 200 OK"
INFO     httpx:_client.py:1740 HTTP Request: POST https://r.biologicalvariation.eu/metacalculation "HTTP/1.1 200 OK"
INFO     httpx:_client.py:1740 HTTP Request: POST http://localhost:8081/metacalculation "HTTP/1.1 200 OK"
INFO     httpx:_client.py:1740 HTTP Request: POST https://r.biologicalvariation.eu/metacalculation "HTTP/1.1 200 OK"
INFO     httpx:_client.py:1740 HTTP Request: POST http://localhost:8081/metacalculation "HTTP/1.1 200 OK"
INFO     httpx:_client.py:1740 HTTP Request: POST https://r.biologicalvariation.eu/metacalculation "HTTP/1.1 200 OK"
INFO     httpx:_client.py:1740 HTTP Request: POST http://localhost:8081/metacalculation "HTTP/1.1 200 OK"
INFO     httpx:_client.py:1740 HTTP Request: POST https://r.biologicalvariation.eu/metacalculation "HTTP/1.1 200 OK"
INFO     httpx:_client.py:1740 HTTP Request: POST http://localhost:8081/metacalculation "HTTP/1.1 200 OK"
INFO     httpx:_client.py:1740 HTTP Request: POST https://r.biologicalvariation.eu/metacalculation "HTTP/1.1 200 OK"
INFO     httpx:_client.py:1740 HTTP Request: POST http://localhost:8081/metacalculation "HTTP/1.1 200 OK"
INFO     httpx:_client.py:1740 HTTP Request: POST https://r.biologicalvariation.eu/metacalculation "HTTP/1.1 200 OK"
INFO     httpx:_client.py:1740 HTTP Request: POST http://localhost:8081/metacalculation "HTTP/1.1 200 OK"
INFO     httpx:_client.py:1740 HTTP Request: POST https://r.biologicalvariation.eu/metacalculation "HTTP/1.1 200 OK"
INFO     httpx:_client.py:1740 HTTP Request: POST http://localhost:8081/metacalculation "HTTP/1.1 200 OK"
INFO     httpx:_client.py:1740 HTTP Request: POST https://r.biologicalvariation.eu/metacalculation "HTTP/1.1 200 OK"
INFO     httpx:_client.py:1740 HTTP Request: POST http://localhost:8081/metacalculation "HTTP/1.1 200 OK"
INFO     httpx:_client.py:1740 HTTP Request: POST https://r.biologicalvariation.eu/metacalculation "HTTP/1.1 200 OK"
INFO     httpx:_client.py:1740 HTTP Request: POST http://localhost:8081/metacalculation "HTTP/1.1 200 OK"
INFO     httpx:_client.py:1740 HTTP Request: POST https://r.biologicalvariation.eu/metacalculation "HTTP/1.1 200 OK"
INFO     httpx:_client.py:1740 HTTP Request: POST http://localhost:8081/metacalculation "HTTP/1.1 200 OK"
INFO     httpx:_client.py:1740 HTTP Request: POST https://r.biologicalvariation.eu/metacalculation "HTTP/1.1 200 OK"
INFO     httpx:_client.py:1740 HTTP Request: POST http://localhost:8081/metacalculation "HTTP/1.1 200 OK"
INFO     httpx:_client.py:1740 HTTP Request: POST https://r.biologicalvariation.eu/metacalculation "HTTP/1.1 200 OK"
INFO     httpx:_client.py:1740 HTTP Request: POST http://localhost:8081/metacalculation "HTTP/1.1 200 OK"
INFO     httpx:_client.py:1740 HTTP Request: POST https://r.biologicalvariation.eu/metacalculation "HTTP/1.1 200 OK"
INFO     httpx:_client.py:1740 HTTP Request: POST http://localhost:8081/metacalculation "HTTP/1.1 200 OK"
INFO     httpx:_client.py:1740 HTTP Request: POST https://r.biologicalvariation.eu/metacalculation "HTTP/1.1 200 OK"
INFO     httpx:_client.py:1740 HTTP Request: POST http://localhost:8081/metacalculation "HTTP/1.1 200 OK"
INFO     httpx:_client.py:1740 HTTP Request: POST https://r.biologicalvariation.eu/metacalculation "HTTP/1.1 200 OK"
INFO     httpx:_client.py:1740 HTTP Request: POST http://localhost:8081/metacalculation "HTTP/1.1 200 OK"
INFO     httpx:_client.py:1740 HTTP Request: POST https://r.biologicalvariation.eu/metacalculation "HTTP/1.1 200 OK"
INFO     httpx:_client.py:1740 HTTP Request: POST http://localhost:8081/metacalculation "HTTP/1.1 200 OK"
INFO     httpx:_client.py:1740 HTTP Request: POST https://r.biologicalvariation.eu/metacalculation "HTTP/1.1 200 OK"
INFO     httpx:_client.py:1740 HTTP Request: POST http://localhost:8081/metacalculation "HTTP/1.1 200 OK"
INFO     httpx:_client.py:1740 HTTP Request: POST https://r.biologicalvariation.eu/metacalculation "HTTP/1.1 200 OK"
INFO     httpx:_client.py:1740 HTTP Request: POST http://localhost:8081/metacalculation "HTTP/1.1 200 OK"
INFO     httpx:_client.py:1740 HTTP Request: POST https://r.biologicalvariation.eu/metacalculation "HTTP/1.1 200 OK"
INFO     httpx:_client.py:1740 HTTP Request: POST http://localhost:8081/metacalculation "HTTP/1.1 200 OK"
INFO     httpx:_client.py:1740 HTTP Request: POST https://r.biologicalvariation.eu/metacalculation "HTTP/1.1 200 OK"
INFO     httpx:_client.py:1740 HTTP Request: POST http://localhost:8081/metacalculation "HTTP/1.1 200 OK"
INFO     httpx:_client.py:1740 HTTP Request: POST https://r.biologicalvariation.eu/metacalculation "HTTP/1.1 200 OK"
INFO     httpx:_client.py:1740 HTTP Request: POST http://localhost:8081/metacalculation "HTTP/1.1 200 OK"
INFO     httpx:_client.py:1740 HTTP Request: POST https://r.biologicalvariation.eu/metacalculation "HTTP/1.1 200 OK"
INFO     httpx:_client.py:1740 HTTP Request: POST http://localhost:8081/metacalculation "HTTP/1.1 200 OK"
INFO     httpx:_client.py:1740 HTTP Request: POST https://r.biologicalvariation.eu/metacalculation "HTTP/1.1 200 OK"
INFO     httpx:_client.py:1740 HTTP Request: POST http://localhost:8081/metacalculation "HTTP/1.1 200 OK"
INFO     httpx:_client.py:1740 HTTP Request: POST https://r.biologicalvariation.eu/metacalculation "HTTP/1.1 200 OK"
INFO     httpx:_client.py:1740 HTTP Request: POST http://localhost:8081/metacalculation "HTTP/1.1 200 OK"
INFO     httpx:_client.py:1740 HTTP Request: POST https://r.biologicalvariation.eu/metacalculation "HTTP/1.1 200 OK"
INFO     httpx:_client.py:1740 HTTP Request: POST http://localhost:8081/metacalculation "HTTP/1.1 200 OK"
INFO     httpx:_client.py:1740 HTTP Request: POST https://r.biologicalvariation.eu/metacalculation "HTTP/1.1 200 OK"
INFO     httpx:_client.py:1740 HTTP Request: POST http://localhost:8081/metacalculation "HTTP/1.1 200 OK"
INFO     httpx:_client.py:1740 HTTP Request: POST https://r.biologicalvariation.eu/metacalculation "HTTP/1.1 200 OK"
INFO     httpx:_client.py:1740 HTTP Request: POST http://localhost:8081/metacalculation "HTTP/1.1 200 OK"
INFO     httpx:_client.py:1740 HTTP Request: POST https://r.biologicalvariation.eu/metacalculation "HTTP/1.1 200 OK"
INFO     httpx:_client.py:1740 HTTP Request: POST http://localhost:8081/metacalculation "HTTP/1.1 200 OK"
INFO     httpx:_client.py:1740 HTTP Request: POST https://r.biologicalvariation.eu/metacalculation "HTTP/1.1 200 OK"
INFO     httpx:_client.py:1740 HTTP Request: POST http://localhost:8081/metacalculation "HTTP/1.1 200 OK"
INFO     httpx:_client.py:1740 HTTP Request: POST https://r.biologicalvariation.eu/metacalculation "HTTP/1.1 200 OK"
INFO     httpx:_client.py:1740 HTTP Request: POST http://localhost:8081/metacalculation "HTTP/1.1 200 OK"
INFO     httpx:_client.py:1740 HTTP Request: POST https://r.biologicalvariation.eu/metacalculation "HTTP/1.1 200 OK"
INFO     httpx:_client.py:1740 HTTP Request: POST http://localhost:8081/metacalculation "HTTP/1.1 200 OK"
INFO     httpx:_client.py:1740 HTTP Request: POST https://r.biologicalvariation.eu/metacalculation "HTTP/1.1 200 OK"
INFO     httpx:_client.py:1740 HTTP Request: POST http://localhost:8081/metacalculation "HTTP/1.1 200 OK"
INFO     httpx:_client.py:1740 HTTP Request: POST https://r.biologicalvariation.eu/metacalculation "HTTP/1.1 200 OK"
INFO     httpx:_client.py:1740 HTTP Request: POST http://localhost:8081/metacalculation "HTTP/1.1 200 OK"
INFO     httpx:_client.py:1740 HTTP Request: POST https://r.biologicalvariation.eu/metacalculation "HTTP/1.1 200 OK"
INFO     httpx:_client.py:1740 HTTP Request: POST http://localhost:8081/metacalculation "HTTP/1.1 200 OK"
INFO     httpx:_client.py:1740 HTTP Request: POST https://r.biologicalvariation.eu/metacalculation "HTTP/1.1 200 OK"
INFO     httpx:_client.py:1740 HTTP Request: POST http://localhost:8081/metacalculation "HTTP/1.1 200 OK"
INFO     httpx:_client.py:1740 HTTP Request: POST https://r.biologicalvariation.eu/metacalculation "HTTP/1.1 200 OK"
INFO     httpx:_client.py:1740 HTTP Request: POST http://localhost:8081/metacalculation "HTTP/1.1 200 OK"
INFO     httpx:_client.py:1740 HTTP Request: POST https://r.biologicalvariation.eu/metacalculation "HTTP/1.1 200 OK"
INFO     httpx:_client.py:1740 HTTP Request: POST http://localhost:8081/metacalculation "HTTP/1.1 200 OK"
INFO     httpx:_client.py:1740 HTTP Request: POST https://r.biologicalvariation.eu/metacalculation "HTTP/1.1 200 OK"
INFO     httpx:_client.py:1740 HTTP Request: POST http://localhost:8081/metacalculation "HTTP/1.1 200 OK"
INFO     httpx:_client.py:1740 HTTP Request: POST https://r.biologicalvariation.eu/metacalculation "HTTP/1.1 200 OK"
INFO     httpx:_client.py:1740 HTTP Request: POST http://localhost:8081/metacalculation "HTTP/1.1 200 OK"
INFO     httpx:_client.py:1740 HTTP Request: POST https://r.biologicalvariation.eu/metacalculation "HTTP/1.1 200 OK"
INFO     httpx:_client.py:1740 HTTP Request: POST http://localhost:8081/metacalculation "HTTP/1.1 200 OK"
INFO     httpx:_client.py:1740 HTTP Request: POST https://r.biologicalvariation.eu/metacalculation "HTTP/1.1 200 OK"
INFO     httpx:_client.py:1740 HTTP Request: POST http://localhost:8081/metacalculation "HTTP/1.1 200 OK"
INFO     httpx:_client.py:1740 HTTP Request: POST https://r.biologicalvariation.eu/metacalculation "HTTP/1.1 200 OK"
INFO     httpx:_client.py:1740 HTTP Request: POST http://localhost:8081/metacalculation "HTTP/1.1 200 OK"
INFO     httpx:_client.py:1740 HTTP Request: POST https://r.biologicalvariation.eu/metacalculation "HTTP/1.1 200 OK"
INFO     httpx:_client.py:1740 HTTP Request: POST http://localhost:8081/metacalculation "HTTP/1.1 200 OK"
INFO     httpx:_client.py:1740 HTTP Request: POST https://r.biologicalvariation.eu/metacalculation "HTTP/1.1 200 OK"
INFO     httpx:_client.py:1740 HTTP Request: POST http://localhost:8081/metacalculation "HTTP/1.1 200 OK"
INFO     httpx:_client.py:1740 HTTP Request: POST https://r.biologicalvariation.eu/metacalculation "HTTP/1.1 200 OK"
INFO     httpx:_client.py:1740 HTTP Request: POST http://localhost:8081/metacalculation "HTTP/1.1 200 OK"
INFO     httpx:_client.py:1740 HTTP Request: POST https://r.biologicalvariation.eu/metacalculation "HTTP/1.1 200 OK"
INFO     httpx:_client.py:1740 HTTP Request: POST http://localhost:8081/metacalculation "HTTP/1.1 200 OK"
INFO     httpx:_client.py:1740 HTTP Request: POST https://r.biologicalvariation.eu/metacalculation "HTTP/1.1 200 OK"
INFO     httpx:_client.py:1740 HTTP Request: POST http://localhost:8081/metacalculation "HTTP/1.1 200 OK"
INFO     httpx:_client.py:1740 HTTP Request: POST https://r.biologicalvariation.eu/metacalculation "HTTP/1.1 200 OK"
INFO     httpx:_client.py:1740 HTTP Request: POST http://localhost:8081/metacalculation "HTTP/1.1 200 OK"
INFO     httpx:_client.py:1740 HTTP Request: POST https://r.biologicalvariation.eu/metacalculation "HTTP/1.1 200 OK"
INFO     httpx:_client.py:1740 HTTP Request: POST http://localhost:8081/metacalculation "HTTP/1.1 200 OK"
INFO     httpx:_client.py:1740 HTTP Request: POST https://r.biologicalvariation.eu/metacalculation "HTTP/1.1 200 OK"
INFO     httpx:_client.py:1740 HTTP Request: POST http://localhost:8081/metacalculation "HTTP/1.1 200 OK"
INFO     httpx:_client.py:1740 HTTP Request: POST https://r.biologicalvariation.eu/metacalculation "HTTP/1.1 200 OK"
INFO     httpx:_client.py:1740 HTTP Request: POST http://localhost:8081/metacalculation "HTTP/1.1 200 OK"
INFO     httpx:_client.py:1740 HTTP Request: POST https://r.biologicalvariation.eu/metacalculation "HTTP/1.1 200 OK"
INFO     httpx:_client.py:1740 HTTP Request: POST http://localhost:8081/metacalculation "HTTP/1.1 200 OK"
INFO     httpx:_client.py:1740 HTTP Request: POST https://r.biologicalvariation.eu/metacalculation "HTTP/1.1 200 OK"
INFO     httpx:_client.py:1740 HTTP Request: POST http://localhost:8081/metacalculation "HTTP/1.1 200 OK"
INFO     httpx:_client.py:1740 HTTP Request: POST https://r.biologicalvariation.eu/metacalculation "HTTP/1.1 200 OK"
INFO     httpx:_client.py:1740 HTTP Request: POST http://localhost:8081/metacalculation "HTTP/1.1 200 OK"
INFO     httpx:_client.py:1740 HTTP Request: POST https://r.biologicalvariation.eu/metacalculation "HTTP/1.1 200 OK"
INFO     httpx:_client.py:1740 HTTP Request: POST http://localhost:8081/metacalculation "HTTP/1.1 200 OK"
INFO     httpx:_client.py:1740 HTTP Request: POST https://r.biologicalvariation.eu/metacalculation "HTTP/1.1 200 OK"
INFO     httpx:_client.py:1740 HTTP Request: POST http://localhost:8081/metacalculation "HTTP/1.1 200 OK"
INFO     httpx:_client.py:1740 HTTP Request: POST https://r.biologicalvariation.eu/metacalculation "HTTP/1.1 200 OK"
INFO     httpx:_client.py:1740 HTTP Request: POST http://localhost:8081/metacalculation "HTTP/1.1 200 OK"
INFO     httpx:_client.py:1740 HTTP Request: POST https://r.biologicalvariation.eu/metacalculation "HTTP/1.1 200 OK"
INFO     httpx:_client.py:1740 HTTP Request: POST http://localhost:8081/metacalculation "HTTP/1.1 200 OK"
INFO     httpx:_client.py:1740 HTTP Request: POST https://r.biologicalvariation.eu/metacalculation "HTTP/1.1 200 OK"
INFO     httpx:_client.py:1740 HTTP Request: POST http://localhost:8081/metacalculation "HTTP/1.1 200 OK"
INFO     httpx:_client.py:1740 HTTP Request: POST https://r.biologicalvariation.eu/metacalculation "HTTP/1.1 200 OK"
INFO     httpx:_client.py:1740 HTTP Request: POST http://localhost:8081/metacalculation "HTTP/1.1 200 OK"
INFO     httpx:_client.py:1740 HTTP Request: POST https://r.biologicalvariation.eu/metacalculation "HTTP/1.1 200 OK"
INFO     httpx:_client.py:1740 HTTP Request: POST http://localhost:8081/metacalculation "HTTP/1.1 200 OK"
INFO     httpx:_client.py:1740 HTTP Request: POST https://r.biologicalvariation.eu/metacalculation "HTTP/1.1 200 OK"
INFO     httpx:_client.py:1740 HTTP Request: POST http://localhost:8081/metacalculation "HTTP/1.1 200 OK"
INFO     httpx:_client.py:1740 HTTP Request: POST https://r.biologicalvariation.eu/metacalculation "HTTP/1.1 200 OK"
INFO     httpx:_client.py:1740 HTTP Request: POST http://localhost:8081/metacalculation "HTTP/1.1 200 OK"
INFO     httpx:_client.py:1740 HTTP Request: POST https://r.biologicalvariation.eu/metacalculation "HTTP/1.1 200 OK"
INFO     httpx:_client.py:1740 HTTP Request: POST http://localhost:8081/metacalculation "HTTP/1.1 200 OK"
INFO     httpx:_client.py:1740 HTTP Request: POST https://r.biologicalvariation.eu/metacalculation "HTTP/1.1 200 OK"
INFO     httpx:_client.py:1740 HTTP Request: POST http://localhost:8081/metacalculation "HTTP/1.1 200 OK"
INFO     httpx:_client.py:1740 HTTP Request: POST https://r.biologicalvariation.eu/metacalculation "HTTP/1.1 200 OK"
INFO     httpx:_client.py:1740 HTTP Request: POST http://localhost:8081/metacalculation "HTTP/1.1 200 OK"
INFO     httpx:_client.py:1740 HTTP Request: POST https://r.biologicalvariation.eu/metacalculation "HTTP/1.1 200 OK"
INFO     httpx:_client.py:1740 HTTP Request: POST http://localhost:8081/metacalculation "HTTP/1.1 200 OK"
INFO     httpx:_client.py:1740 HTTP Request: POST https://r.biologicalvariation.eu/metacalculation "HTTP/1.1 200 OK"
INFO     httpx:_client.py:1740 HTTP Request: POST http://localhost:8081/metacalculation "HTTP/1.1 200 OK"
INFO     httpx:_client.py:1740 HTTP Request: POST https://r.biologicalvariation.eu/metacalculation "HTTP/1.1 200 OK"
INFO     httpx:_client.py:1740 HTTP Request: POST http://localhost:8081/metacalculation "HTTP/1.1 200 OK"
INFO     httpx:_client.py:1740 HTTP Request: POST https://r.biologicalvariation.eu/metacalculation "HTTP/1.1 200 OK"
INFO     httpx:_client.py:1740 HTTP Request: POST http://localhost:8081/metacalculation "HTTP/1.1 200 OK"
INFO     httpx:_client.py:1740 HTTP Request: POST https://r.biologicalvariation.eu/metacalculation "HTTP/1.1 200 OK"
INFO     httpx:_client.py:1740 HTTP Request: POST http://localhost:8081/metacalculation "HTTP/1.1 200 OK"
INFO     httpx:_client.py:1740 HTTP Request: POST https://r.biologicalvariation.eu/metacalculation "HTTP/1.1 200 OK"
INFO     httpx:_client.py:1740 HTTP Request: POST http://localhost:8081/metacalculation "HTTP/1.1 200 OK"
INFO     httpx:_client.py:1740 HTTP Request: POST https://r.biologicalvariation.eu/metacalculation "HTTP/1.1 200 OK"
INFO     httpx:_client.py:1740 HTTP Request: POST http://localhost:8081/metacalculation "HTTP/1.1 200 OK"
INFO     httpx:_client.py:1740 HTTP Request: POST https://r.biologicalvariation.eu/metacalculation "HTTP/1.1 200 OK"
INFO     httpx:_client.py:1740 HTTP Request: POST http://localhost:8081/metacalculation "HTTP/1.1 200 OK"
INFO     httpx:_client.py:1740 HTTP Request: POST https://r.biologicalvariation.eu/metacalculation "HTTP/1.1 200 OK"
INFO     httpx:_client.py:1740 HTTP Request: POST http://localhost:8081/metacalculation "HTTP/1.1 200 OK"
INFO     httpx:_client.py:1740 HTTP Request: POST https://r.biologicalvariation.eu/metacalculation "HTTP/1.1 200 OK"
INFO     httpx:_client.py:1740 HTTP Request: POST http://localhost:8081/metacalculation "HTTP/1.1 200 OK"
INFO     httpx:_client.py:1740 HTTP Request: POST https://r.biologicalvariation.eu/metacalculation "HTTP/1.1 200 OK"
INFO     httpx:_client.py:1740 HTTP Request: POST http://localhost:8081/metacalculation "HTTP/1.1 200 OK"
INFO     httpx:_client.py:1740 HTTP Request: POST https://r.biologicalvariation.eu/metacalculation "HTTP/1.1 200 OK"
INFO     httpx:_client.py:1740 HTTP Request: POST http://localhost:8081/metacalculation "HTTP/1.1 200 OK"
INFO     httpx:_client.py:1740 HTTP Request: POST https://r.biologicalvariation.eu/metacalculation "HTTP/1.1 200 OK"
INFO     httpx:_client.py:1740 HTTP Request: POST http://localhost:8081/metacalculation "HTTP/1.1 200 OK"
INFO     httpx:_client.py:1740 HTTP Request: POST https://r.biologicalvariation.eu/metacalculation "HTTP/1.1 200 OK"
INFO     httpx:_client.py:1740 HTTP Request: POST http://localhost:8081/metacalculation "HTTP/1.1 200 OK"
INFO     httpx:_client.py:1740 HTTP Request: POST https://r.biologicalvariation.eu/metacalculation "HTTP/1.1 200 OK"
INFO     httpx:_client.py:1740 HTTP Request: POST http://localhost:8081/metacalculation "HTTP/1.1 200 OK"
INFO     httpx:_client.py:1740 HTTP Request: POST https://r.biologicalvariation.eu/metacalculation "HTTP/1.1 200 OK"
INFO     httpx:_client.py:1740 HTTP Request: POST http://localhost:8081/metacalculation "HTTP/1.1 200 OK"
INFO     httpx:_client.py:1740 HTTP Request: POST https://r.biologicalvariation.eu/metacalculation "HTTP/1.1 200 OK"
INFO     httpx:_client.py:1740 HTTP Request: POST http://localhost:8081/metacalculation "HTTP/1.1 200 OK"
INFO     httpx:_client.py:1740 HTTP Request: POST https://r.biologicalvariation.eu/metacalculation "HTTP/1.1 200 OK"
INFO     httpx:_client.py:1740 HTTP Request: POST http://localhost:8081/metacalculation "HTTP/1.1 200 OK"
INFO     httpx:_client.py:1740 HTTP Request: POST https://r.biologicalvariation.eu/metacalculation "HTTP/1.1 200 OK"
INFO     httpx:_client.py:1740 HTTP Request: POST http://localhost:8081/metacalculation "HTTP/1.1 200 OK"
INFO     httpx:_client.py:1740 HTTP Request: POST https://r.biologicalvariation.eu/metacalculation "HTTP/1.1 200 OK"
INFO     httpx:_client.py:1740 HTTP Request: POST http://localhost:8081/metacalculation "HTTP/1.1 200 OK"
INFO     httpx:_client.py:1740 HTTP Request: POST https://r.biologicalvariation.eu/metacalculation "HTTP/1.1 200 OK"
INFO     httpx:_client.py:1740 HTTP Request: POST http://localhost:8081/metacalculation "HTTP/1.1 200 OK"
INFO     httpx:_client.py:1740 HTTP Request: POST https://r.biologicalvariation.eu/metacalculation "HTTP/1.1 200 OK"
INFO     httpx:_client.py:1740 HTTP Request: POST http://localhost:8081/metacalculation "HTTP/1.1 200 OK"
INFO     httpx:_client.py:1740 HTTP Request: POST https://r.biologicalvariation.eu/metacalculation "HTTP/1.1 200 OK"
INFO     httpx:_client.py:1740 HTTP Request: POST http://localhost:8081/metacalculation "HTTP/1.1 200 OK"
INFO     httpx:_client.py:1740 HTTP Request: POST https://r.biologicalvariation.eu/metacalculation "HTTP/1.1 200 OK"
INFO     httpx:_client.py:1740 HTTP Request: POST http://localhost:8081/metacalculation "HTTP/1.1 200 OK"
INFO     httpx:_client.py:1740 HTTP Request: POST https://r.biologicalvariation.eu/metacalculation "HTTP/1.1 200 OK"
INFO     httpx:_client.py:1740 HTTP Request: POST http://localhost:8081/metacalculation "HTTP/1.1 200 OK"
INFO     httpx:_client.py:1740 HTTP Request: POST https://r.biologicalvariation.eu/metacalculation "HTTP/1.1 200 OK"
INFO     httpx:_client.py:1740 HTTP Request: POST http://localhost:8081/metacalculation "HTTP/1.1 200 OK"
INFO     httpx:_client.py:1740 HTTP Request: POST https://r.biologicalvariation.eu/metacalculation "HTTP/1.1 200 OK"
INFO     httpx:_client.py:1740 HTTP Request: POST http://localhost:8081/metacalculation "HTTP/1.1 200 OK"
INFO     httpx:_client.py:1740 HTTP Request: POST https://r.biologicalvariation.eu/metacalculation "HTTP/1.1 200 OK"
INFO     httpx:_client.py:1740 HTTP Request: POST http://localhost:8081/metacalculation "HTTP/1.1 200 OK"
INFO     httpx:_client.py:1740 HTTP Request: POST https://r.biologicalvariation.eu/metacalculation "HTTP/1.1 200 OK"
INFO     httpx:_client.py:1740 HTTP Request: POST http://localhost:8081/metacalculation "HTTP/1.1 200 OK"
INFO     httpx:_client.py:1740 HTTP Request: POST https://r.biologicalvariation.eu/metacalculation "HTTP/1.1 200 OK"
INFO     httpx:_client.py:1740 HTTP Request: POST http://localhost:8081/metacalculation "HTTP/1.1 200 OK"
INFO     httpx:_client.py:1740 HTTP Request: POST https://r.biologicalvariation.eu/metacalculation "HTTP/1.1 200 OK"
INFO     httpx:_client.py:1740 HTTP Request: POST http://localhost:8081/metacalculation "HTTP/1.1 200 OK"
INFO     httpx:_client.py:1740 HTTP Request: POST https://r.biologicalvariation.eu/metacalculation "HTTP/1.1 200 OK"
INFO     httpx:_client.py:1740 HTTP Request: POST http://localhost:8081/metacalculation "HTTP/1.1 200 OK"
INFO     httpx:_client.py:1740 HTTP Request: POST https://r.biologicalvariation.eu/metacalculation "HTTP/1.1 200 OK"
INFO     httpx:_client.py:1740 HTTP Request: POST http://localhost:8081/metacalculation "HTTP/1.1 200 OK"
INFO     httpx:_client.py:1740 HTTP Request: POST https://r.biologicalvariation.eu/metacalculation "HTTP/1.1 200 OK"
INFO     httpx:_client.py:1740 HTTP Request: POST http://localhost:8081/metacalculation "HTTP/1.1 200 OK"
INFO     httpx:_client.py:1740 HTTP Request: POST https://r.biologicalvariation.eu/metacalculation "HTTP/1.1 200 OK"
INFO     httpx:_client.py:1740 HTTP Request: POST http://localhost:8081/metacalculation "HTTP/1.1 200 OK"
INFO     httpx:_client.py:1740 HTTP Request: POST https://r.biologicalvariation.eu/metacalculation "HTTP/1.1 200 OK"
INFO     httpx:_client.py:1740 HTTP Request: POST http://localhost:8081/metacalculation "HTTP/1.1 200 OK"
INFO     httpx:_client.py:1740 HTTP Request: POST https://r.biologicalvariation.eu/metacalculation "HTTP/1.1 200 OK"
INFO     httpx:_client.py:1740 HTTP Request: POST http://localhost:8081/metacalculation "HTTP/1.1 200 OK"
INFO     httpx:_client.py:1740 HTTP Request: POST https://r.biologicalvariation.eu/metacalculation "HTTP/1.1 200 OK"
INFO     httpx:_client.py:1740 HTTP Request: POST http://localhost:8081/metacalculation "HTTP/1.1 200 OK"
INFO     httpx:_client.py:1740 HTTP Request: POST https://r.biologicalvariation.eu/metacalculation "HTTP/1.1 200 OK"
INFO     httpx:_client.py:1740 HTTP Request: POST http://localhost:8081/metacalculation "HTTP/1.1 200 OK"
INFO     httpx:_client.py:1740 HTTP Request: POST https://r.biologicalvariation.eu/metacalculation "HTTP/1.1 200 OK"
INFO     httpx:_client.py:1740 HTTP Request: POST http://localhost:8081/metacalculation "HTTP/1.1 200 OK"
INFO     httpx:_client.py:1740 HTTP Request: POST https://r.biologicalvariation.eu/metacalculation "HTTP/1.1 200 OK"
INFO     httpx:_client.py:1740 HTTP Request: POST http://localhost:8081/metacalculation "HTTP/1.1 200 OK"
INFO     httpx:_client.py:1740 HTTP Request: POST https://r.biologicalvariation.eu/metacalculation "HTTP/1.1 200 OK"
INFO     httpx:_client.py:1740 HTTP Request: POST http://localhost:8081/metacalculation "HTTP/1.1 200 OK"
INFO     httpx:_client.py:1740 HTTP Request: POST https://r.biologicalvariation.eu/metacalculation "HTTP/1.1 200 OK"
INFO     httpx:_client.py:1740 HTTP Request: POST http://localhost:8081/metacalculation "HTTP/1.1 200 OK"
INFO     httpx:_client.py:1740 HTTP Request: POST https://r.biologicalvariation.eu/metacalculation "HTTP/1.1 200 OK"
INFO     httpx:_client.py:1740 HTTP Request: POST http://localhost:8081/metacalculation "HTTP/1.1 200 OK"
INFO     httpx:_client.py:1740 HTTP Request: POST https://r.biologicalvariation.eu/metacalculation "HTTP/1.1 200 OK"
INFO     httpx:_client.py:1740 HTTP Request: POST http://localhost:8081/metacalculation "HTTP/1.1 200 OK"
INFO     httpx:_client.py:1740 HTTP Request: POST https://r.biologicalvariation.eu/metacalculation "HTTP/1.1 200 OK"
INFO     httpx:_client.py:1740 HTTP Request: POST http://localhost:8081/metacalculation "HTTP/1.1 200 OK"
INFO     httpx:_client.py:1740 HTTP Request: POST https://r.biologicalvariation.eu/metacalculation "HTTP/1.1 200 OK"
INFO     httpx:_client.py:1740 HTTP Request: POST http://localhost:8081/metacalculation "HTTP/1.1 200 OK"
INFO     httpx:_client.py:1740 HTTP Request: POST https://r.biologicalvariation.eu/metacalculation "HTTP/1.1 200 OK"
INFO     httpx:_client.py:1740 HTTP Request: POST http://localhost:8081/metacalculation "HTTP/1.1 200 OK"
INFO     httpx:_client.py:1740 HTTP Request: POST https://r.biologicalvariation.eu/metacalculation "HTTP/1.1 200 OK"
INFO     httpx:_client.py:1740 HTTP Request: POST http://localhost:8081/metacalculation "HTTP/1.1 200 OK"
INFO     httpx:_client.py:1740 HTTP Request: POST https://r.biologicalvariation.eu/metacalculation "HTTP/1.1 200 OK"
INFO     httpx:_client.py:1740 HTTP Request: POST http://localhost:8081/metacalculation "HTTP/1.1 200 OK"
INFO     httpx:_client.py:1740 HTTP Request: POST https://r.biologicalvariation.eu/metacalculation "HTTP/1.1 200 OK"
INFO     httpx:_client.py:1740 HTTP Request: POST http://localhost:8081/metacalculation "HTTP/1.1 200 OK"
INFO     httpx:_client.py:1740 HTTP Request: POST https://r.biologicalvariation.eu/metacalculation "HTTP/1.1 200 OK"
INFO     httpx:_client.py:1740 HTTP Request: POST http://localhost:8081/metacalculation "HTTP/1.1 200 OK"
INFO     httpx:_client.py:1740 HTTP Request: POST https://r.biologicalvariation.eu/metacalculation "HTTP/1.1 200 OK"
INFO     httpx:_client.py:1740 HTTP Request: POST http://localhost:8081/metacalculation "HTTP/1.1 200 OK"
INFO     httpx:_client.py:1740 HTTP Request: POST https://r.biologicalvariation.eu/metacalculation "HTTP/1.1 200 OK"
INFO     httpx:_client.py:1740 HTTP Request: POST http://localhost:8081/metacalculation "HTTP/1.1 200 OK"
INFO     httpx:_client.py:1740 HTTP Request: POST https://r.biologicalvariation.eu/metacalculation "HTTP/1.1 200 OK"
INFO     httpx:_client.py:1740 HTTP Request: POST http://localhost:8081/metacalculation "HTTP/1.1 200 OK"
INFO     httpx:_client.py:1740 HTTP Request: POST https://r.biologicalvariation.eu/metacalculation "HTTP/1.1 200 OK"
INFO     httpx:_client.py:1740 HTTP Request: POST http://localhost:8081/metacalculation "HTTP/1.1 200 OK"
INFO     httpx:_client.py:1740 HTTP Request: POST https://r.biologicalvariation.eu/metacalculation "HTTP/1.1 200 OK"
INFO     httpx:_client.py:1740 HTTP Request: POST http://localhost:8081/metacalculation "HTTP/1.1 200 OK"
INFO     httpx:_client.py:1740 HTTP Request: POST https://r.biologicalvariation.eu/metacalculation "HTTP/1.1 200 OK"
INFO     httpx:_client.py:1740 HTTP Request: POST http://localhost:8081/metacalculation "HTTP/1.1 200 OK"
INFO     httpx:_client.py:1740 HTTP Request: POST https://r.biologicalvariation.eu/metacalculation "HTTP/1.1 200 OK"
INFO     httpx:_client.py:1740 HTTP Request: POST http://localhost:8081/metacalculation "HTTP/1.1 200 OK"
INFO     httpx:_client.py:1740 HTTP Request: POST https://r.biologicalvariation.eu/metacalculation "HTTP/1.1 200 OK"
INFO     httpx:_client.py:1740 HTTP Request: POST http://localhost:8081/metacalculation "HTTP/1.1 200 OK"
INFO     httpx:_client.py:1740 HTTP Request: POST https://r.biologicalvariation.eu/metacalculation "HTTP/1.1 200 OK"
INFO     httpx:_client.py:1740 HTTP Request: POST http://localhost:8081/metacalculation "HTTP/1.1 200 OK"
INFO     httpx:_client.py:1740 HTTP Request: POST https://r.biologicalvariation.eu/metacalculation "HTTP/1.1 200 OK"
INFO     httpx:_client.py:1740 HTTP Request: POST http://localhost:8081/metacalculation "HTTP/1.1 200 OK"
INFO     httpx:_client.py:1740 HTTP Request: POST https://r.biologicalvariation.eu/metacalculation "HTTP/1.1 200 OK"
INFO     httpx:_client.py:1740 HTTP Request: POST http://localhost:8081/metacalculation "HTTP/1.1 200 OK"
INFO     httpx:_client.py:1740 HTTP Request: POST https://r.biologicalvariation.eu/metacalculation "HTTP/1.1 200 OK"
INFO     httpx:_client.py:1740 HTTP Request: POST http://localhost:8081/metacalculation "HTTP/1.1 200 OK"
INFO     httpx:_client.py:1740 HTTP Request: POST https://r.biologicalvariation.eu/metacalculation "HTTP/1.1 200 OK"
INFO     httpx:_client.py:1740 HTTP Request: POST http://localhost:8081/metacalculation "HTTP/1.1 200 OK"
INFO     httpx:_client.py:1740 HTTP Request: POST https://r.biologicalvariation.eu/metacalculation "HTTP/1.1 200 OK"
INFO     httpx:_client.py:1740 HTTP Request: POST http://localhost:8081/metacalculation "HTTP/1.1 200 OK"
INFO     httpx:_client.py:1740 HTTP Request: POST https://r.biologicalvariation.eu/metacalculation "HTTP/1.1 200 OK"
INFO     httpx:_client.py:1740 HTTP Request: POST http://localhost:8081/metacalculation "HTTP/1.1 200 OK"
INFO     httpx:_client.py:1740 HTTP Request: POST https://r.biologicalvariation.eu/metacalculation "HTTP/1.1 200 OK"
INFO     httpx:_client.py:1740 HTTP Request: POST http://localhost:8081/metacalculation "HTTP/1.1 200 OK"
INFO     httpx:_client.py:1740 HTTP Request: POST https://r.biologicalvariation.eu/metacalculation "HTTP/1.1 200 OK"
INFO     httpx:_client.py:1740 HTTP Request: POST http://localhost:8081/metacalculation "HTTP/1.1 200 OK"
INFO     httpx:_client.py:1740 HTTP Request: POST https://r.biologicalvariation.eu/metacalculation "HTTP/1.1 200 OK"
INFO     httpx:_client.py:1740 HTTP Request: POST http://localhost:8081/metacalculation "HTTP/1.1 200 OK"
INFO     httpx:_client.py:1740 HTTP Request: POST https://r.biologicalvariation.eu/metacalculation "HTTP/1.1 200 OK"
INFO     httpx:_client.py:1740 HTTP Request: POST http://localhost:8081/metacalculation "HTTP/1.1 200 OK"
INFO     httpx:_client.py:1740 HTTP Request: POST https://r.biologicalvariation.eu/metacalculation "HTTP/1.1 200 OK"
INFO     httpx:_client.py:1740 HTTP Request: POST http://localhost:8081/metacalculation "HTTP/1.1 200 OK"
INFO     httpx:_client.py:1740 HTTP Request: POST https://r.biologicalvariation.eu/metacalculation "HTTP/1.1 200 OK"
INFO     httpx:_client.py:1740 HTTP Request: POST http://localhost:8081/metacalculation "HTTP/1.1 200 OK"
INFO     httpx:_client.py:1740 HTTP Request: POST https://r.biologicalvariation.eu/metacalculation "HTTP/1.1 200 OK"
INFO     httpx:_client.py:1740 HTTP Request: POST http://localhost:8081/metacalculation "HTTP/1.1 200 OK"
INFO     httpx:_client.py:1740 HTTP Request: POST https://r.biologicalvariation.eu/metacalculation "HTTP/1.1 200 OK"
INFO     httpx:_client.py:1740 HTTP Request: POST http://localhost:8081/metacalculation "HTTP/1.1 200 OK"
INFO     httpx:_client.py:1740 HTTP Request: POST https://r.biologicalvariation.eu/metacalculation "HTTP/1.1 200 OK"
INFO     httpx:_client.py:1740 HTTP Request: POST http://localhost:8081/metacalculation "HTTP/1.1 200 OK"
INFO     httpx:_client.py:1740 HTTP Request: POST https://r.biologicalvariation.eu/metacalculation "HTTP/1.1 200 OK"
INFO     httpx:_client.py:1740 HTTP Request: POST http://localhost:8081/metacalculation "HTTP/1.1 200 OK"
INFO     httpx:_client.py:1740 HTTP Request: POST https://r.biologicalvariation.eu/metacalculation "HTTP/1.1 200 OK"
INFO     httpx:_client.py:1740 HTTP Request: POST http://localhost:8081/metacalculation "HTTP/1.1 200 OK"
INFO     httpx:_client.py:1740 HTTP Request: POST https://r.biologicalvariation.eu/metacalculation "HTTP/1.1 200 OK"
INFO     httpx:_client.py:1740 HTTP Request: POST http://localhost:8081/metacalculation "HTTP/1.1 200 OK"
INFO     httpx:_client.py:1740 HTTP Request: POST https://r.biologicalvariation.eu/metacalculation "HTTP/1.1 200 OK"
INFO     httpx:_client.py:1740 HTTP Request: POST http://localhost:8081/metacalculation "HTTP/1.1 200 OK"
INFO     httpx:_client.py:1740 HTTP Request: POST https://r.biologicalvariation.eu/metacalculation "HTTP/1.1 200 OK"
INFO     httpx:_client.py:1740 HTTP Request: POST http://localhost:8081/metacalculation "HTTP/1.1 200 OK"
INFO     httpx:_client.py:1740 HTTP Request: POST https://r.biologicalvariation.eu/metacalculation "HTTP/1.1 200 OK"
INFO     httpx:_client.py:1740 HTTP Request: POST http://localhost:8081/metacalculation "HTTP/1.1 200 OK"
INFO     httpx:_client.py:1740 HTTP Request: POST https://r.biologicalvariation.eu/metacalculation "HTTP/1.1 200 OK"
INFO     httpx:_client.py:1740 HTTP Request: POST http://localhost:8081/metacalculation "HTTP/1.1 200 OK"
INFO     httpx:_client.py:1740 HTTP Request: POST https://r.biologicalvariation.eu/metacalculation "HTTP/1.1 200 OK"
INFO     httpx:_client.py:1740 HTTP Request: POST http://localhost:8081/metacalculation "HTTP/1.1 200 OK"
INFO     httpx:_client.py:1740 HTTP Request: POST https://r.biologicalvariation.eu/metacalculation "HTTP/1.1 200 OK"
INFO     httpx:_client.py:1740 HTTP Request: POST http://localhost:8081/metacalculation "HTTP/1.1 200 OK"
INFO     httpx:_client.py:1740 HTTP Request: POST https://r.biologicalvariation.eu/metacalculation "HTTP/1.1 200 OK"
INFO     httpx:_client.py:1740 HTTP Request: POST http://localhost:8081/metacalculation "HTTP/1.1 200 OK"
INFO     httpx:_client.py:1740 HTTP Request: POST https://r.biologicalvariation.eu/metacalculation "HTTP/1.1 200 OK"
INFO     httpx:_client.py:1740 HTTP Request: POST http://localhost:8081/metacalculation "HTTP/1.1 200 OK"
INFO     httpx:_client.py:1740 HTTP Request: POST https://r.biologicalvariation.eu/metacalculation "HTTP/1.1 200 OK"
INFO     httpx:_client.py:1740 HTTP Request: POST http://localhost:8081/metacalculation "HTTP/1.1 200 OK"
INFO     httpx:_client.py:1740 HTTP Request: POST https://r.biologicalvariation.eu/metacalculation "HTTP/1.1 200 OK"
INFO     httpx:_client.py:1740 HTTP Request: POST http://localhost:8081/metacalculation "HTTP/1.1 200 OK"
INFO     httpx:_client.py:1740 HTTP Request: POST https://r.biologicalvariation.eu/metacalculation "HTTP/1.1 200 OK"
INFO     httpx:_client.py:1740 HTTP Request: POST http://localhost:8081/metacalculation "HTTP/1.1 200 OK"
INFO     httpx:_client.py:1740 HTTP Request: POST https://r.biologicalvariation.eu/metacalculation "HTTP/1.1 200 OK"
INFO     httpx:_client.py:1740 HTTP Request: POST http://localhost:8081/metacalculation "HTTP/1.1 200 OK"
INFO     httpx:_client.py:1740 HTTP Request: POST https://r.biologicalvariation.eu/metacalculation "HTTP/1.1 200 OK"
INFO     httpx:_client.py:1740 HTTP Request: POST http://localhost:8081/metacalculation "HTTP/1.1 200 OK"
INFO     httpx:_client.py:1740 HTTP Request: POST https://r.biologicalvariation.eu/metacalculation "HTTP/1.1 200 OK"
INFO     httpx:_client.py:1740 HTTP Request: POST http://localhost:8081/metacalculation "HTTP/1.1 200 OK"
INFO     httpx:_client.py:1740 HTTP Request: POST https://r.biologicalvariation.eu/metacalculation "HTTP/1.1 200 OK"
INFO     httpx:_client.py:1740 HTTP Request: POST http://localhost:8081/metacalculation "HTTP/1.1 200 OK"
INFO     httpx:_client.py:1740 HTTP Request: POST https://r.biologicalvariation.eu/metacalculation "HTTP/1.1 200 OK"
INFO     httpx:_client.py:1740 HTTP Request: POST http://localhost:8081/metacalculation "HTTP/1.1 200 OK"
INFO     httpx:_client.py:1740 HTTP Request: POST https://r.biologicalvariation.eu/metacalculation "HTTP/1.1 200 OK"
INFO     httpx:_client.py:1740 HTTP Request: POST http://localhost:8081/metacalculation "HTTP/1.1 200 OK"
INFO     httpx:_client.py:1740 HTTP Request: POST https://r.biologicalvariation.eu/metacalculation "HTTP/1.1 200 OK"
INFO     httpx:_client.py:1740 HTTP Request: POST http://localhost:8081/metacalculation "HTTP/1.1 200 OK"
INFO     httpx:_client.py:1740 HTTP Request: POST https://r.biologicalvariation.eu/metacalculation "HTTP/1.1 200 OK"
INFO     httpx:_client.py:1740 HTTP Request: POST http://localhost:8081/metacalculation "HTTP/1.1 200 OK"
INFO     httpx:_client.py:1740 HTTP Request: POST https://r.biologicalvariation.eu/metacalculation "HTTP/1.1 200 OK"
INFO     httpx:_client.py:1740 HTTP Request: POST http://localhost:8081/metacalculation "HTTP/1.1 200 OK"
INFO     httpx:_client.py:1740 HTTP Request: POST https://r.biologicalvariation.eu/metacalculation "HTTP/1.1 200 OK"
INFO     httpx:_client.py:1740 HTTP Request: POST http://localhost:8081/metacalculation "HTTP/1.1 200 OK"
INFO     httpx:_client.py:1740 HTTP Request: POST https://r.biologicalvariation.eu/metacalculation "HTTP/1.1 200 OK"
INFO     httpx:_client.py:1740 HTTP Request: POST http://localhost:8081/metacalculation "HTTP/1.1 200 OK"
INFO     httpx:_client.py:1740 HTTP Request: POST https://r.biologicalvariation.eu/metacalculation "HTTP/1.1 200 OK"
INFO     httpx:_client.py:1740 HTTP Request: POST http://localhost:8081/metacalculation "HTTP/1.1 200 OK"
INFO     httpx:_client.py:1740 HTTP Request: POST https://r.biologicalvariation.eu/metacalculation "HTTP/1.1 200 OK"
INFO     httpx:_client.py:1740 HTTP Request: POST http://localhost:8081/metacalculation "HTTP/1.1 200 OK"
INFO     httpx:_client.py:1740 HTTP Request: POST https://r.biologicalvariation.eu/metacalculation "HTTP/1.1 200 OK"
INFO     httpx:_client.py:1740 HTTP Request: POST http://localhost:8081/metacalculation "HTTP/1.1 200 OK"
INFO     httpx:_client.py:1740 HTTP Request: POST https://r.biologicalvariation.eu/metacalculation "HTTP/1.1 200 OK"
INFO     httpx:_client.py:1740 HTTP Request: POST http://localhost:8081/metacalculation "HTTP/1.1 200 OK"
INFO     httpx:_client.py:1740 HTTP Request: POST https://r.biologicalvariation.eu/metacalculation "HTTP/1.1 200 OK"
INFO     httpx:_client.py:1740 HTTP Request: POST http://localhost:8081/metacalculation "HTTP/1.1 200 OK"
INFO     httpx:_client.py:1740 HTTP Request: POST https://r.biologicalvariation.eu/metacalculation "HTTP/1.1 200 OK"
INFO     httpx:_client.py:1740 HTTP Request: POST http://localhost:8081/metacalculation "HTTP/1.1 200 OK"
INFO     httpx:_client.py:1740 HTTP Request: POST https://r.biologicalvariation.eu/metacalculation "HTTP/1.1 200 OK"
INFO     httpx:_client.py:1740 HTTP Request: POST http://localhost:8081/metacalculation "HTTP/1.1 200 OK"
INFO     httpx:_client.py:1740 HTTP Request: POST https://r.biologicalvariation.eu/metacalculation "HTTP/1.1 200 OK"
INFO     httpx:_client.py:1740 HTTP Request: POST http://localhost:8081/metacalculation "HTTP/1.1 200 OK"
INFO     httpx:_client.py:1740 HTTP Request: POST https://r.biologicalvariation.eu/metacalculation "HTTP/1.1 200 OK"
INFO     httpx:_client.py:1740 HTTP Request: POST http://localhost:8081/metacalculation "HTTP/1.1 200 OK"
INFO     httpx:_client.py:1740 HTTP Request: POST https://r.biologicalvariation.eu/metacalculation "HTTP/1.1 200 OK"
INFO     httpx:_client.py:1740 HTTP Request: POST http://localhost:8081/metacalculation "HTTP/1.1 200 OK"
INFO     httpx:_client.py:1740 HTTP Request: POST https://r.biologicalvariation.eu/metacalculation "HTTP/1.1 200 OK"
INFO     httpx:_client.py:1740 HTTP Request: POST http://localhost:8081/metacalculation "HTTP/1.1 200 OK"
INFO     httpx:_client.py:1740 HTTP Request: POST https://r.biologicalvariation.eu/metacalculation "HTTP/1.1 200 OK"
INFO     httpx:_client.py:1740 HTTP Request: POST http://localhost:8081/metacalculation "HTTP/1.1 200 OK"
INFO     httpx:_client.py:1740 HTTP Request: POST https://r.biologicalvariation.eu/metacalculation "HTTP/1.1 200 OK"
INFO     httpx:_client.py:1740 HTTP Request: POST http://localhost:8081/metacalculation "HTTP/1.1 200 OK"
INFO     httpx:_client.py:1740 HTTP Request: POST https://r.biologicalvariation.eu/metacalculation "HTTP/1.1 200 OK"
INFO     httpx:_client.py:1740 HTTP Request: POST http://localhost:8081/metacalculation "HTTP/1.1 200 OK"
INFO     httpx:_client.py:1740 HTTP Request: POST https://r.biologicalvariation.eu/metacalculation "HTTP/1.1 200 OK"
INFO     httpx:_client.py:1740 HTTP Request: POST http://localhost:8081/metacalculation "HTTP/1.1 200 OK"
INFO     httpx:_client.py:1740 HTTP Request: POST https://r.biologicalvariation.eu/metacalculation "HTTP/1.1 200 OK"
INFO     httpx:_client.py:1740 HTTP Request: POST http://localhost:8081/metacalculation "HTTP/1.1 200 OK"
INFO     httpx:_client.py:1740 HTTP Request: POST https://r.biologicalvariation.eu/metacalculation "HTTP/1.1 200 OK"
INFO     httpx:_client.py:1740 HTTP Request: POST http://localhost:8081/metacalculation "HTTP/1.1 200 OK"
INFO     httpx:_client.py:1740 HTTP Request: POST https://r.biologicalvariation.eu/metacalculation "HTTP/1.1 200 OK"
INFO     httpx:_client.py:1740 HTTP Request: POST http://localhost:8081/metacalculation "HTTP/1.1 200 OK"
INFO     httpx:_client.py:1740 HTTP Request: POST https://r.biologicalvariation.eu/metacalculation "HTTP/1.1 200 OK"
INFO     httpx:_client.py:1740 HTTP Request: POST http://localhost:8081/metacalculation "HTTP/1.1 200 OK"
INFO     httpx:_client.py:1740 HTTP Request: POST https://r.biologicalvariation.eu/metacalculation "HTTP/1.1 200 OK"
INFO     httpx:_client.py:1740 HTTP Request: POST http://localhost:8081/metacalculation "HTTP/1.1 200 OK"
INFO     httpx:_client.py:1740 HTTP Request: POST https://r.biologicalvariation.eu/metacalculation "HTTP/1.1 200 OK"
INFO     httpx:_client.py:1740 HTTP Request: POST http://localhost:8081/metacalculation "HTTP/1.1 200 OK"
INFO     httpx:_client.py:1740 HTTP Request: POST https://r.biologicalvariation.eu/metacalculation "HTTP/1.1 200 OK"
INFO     httpx:_client.py:1740 HTTP Request: POST http://localhost:8081/metacalculation "HTTP/1.1 200 OK"
INFO     httpx:_client.py:1740 HTTP Request: POST https://r.biologicalvariation.eu/metacalculation "HTTP/1.1 200 OK"
INFO     httpx:_client.py:1740 HTTP Request: POST http://localhost:8081/metacalculation "HTTP/1.1 200 OK"
INFO     httpx:_client.py:1740 HTTP Request: POST https://r.biologicalvariation.eu/metacalculation "HTTP/1.1 200 OK"
INFO     httpx:_client.py:1740 HTTP Request: POST http://localhost:8081/metacalculation "HTTP/1.1 200 OK"
INFO     httpx:_client.py:1740 HTTP Request: POST https://r.biologicalvariation.eu/metacalculation "HTTP/1.1 200 OK"
INFO     httpx:_client.py:1740 HTTP Request: POST http://localhost:8081/metacalculation "HTTP/1.1 200 OK"
INFO     httpx:_client.py:1740 HTTP Request: POST https://r.biologicalvariation.eu/metacalculation "HTTP/1.1 200 OK"
INFO     httpx:_client.py:1740 HTTP Request: POST http://localhost:8081/metacalculation "HTTP/1.1 200 OK"
INFO     httpx:_client.py:1740 HTTP Request: POST https://r.biologicalvariation.eu/metacalculation "HTTP/1.1 200 OK"
INFO     httpx:_client.py:1740 HTTP Request: POST http://localhost:8081/metacalculation "HTTP/1.1 200 OK"
INFO     httpx:_client.py:1740 HTTP Request: POST https://r.biologicalvariation.eu/metacalculation "HTTP/1.1 200 OK"
INFO     httpx:_client.py:1740 HTTP Request: POST http://localhost:8081/metacalculation "HTTP/1.1 200 OK"
INFO     httpx:_client.py:1740 HTTP Request: POST https://r.biologicalvariation.eu/metacalculation "HTTP/1.1 200 OK"
INFO     httpx:_client.py:1740 HTTP Request: POST http://localhost:8081/metacalculation "HTTP/1.1 200 OK"
INFO     httpx:_client.py:1740 HTTP Request: POST https://r.biologicalvariation.eu/metacalculation "HTTP/1.1 200 OK"
INFO     httpx:_client.py:1740 HTTP Request: POST http://localhost:8081/metacalculation "HTTP/1.1 200 OK"
INFO     httpx:_client.py:1740 HTTP Request: POST https://r.biologicalvariation.eu/metacalculation "HTTP/1.1 200 OK"
INFO     httpx:_client.py:1740 HTTP Request: POST http://localhost:8081/metacalculation "HTTP/1.1 200 OK"
INFO     httpx:_client.py:1740 HTTP Request: POST https://r.biologicalvariation.eu/metacalculation "HTTP/1.1 200 OK"
INFO     httpx:_client.py:1740 HTTP Request: POST http://localhost:8081/metacalculation "HTTP/1.1 200 OK"
INFO     httpx:_client.py:1740 HTTP Request: POST https://r.biologicalvariation.eu/metacalculation "HTTP/1.1 200 OK"
INFO     httpx:_client.py:1740 HTTP Request: POST http://localhost:8081/metacalculation "HTTP/1.1 200 OK"
INFO     httpx:_client.py:1740 HTTP Request: POST https://r.biologicalvariation.eu/metacalculation "HTTP/1.1 200 OK"
INFO     httpx:_client.py:1740 HTTP Request: POST http://localhost:8081/metacalculation "HTTP/1.1 200 OK"
INFO     httpx:_client.py:1740 HTTP Request: POST https://r.biologicalvariation.eu/metacalculation "HTTP/1.1 200 OK"
INFO     httpx:_client.py:1740 HTTP Request: POST http://localhost:8081/metacalculation "HTTP/1.1 200 OK"
INFO     httpx:_client.py:1740 HTTP Request: POST https://r.biologicalvariation.eu/metacalculation "HTTP/1.1 200 OK"
INFO     httpx:_client.py:1740 HTTP Request: POST http://localhost:8081/metacalculation "HTTP/1.1 200 OK"
INFO     httpx:_client.py:1740 HTTP Request: POST https://r.biologicalvariation.eu/metacalculation "HTTP/1.1 200 OK"
INFO     httpx:_client.py:1740 HTTP Request: POST http://localhost:8081/metacalculation "HTTP/1.1 200 OK"
INFO     httpx:_client.py:1740 HTTP Request: POST https://r.biologicalvariation.eu/metacalculation "HTTP/1.1 200 OK"
INFO     httpx:_client.py:1740 HTTP Request: POST http://localhost:8081/metacalculation "HTTP/1.1 200 OK"
INFO     httpx:_client.py:1740 HTTP Request: POST https://r.biologicalvariation.eu/metacalculation "HTTP/1.1 200 OK"
INFO     httpx:_client.py:1740 HTTP Request: POST http://localhost:8081/metacalculation "HTTP/1.1 200 OK"
INFO     httpx:_client.py:1740 HTTP Request: POST https://r.biologicalvariation.eu/metacalculation "HTTP/1.1 200 OK"
INFO     httpx:_client.py:1740 HTTP Request: POST http://localhost:8081/metacalculation "HTTP/1.1 200 OK"
INFO     httpx:_client.py:1740 HTTP Request: POST https://r.biologicalvariation.eu/metacalculation "HTTP/1.1 200 OK"
INFO     httpx:_client.py:1740 HTTP Request: POST http://localhost:8081/metacalculation "HTTP/1.1 200 OK"
INFO     httpx:_client.py:1740 HTTP Request: POST https://r.biologicalvariation.eu/metacalculation "HTTP/1.1 200 OK"
INFO     httpx:_client.py:1740 HTTP Request: POST http://localhost:8081/metacalculation "HTTP/1.1 200 OK"
INFO     httpx:_client.py:1740 HTTP Request: POST https://r.biologicalvariation.eu/metacalculation "HTTP/1.1 200 OK"
INFO     httpx:_client.py:1740 HTTP Request: POST http://localhost:8081/metacalculation "HTTP/1.1 200 OK"
INFO     httpx:_client.py:1740 HTTP Request: POST https://r.biologicalvariation.eu/metacalculation "HTTP/1.1 200 OK"
INFO     httpx:_client.py:1740 HTTP Request: POST http://localhost:8081/metacalculation "HTTP/1.1 200 OK"
INFO     httpx:_client.py:1740 HTTP Request: POST https://r.biologicalvariation.eu/metacalculation "HTTP/1.1 200 OK"
INFO     httpx:_client.py:1740 HTTP Request: POST http://localhost:8081/metacalculation "HTTP/1.1 200 OK"
INFO     httpx:_client.py:1740 HTTP Request: POST https://r.biologicalvariation.eu/metacalculation "HTTP/1.1 200 OK"
INFO     httpx:_client.py:1740 HTTP Request: POST http://localhost:8081/metacalculation "HTTP/1.1 200 OK"
INFO     httpx:_client.py:1740 HTTP Request: POST https://r.biologicalvariation.eu/metacalculation "HTTP/1.1 200 OK"
INFO     httpx:_client.py:1740 HTTP Request: POST http://localhost:8081/metacalculation "HTTP/1.1 200 OK"
INFO     httpx:_client.py:1740 HTTP Request: POST https://r.biologicalvariation.eu/metacalculation "HTTP/1.1 200 OK"
INFO     httpx:_client.py:1740 HTTP Request: POST http://localhost:8081/metacalculation "HTTP/1.1 200 OK"
INFO     httpx:_client.py:1740 HTTP Request: POST https://r.biologicalvariation.eu/metacalculation "HTTP/1.1 200 OK"
INFO     httpx:_client.py:1740 HTTP Request: POST http://localhost:8081/metacalculation "HTTP/1.1 200 OK"
INFO     httpx:_client.py:1740 HTTP Request: POST https://r.biologicalvariation.eu/metacalculation "HTTP/1.1 200 OK"
INFO     httpx:_client.py:1740 HTTP Request: POST http://localhost:8081/metacalculation "HTTP/1.1 200 OK"
INFO     httpx:_client.py:1740 HTTP Request: POST https://r.biologicalvariation.eu/metacalculation "HTTP/1.1 200 OK"
INFO     httpx:_client.py:1740 HTTP Request: POST http://localhost:8081/metacalculation "HTTP/1.1 200 OK"
INFO     httpx:_client.py:1740 HTTP Request: POST https://r.biologicalvariation.eu/metacalculation "HTTP/1.1 200 OK"
INFO     httpx:_client.py:1740 HTTP Request: POST http://localhost:8081/metacalculation "HTTP/1.1 200 OK"
INFO     httpx:_client.py:1740 HTTP Request: POST https://r.biologicalvariation.eu/metacalculation "HTTP/1.1 200 OK"
INFO     httpx:_client.py:1740 HTTP Request: POST http://localhost:8081/metacalculation "HTTP/1.1 200 OK"
INFO     httpx:_client.py:1740 HTTP Request: POST https://r.biologicalvariation.eu/metacalculation "HTTP/1.1 200 OK"
INFO     httpx:_client.py:1740 HTTP Request: POST http://localhost:8081/metacalculation "HTTP/1.1 200 OK"
INFO     httpx:_client.py:1740 HTTP Request: POST https://r.biologicalvariation.eu/metacalculation "HTTP/1.1 200 OK"
INFO     httpx:_client.py:1740 HTTP Request: POST http://localhost:8081/metacalculation "HTTP/1.1 200 OK"
INFO     httpx:_client.py:1740 HTTP Request: POST https://r.biologicalvariation.eu/metacalculation "HTTP/1.1 200 OK"
INFO     httpx:_client.py:1740 HTTP Request: POST http://localhost:8081/metacalculation "HTTP/1.1 200 OK"
INFO     httpx:_client.py:1740 HTTP Request: POST https://r.biologicalvariation.eu/metacalculation "HTTP/1.1 200 OK"
INFO     httpx:_client.py:1740 HTTP Request: POST http://localhost:8081/metacalculation "HTTP/1.1 200 OK"
INFO     httpx:_client.py:1740 HTTP Request: POST https://r.biologicalvariation.eu/metacalculation "HTTP/1.1 200 OK"
INFO     httpx:_client.py:1740 HTTP Request: POST http://localhost:8081/metacalculation "HTTP/1.1 200 OK"
INFO     httpx:_client.py:1740 HTTP Request: POST https://r.biologicalvariation.eu/metacalculation "HTTP/1.1 200 OK"
INFO     httpx:_client.py:1740 HTTP Request: POST http://localhost:8081/metacalculation "HTTP/1.1 200 OK"
INFO     httpx:_client.py:1740 HTTP Request: POST https://r.biologicalvariation.eu/metacalculation "HTTP/1.1 200 OK"
INFO     httpx:_client.py:1740 HTTP Request: POST http://localhost:8081/metacalculation "HTTP/1.1 200 OK"
INFO     httpx:_client.py:1740 HTTP Request: POST https://r.biologicalvariation.eu/metacalculation "HTTP/1.1 200 OK"
INFO     httpx:_client.py:1740 HTTP Request: POST http://localhost:8081/metacalculation "HTTP/1.1 200 OK"
INFO     httpx:_client.py:1740 HTTP Request: POST https://r.biologicalvariation.eu/metacalculation "HTTP/1.1 200 OK"
INFO     httpx:_client.py:1740 HTTP Request: POST http://localhost:8081/metacalculation "HTTP/1.1 200 OK"
INFO     httpx:_client.py:1740 HTTP Request: POST https://r.biologicalvariation.eu/metacalculation "HTTP/1.1 200 OK"
INFO     httpx:_client.py:1740 HTTP Request: POST http://localhost:8081/metacalculation "HTTP/1.1 200 OK"
INFO     httpx:_client.py:1740 HTTP Request: POST https://r.biologicalvariation.eu/metacalculation "HTTP/1.1 200 OK"
INFO     httpx:_client.py:1740 HTTP Request: POST http://localhost:8081/metacalculation "HTTP/1.1 200 OK"
INFO     httpx:_client.py:1740 HTTP Request: POST https://r.biologicalvariation.eu/metacalculation "HTTP/1.1 200 OK"
INFO     httpx:_client.py:1740 HTTP Request: POST http://localhost:8081/metacalculation "HTTP/1.1 200 OK"
INFO     httpx:_client.py:1740 HTTP Request: POST https://r.biologicalvariation.eu/metacalculation "HTTP/1.1 200 OK"
INFO     httpx:_client.py:1740 HTTP Request: POST http://localhost:8081/metacalculation "HTTP/1.1 200 OK"
INFO     httpx:_client.py:1740 HTTP Request: POST https://r.biologicalvariation.eu/metacalculation "HTTP/1.1 200 OK"
INFO     httpx:_client.py:1740 HTTP Request: POST http://localhost:8081/metacalculation "HTTP/1.1 200 OK"
INFO     httpx:_client.py:1740 HTTP Request: POST https://r.biologicalvariation.eu/metacalculation "HTTP/1.1 200 OK"
INFO     httpx:_client.py:1740 HTTP Request: POST http://localhost:8081/metacalculation "HTTP/1.1 200 OK"
INFO     httpx:_client.py:1740 HTTP Request: POST https://r.biologicalvariation.eu/metacalculation "HTTP/1.1 200 OK"
INFO     httpx:_client.py:1740 HTTP Request: POST http://localhost:8081/metacalculation "HTTP/1.1 200 OK"
INFO     httpx:_client.py:1740 HTTP Request: POST https://r.biologicalvariation.eu/metacalculation "HTTP/1.1 200 OK"
INFO     httpx:_client.py:1740 HTTP Request: POST http://localhost:8081/metacalculation "HTTP/1.1 200 OK"
INFO     httpx:_client.py:1740 HTTP Request: POST https://r.biologicalvariation.eu/metacalculation "HTTP/1.1 200 OK"
INFO     httpx:_client.py:1740 HTTP Request: POST http://localhost:8081/metacalculation "HTTP/1.1 200 OK"
INFO     httpx:_client.py:1740 HTTP Request: POST https://r.biologicalvariation.eu/metacalculation "HTTP/1.1 200 OK"
INFO     httpx:_client.py:1740 HTTP Request: POST http://localhost:8081/metacalculation "HTTP/1.1 200 OK"
INFO     httpx:_client.py:1740 HTTP Request: POST https://r.biologicalvariation.eu/metacalculation "HTTP/1.1 200 OK"
INFO     httpx:_client.py:1740 HTTP Request: POST http://localhost:8081/metacalculation "HTTP/1.1 200 OK"
INFO     httpx:_client.py:1740 HTTP Request: POST https://r.biologicalvariation.eu/metacalculation "HTTP/1.1 200 OK"
INFO     httpx:_client.py:1740 HTTP Request: POST http://localhost:8081/metacalculation "HTTP/1.1 200 OK"
INFO     httpx:_client.py:1740 HTTP Request: POST https://r.biologicalvariation.eu/metacalculation "HTTP/1.1 200 OK"
INFO     httpx:_client.py:1740 HTTP Request: POST http://localhost:8081/metacalculation "HTTP/1.1 200 OK"
INFO     httpx:_client.py:1740 HTTP Request: POST https://r.biologicalvariation.eu/metacalculation "HTTP/1.1 200 OK"
INFO     httpx:_client.py:1740 HTTP Request: POST http://localhost:8081/metacalculation "HTTP/1.1 200 OK"
INFO     httpx:_client.py:1740 HTTP Request: POST https://r.biologicalvariation.eu/metacalculation "HTTP/1.1 200 OK"
INFO     httpx:_client.py:1740 HTTP Request: POST http://localhost:8081/metacalculation "HTTP/1.1 200 OK"
INFO     httpx:_client.py:1740 HTTP Request: POST https://r.biologicalvariation.eu/metacalculation "HTTP/1.1 200 OK"
INFO     httpx:_client.py:1740 HTTP Request: POST http://localhost:8081/metacalculation "HTTP/1.1 200 OK"
INFO     httpx:_client.py:1740 HTTP Request: POST https://r.biologicalvariation.eu/metacalculation "HTTP/1.1 200 OK"
INFO     httpx:_client.py:1740 HTTP Request: POST http://localhost:8081/metacalculation "HTTP/1.1 200 OK"
INFO     httpx:_client.py:1740 HTTP Request: POST https://r.biologicalvariation.eu/metacalculation "HTTP/1.1 200 OK"
INFO     httpx:_client.py:1740 HTTP Request: POST http://localhost:8081/metacalculation "HTTP/1.1 200 OK"
INFO     httpx:_client.py:1740 HTTP Request: POST https://r.biologicalvariation.eu/metacalculation "HTTP/1.1 200 OK"
INFO     httpx:_client.py:1740 HTTP Request: POST http://localhost:8081/metacalculation "HTTP/1.1 200 OK"
INFO     httpx:_client.py:1740 HTTP Request: POST https://r.biologicalvariation.eu/metacalculation "HTTP/1.1 200 OK"
INFO     httpx:_client.py:1740 HTTP Request: POST http://localhost:8081/metacalculation "HTTP/1.1 200 OK"
INFO     httpx:_client.py:1740 HTTP Request: POST https://r.biologicalvariation.eu/metacalculation "HTTP/1.1 200 OK"
INFO     httpx:_client.py:1740 HTTP Request: POST http://localhost:8081/metacalculation "HTTP/1.1 200 OK"
INFO     httpx:_client.py:1740 HTTP Request: POST https://r.biologicalvariation.eu/metacalculation "HTTP/1.1 200 OK"
INFO     httpx:_client.py:1740 HTTP Request: POST http://localhost:8081/metacalculation "HTTP/1.1 200 OK"
INFO     httpx:_client.py:1740 HTTP Request: POST https://r.biologicalvariation.eu/metacalculation "HTTP/1.1 200 OK"
INFO     httpx:_client.py:1740 HTTP Request: POST http://localhost:8081/metacalculation "HTTP/1.1 200 OK"
INFO     httpx:_client.py:1740 HTTP Request: POST https://r.biologicalvariation.eu/metacalculation "HTTP/1.1 200 OK"
INFO     httpx:_client.py:1740 HTTP Request: POST http://localhost:8081/metacalculation "HTTP/1.1 200 OK"
INFO     httpx:_client.py:1740 HTTP Request: POST https://r.biologicalvariation.eu/metacalculation "HTTP/1.1 200 OK"
INFO     httpx:_client.py:1740 HTTP Request: POST http://localhost:8081/metacalculation "HTTP/1.1 200 OK"
INFO     httpx:_client.py:1740 HTTP Request: POST https://r.biologicalvariation.eu/metacalculation "HTTP/1.1 200 OK"
INFO     httpx:_client.py:1740 HTTP Request: POST http://localhost:8081/metacalculation "HTTP/1.1 200 OK"
INFO     httpx:_client.py:1740 HTTP Request: POST https://r.biologicalvariation.eu/metacalculation "HTTP/1.1 200 OK"
INFO     httpx:_client.py:1740 HTTP Request: POST http://localhost:8081/metacalculation "HTTP/1.1 200 OK"
INFO     httpx:_client.py:1740 HTTP Request: POST https://r.biologicalvariation.eu/metacalculation "HTTP/1.1 200 OK"
INFO     httpx:_client.py:1740 HTTP Request: POST http://localhost:8081/metacalculation "HTTP/1.1 200 OK"
INFO     httpx:_client.py:1740 HTTP Request: POST https://r.biologicalvariation.eu/metacalculation "HTTP/1.1 200 OK"
INFO     httpx:_client.py:1740 HTTP Request: POST http://localhost:8081/metacalculation "HTTP/1.1 200 OK"
INFO     httpx:_client.py:1740 HTTP Request: POST https://r.biologicalvariation.eu/metacalculation "HTTP/1.1 200 OK"
INFO     httpx:_client.py:1740 HTTP Request: POST http://localhost:8081/metacalculation "HTTP/1.1 200 OK"
INFO     httpx:_client.py:1740 HTTP Request: POST https://r.biologicalvariation.eu/metacalculation "HTTP/1.1 200 OK"
INFO     httpx:_client.py:1740 HTTP Request: POST http://localhost:8081/metacalculation "HTTP/1.1 200 OK"
INFO     httpx:_client.py:1740 HTTP Request: POST https://r.biologicalvariation.eu/metacalculation "HTTP/1.1 200 OK"
INFO     httpx:_client.py:1740 HTTP Request: POST http://localhost:8081/metacalculation "HTTP/1.1 200 OK"
INFO     httpx:_client.py:1740 HTTP Request: POST https://r.biologicalvariation.eu/metacalculation "HTTP/1.1 200 OK"
INFO     httpx:_client.py:1740 HTTP Request: POST http://localhost:8081/metacalculation "HTTP/1.1 200 OK"
INFO     httpx:_client.py:1740 HTTP Request: POST https://r.biologicalvariation.eu/metacalculation "HTTP/1.1 200 OK"
INFO     httpx:_client.py:1740 HTTP Request: POST http://localhost:8081/metacalculation "HTTP/1.1 200 OK"
INFO     httpx:_client.py:1740 HTTP Request: POST https://r.biologicalvariation.eu/metacalculation "HTTP/1.1 200 OK"
INFO     httpx:_client.py:1740 HTTP Request: POST http://localhost:8081/metacalculation "HTTP/1.1 200 OK"
INFO     httpx:_client.py:1740 HTTP Request: POST https://r.biologicalvariation.eu/metacalculation "HTTP/1.1 200 OK"
INFO     httpx:_client.py:1740 HTTP Request: POST http://localhost:8081/metacalculation "HTTP/1.1 200 OK"
INFO     httpx:_client.py:1740 HTTP Request: POST https://r.biologicalvariation.eu/metacalculation "HTTP/1.1 200 OK"
INFO     httpx:_client.py:1740 HTTP Request: POST http://localhost:8081/metacalculation "HTTP/1.1 200 OK"
INFO     httpx:_client.py:1740 HTTP Request: POST https://r.biologicalvariation.eu/metacalculation "HTTP/1.1 200 OK"
INFO     httpx:_client.py:1740 HTTP Request: POST http://localhost:8081/metacalculation "HTTP/1.1 200 OK"
INFO     httpx:_client.py:1740 HTTP Request: POST https://r.biologicalvariation.eu/metacalculation "HTTP/1.1 200 OK"
INFO     httpx:_client.py:1740 HTTP Request: POST http://localhost:8081/metacalculation "HTTP/1.1 200 OK"
INFO     httpx:_client.py:1740 HTTP Request: POST https://r.biologicalvariation.eu/metacalculation "HTTP/1.1 200 OK"
INFO     httpx:_client.py:1740 HTTP Request: POST http://localhost:8081/metacalculation "HTTP/1.1 200 OK"
INFO     httpx:_client.py:1740 HTTP Request: POST https://r.biologicalvariation.eu/metacalculation "HTTP/1.1 200 OK"
INFO     httpx:_client.py:1740 HTTP Request: POST http://localhost:8081/metacalculation "HTTP/1.1 200 OK"
INFO     httpx:_client.py:1740 HTTP Request: POST https://r.biologicalvariation.eu/metacalculation "HTTP/1.1 200 OK"
INFO     httpx:_client.py:1740 HTTP Request: POST http://localhost:8081/metacalculation "HTTP/1.1 200 OK"
INFO     httpx:_client.py:1740 HTTP Request: POST https://r.biologicalvariation.eu/metacalculation "HTTP/1.1 200 OK"
INFO     httpx:_client.py:1740 HTTP Request: POST http://localhost:8081/metacalculation "HTTP/1.1 200 OK"
INFO     httpx:_client.py:1740 HTTP Request: POST https://r.biologicalvariation.eu/metacalculation "HTTP/1.1 200 OK"
INFO     httpx:_client.py:1740 HTTP Request: POST http://localhost:8081/metacalculation "HTTP/1.1 200 OK"
INFO     httpx:_client.py:1740 HTTP Request: POST https://r.biologicalvariation.eu/metacalculation "HTTP/1.1 200 OK"
INFO     httpx:_client.py:1740 HTTP Request: POST http://localhost:8081/metacalculation "HTTP/1.1 200 OK"
INFO     httpx:_client.py:1740 HTTP Request: POST https://r.biologicalvariation.eu/metacalculation "HTTP/1.1 200 OK"
INFO     httpx:_client.py:1740 HTTP Request: POST http://localhost:8081/metacalculation "HTTP/1.1 200 OK"
INFO     httpx:_client.py:1740 HTTP Request: POST https://r.biologicalvariation.eu/metacalculation "HTTP/1.1 200 OK"
INFO     httpx:_client.py:1740 HTTP Request: POST http://localhost:8081/metacalculation "HTTP/1.1 200 OK"
INFO     httpx:_client.py:1740 HTTP Request: POST https://r.biologicalvariation.eu/metacalculation "HTTP/1.1 200 OK"
INFO     httpx:_client.py:1740 HTTP Request: POST http://localhost:8081/metacalculation "HTTP/1.1 200 OK"
INFO     httpx:_client.py:1740 HTTP Request: POST https://r.biologicalvariation.eu/metacalculation "HTTP/1.1 200 OK"
INFO     httpx:_client.py:1740 HTTP Request: POST http://localhost:8081/metacalculation "HTTP/1.1 200 OK"
INFO     httpx:_client.py:1740 HTTP Request: POST https://r.biologicalvariation.eu/metacalculation "HTTP/1.1 200 OK"
INFO     httpx:_client.py:1740 HTTP Request: POST http://localhost:8081/metacalculation "HTTP/1.1 200 OK"
INFO     httpx:_client.py:1740 HTTP Request: POST https://r.biologicalvariation.eu/metacalculation "HTTP/1.1 200 OK"
INFO     httpx:_client.py:1740 HTTP Request: POST http://localhost:8081/metacalculation "HTTP/1.1 200 OK"
INFO     httpx:_client.py:1740 HTTP Request: POST https://r.biologicalvariation.eu/metacalculation "HTTP/1.1 200 OK"
INFO     httpx:_client.py:1740 HTTP Request: POST http://localhost:8081/metacalculation "HTTP/1.1 200 OK"
INFO     httpx:_client.py:1740 HTTP Request: POST https://r.biologicalvariation.eu/metacalculation "HTTP/1.1 200 OK"
INFO     httpx:_client.py:1740 HTTP Request: POST http://localhost:8081/metacalculation "HTTP/1.1 200 OK"
INFO     httpx:_client.py:1740 HTTP Request: POST https://r.biologicalvariation.eu/metacalculation "HTTP/1.1 200 OK"
INFO     httpx:_client.py:1740 HTTP Request: POST http://localhost:8081/metacalculation "HTTP/1.1 200 OK"
INFO     httpx:_client.py:1740 HTTP Request: POST https://r.biologicalvariation.eu/metacalculation "HTTP/1.1 200 OK"
INFO     httpx:_client.py:1740 HTTP Request: POST http://localhost:8081/metacalculation "HTTP/1.1 200 OK"
INFO     httpx:_client.py:1740 HTTP Request: POST https://r.biologicalvariation.eu/metacalculation "HTTP/1.1 200 OK"
INFO     httpx:_client.py:1740 HTTP Request: POST http://localhost:8081/metacalculation "HTTP/1.1 200 OK"
INFO     httpx:_client.py:1740 HTTP Request: POST https://r.biologicalvariation.eu/metacalculation "HTTP/1.1 200 OK"
INFO     httpx:_client.py:1740 HTTP Request: POST http://localhost:8081/metacalculation "HTTP/1.1 200 OK"
INFO     httpx:_client.py:1740 HTTP Request: POST https://r.biologicalvariation.eu/metacalculation "HTTP/1.1 200 OK"
INFO     httpx:_client.py:1740 HTTP Request: POST http://localhost:8081/metacalculation "HTTP/1.1 200 OK"
INFO     httpx:_client.py:1740 HTTP Request: POST https://r.biologicalvariation.eu/metacalculation "HTTP/1.1 200 OK"
INFO     httpx:_client.py:1740 HTTP Request: POST http://localhost:8081/metacalculation "HTTP/1.1 200 OK"
INFO     httpx:_client.py:1740 HTTP Request: POST https://r.biologicalvariation.eu/metacalculation "HTTP/1.1 200 OK"
INFO     httpx:_client.py:1740 HTTP Request: POST http://localhost:8081/metacalculation "HTTP/1.1 200 OK"
INFO     httpx:_client.py:1740 HTTP Request: POST https://r.biologicalvariation.eu/metacalculation "HTTP/1.1 200 OK"
INFO     httpx:_client.py:1740 HTTP Request: POST http://localhost:8081/metacalculation "HTTP/1.1 200 OK"
INFO     httpx:_client.py:1740 HTTP Request: POST https://r.biologicalvariation.eu/metacalculation "HTTP/1.1 200 OK"
INFO     httpx:_client.py:1740 HTTP Request: POST http://localhost:8081/metacalculation "HTTP/1.1 200 OK"
INFO     httpx:_client.py:1740 HTTP Request: POST https://r.biologicalvariation.eu/metacalculation "HTTP/1.1 200 OK"
INFO     httpx:_client.py:1740 HTTP Request: POST http://localhost:8081/metacalculation "HTTP/1.1 200 OK"
INFO     httpx:_client.py:1740 HTTP Request: POST https://r.biologicalvariation.eu/metacalculation "HTTP/1.1 200 OK"
INFO     httpx:_client.py:1740 HTTP Request: POST http://localhost:8081/metacalculation "HTTP/1.1 200 OK"
INFO     httpx:_client.py:1740 HTTP Request: POST https://r.biologicalvariation.eu/metacalculation "HTTP/1.1 200 OK"
INFO     httpx:_client.py:1740 HTTP Request: POST http://localhost:8081/metacalculation "HTTP/1.1 200 OK"
INFO     httpx:_client.py:1740 HTTP Request: POST https://r.biologicalvariation.eu/metacalculation "HTTP/1.1 200 OK"
INFO     httpx:_client.py:1740 HTTP Request: POST http://localhost:8081/metacalculation "HTTP/1.1 200 OK"
INFO     httpx:_client.py:1740 HTTP Request: POST https://r.biologicalvariation.eu/metacalculation "HTTP/1.1 200 OK"
INFO     httpx:_client.py:1740 HTTP Request: POST http://localhost:8081/metacalculation "HTTP/1.1 200 OK"
INFO     httpx:_client.py:1740 HTTP Request: POST https://r.biologicalvariation.eu/metacalculation "HTTP/1.1 200 OK"
INFO     httpx:_client.py:1740 HTTP Request: POST http://localhost:8081/metacalculation "HTTP/1.1 200 OK"
INFO     httpx:_client.py:1740 HTTP Request: POST https://r.biologicalvariation.eu/metacalculation "HTTP/1.1 200 OK"
INFO     httpx:_client.py:1740 HTTP Request: POST http://localhost:8081/metacalculation "HTTP/1.1 200 OK"
INFO     httpx:_client.py:1740 HTTP Request: POST https://r.biologicalvariation.eu/metacalculation "HTTP/1.1 200 OK"
INFO     httpx:_client.py:1740 HTTP Request: POST http://localhost:8081/metacalculation "HTTP/1.1 200 OK"
INFO     httpx:_client.py:1740 HTTP Request: POST https://r.biologicalvariation.eu/metacalculation "HTTP/1.1 200 OK"
INFO     httpx:_client.py:1740 HTTP Request: POST http://localhost:8081/metacalculation "HTTP/1.1 200 OK"
INFO     httpx:_client.py:1740 HTTP Request: POST https://r.biologicalvariation.eu/metacalculation "HTTP/1.1 200 OK"
INFO     httpx:_client.py:1740 HTTP Request: POST http://localhost:8081/metacalculation "HTTP/1.1 200 OK"
INFO     httpx:_client.py:1740 HTTP Request: POST https://r.biologicalvariation.eu/metacalculation "HTTP/1.1 200 OK"
INFO     httpx:_client.py:1740 HTTP Request: POST http://localhost:8081/metacalculation "HTTP/1.1 200 OK"
INFO     httpx:_client.py:1740 HTTP Request: POST https://r.biologicalvariation.eu/metacalculation "HTTP/1.1 200 OK"
INFO     httpx:_client.py:1740 HTTP Request: POST http://localhost:8081/metacalculation "HTTP/1.1 200 OK"
INFO     httpx:_client.py:1740 HTTP Request: POST https://r.biologicalvariation.eu/metacalculation "HTTP/1.1 200 OK"
INFO     httpx:_client.py:1740 HTTP Request: POST http://localhost:8081/metacalculation "HTTP/1.1 200 OK"
INFO     httpx:_client.py:1740 HTTP Request: POST https://r.biologicalvariation.eu/metacalculation "HTTP/1.1 200 OK"
INFO     httpx:_client.py:1740 HTTP Request: POST http://localhost:8081/metacalculation "HTTP/1.1 200 OK"
INFO     httpx:_client.py:1740 HTTP Request: POST https://r.biologicalvariation.eu/metacalculation "HTTP/1.1 200 OK"
INFO     httpx:_client.py:1740 HTTP Request: POST http://localhost:8081/metacalculation "HTTP/1.1 200 OK"
INFO     httpx:_client.py:1740 HTTP Request: POST https://r.biologicalvariation.eu/metacalculation "HTTP/1.1 200 OK"
INFO     httpx:_client.py:1740 HTTP Request: POST http://localhost:8081/metacalculation "HTTP/1.1 200 OK"
INFO     httpx:_client.py:1740 HTTP Request: POST https://r.biologicalvariation.eu/metacalculation "HTTP/1.1 200 OK"
INFO     httpx:_client.py:1740 HTTP Request: POST http://localhost:8081/metacalculation "HTTP/1.1 200 OK"
INFO     httpx:_client.py:1740 HTTP Request: POST https://r.biologicalvariation.eu/metacalculation "HTTP/1.1 200 OK"
INFO     httpx:_client.py:1740 HTTP Request: POST http://localhost:8081/metacalculation "HTTP/1.1 200 OK"
INFO     httpx:_client.py:1740 HTTP Request: POST https://r.biologicalvariation.eu/metacalculation "HTTP/1.1 200 OK"
INFO     httpx:_client.py:1740 HTTP Request: POST http://localhost:8081/metacalculation "HTTP/1.1 200 OK"
INFO     httpx:_client.py:1740 HTTP Request: POST https://r.biologicalvariation.eu/metacalculation "HTTP/1.1 200 OK"
INFO     httpx:_client.py:1740 HTTP Request: POST http://localhost:8081/metacalculation "HTTP/1.1 200 OK"
INFO     httpx:_client.py:1740 HTTP Request: POST https://r.biologicalvariation.eu/metacalculation "HTTP/1.1 200 OK"
INFO     httpx:_client.py:1740 HTTP Request: POST http://localhost:8081/metacalculation "HTTP/1.1 200 OK"
INFO     httpx:_client.py:1740 HTTP Request: POST https://r.biologicalvariation.eu/metacalculation "HTTP/1.1 200 OK"
INFO     httpx:_client.py:1740 HTTP Request: POST http://localhost:8081/metacalculation "HTTP/1.1 200 OK"
INFO     httpx:_client.py:1740 HTTP Request: POST https://r.biologicalvariation.eu/metacalculation "HTTP/1.1 200 OK"
INFO     httpx:_client.py:1740 HTTP Request: POST http://localhost:8081/metacalculation "HTTP/1.1 200 OK"
INFO     httpx:_client.py:1740 HTTP Request: POST https://r.biologicalvariation.eu/metacalculation "HTTP/1.1 200 OK"
INFO     httpx:_client.py:1740 HTTP Request: POST http://localhost:8081/metacalculation "HTTP/1.1 200 OK"
INFO     httpx:_client.py:1740 HTTP Request: POST https://r.biologicalvariation.eu/metacalculation "HTTP/1.1 200 OK"
INFO     httpx:_client.py:1740 HTTP Request: POST http://localhost:8081/metacalculation "HTTP/1.1 200 OK"
INFO     httpx:_client.py:1740 HTTP Request: POST https://r.biologicalvariation.eu/metacalculation "HTTP/1.1 200 OK"
INFO     httpx:_client.py:1740 HTTP Request: POST http://localhost:8081/metacalculation "HTTP/1.1 200 OK"
INFO     httpx:_client.py:1740 HTTP Request: POST https://r.biologicalvariation.eu/metacalculation "HTTP/1.1 200 OK"
INFO     httpx:_client.py:1740 HTTP Request: POST http://localhost:8081/metacalculation "HTTP/1.1 200 OK"
INFO     httpx:_client.py:1740 HTTP Request: POST https://r.biologicalvariation.eu/metacalculation "HTTP/1.1 200 OK"
INFO     httpx:_client.py:1740 HTTP Request: POST http://localhost:8081/metacalculation "HTTP/1.1 200 OK"
INFO     httpx:_client.py:1740 HTTP Request: POST https://r.biologicalvariation.eu/metacalculation "HTTP/1.1 200 OK"
INFO     httpx:_client.py:1740 HTTP Request: POST http://localhost:8081/metacalculation "HTTP/1.1 200 OK"
INFO     httpx:_client.py:1740 HTTP Request: POST https://r.biologicalvariation.eu/metacalculation "HTTP/1.1 200 OK"
INFO     httpx:_client.py:1740 HTTP Request: POST http://localhost:8081/metacalculation "HTTP/1.1 200 OK"
INFO     httpx:_client.py:1740 HTTP Request: POST https://r.biologicalvariation.eu/metacalculation "HTTP/1.1 200 OK"
INFO     httpx:_client.py:1740 HTTP Request: POST http://localhost:8081/metacalculation "HTTP/1.1 200 OK"
INFO     httpx:_client.py:1740 HTTP Request: POST https://r.biologicalvariation.eu/metacalculation "HTTP/1.1 200 OK"
INFO     httpx:_client.py:1740 HTTP Request: POST http://localhost:8081/metacalculation "HTTP/1.1 200 OK"
INFO     httpx:_client.py:1740 HTTP Request: POST https://r.biologicalvariation.eu/metacalculation "HTTP/1.1 200 OK"
INFO     httpx:_client.py:1740 HTTP Request: POST http://localhost:8081/metacalculation "HTTP/1.1 200 OK"
INFO     httpx:_client.py:1740 HTTP Request: POST https://r.biologicalvariation.eu/metacalculation "HTTP/1.1 200 OK"
INFO     httpx:_client.py:1740 HTTP Request: POST http://localhost:8081/metacalculation "HTTP/1.1 200 OK"
INFO     httpx:_client.py:1740 HTTP Request: POST https://r.biologicalvariation.eu/metacalculation "HTTP/1.1 200 OK"
INFO     httpx:_client.py:1740 HTTP Request: POST http://localhost:8081/metacalculation "HTTP/1.1 200 OK"
INFO     httpx:_client.py:1740 HTTP Request: POST https://r.biologicalvariation.eu/metacalculation "HTTP/1.1 200 OK"
INFO     httpx:_client.py:1740 HTTP Request: POST http://localhost:8081/metacalculation "HTTP/1.1 200 OK"
INFO     httpx:_client.py:1740 HTTP Request: POST https://r.biologicalvariation.eu/metacalculation "HTTP/1.1 200 OK"
INFO     httpx:_client.py:1740 HTTP Request: POST http://localhost:8081/metacalculation "HTTP/1.1 200 OK"
INFO     httpx:_client.py:1740 HTTP Request: POST https://r.biologicalvariation.eu/metacalculation "HTTP/1.1 200 OK"
INFO     httpx:_client.py:1740 HTTP Request: POST http://localhost:8081/metacalculation "HTTP/1.1 200 OK"
INFO     httpx:_client.py:1740 HTTP Request: POST https://r.biologicalvariation.eu/metacalculation "HTTP/1.1 200 OK"
INFO     httpx:_client.py:1740 HTTP Request: POST http://localhost:8081/metacalculation "HTTP/1.1 200 OK"
INFO     httpx:_client.py:1740 HTTP Request: POST https://r.biologicalvariation.eu/metacalculation "HTTP/1.1 200 OK"
INFO     httpx:_client.py:1740 HTTP Request: POST http://localhost:8081/metacalculation "HTTP/1.1 200 OK"
INFO     httpx:_client.py:1740 HTTP Request: POST https://r.biologicalvariation.eu/metacalculation "HTTP/1.1 200 OK"
INFO     httpx:_client.py:1740 HTTP Request: POST http://localhost:8081/metacalculation "HTTP/1.1 200 OK"
INFO     httpx:_client.py:1740 HTTP Request: POST https://r.biologicalvariation.eu/metacalculation "HTTP/1.1 200 OK"
INFO     httpx:_client.py:1740 HTTP Request: POST http://localhost:8081/metacalculation "HTTP/1.1 200 OK"
INFO     httpx:_client.py:1740 HTTP Request: POST https://r.biologicalvariation.eu/metacalculation "HTTP/1.1 200 OK"
INFO     httpx:_client.py:1740 HTTP Request: POST http://localhost:8081/metacalculation "HTTP/1.1 200 OK"
INFO     httpx:_client.py:1740 HTTP Request: POST https://r.biologicalvariation.eu/metacalculation "HTTP/1.1 200 OK"
INFO     httpx:_client.py:1740 HTTP Request: POST http://localhost:8081/metacalculation "HTTP/1.1 200 OK"
INFO     httpx:_client.py:1740 HTTP Request: POST https://r.biologicalvariation.eu/metacalculation "HTTP/1.1 200 OK"
INFO     httpx:_client.py:1740 HTTP Request: POST http://localhost:8081/metacalculation "HTTP/1.1 200 OK"
INFO     httpx:_client.py:1740 HTTP Request: POST https://r.biologicalvariation.eu/metacalculation "HTTP/1.1 200 OK"
INFO     httpx:_client.py:1740 HTTP Request: POST http://localhost:8081/metacalculation "HTTP/1.1 200 OK"
INFO     httpx:_client.py:1740 HTTP Request: POST https://r.biologicalvariation.eu/metacalculation "HTTP/1.1 200 OK"
INFO     httpx:_client.py:1740 HTTP Request: POST http://localhost:8081/metacalculation "HTTP/1.1 200 OK"
INFO     httpx:_client.py:1740 HTTP Request: POST https://r.biologicalvariation.eu/metacalculation "HTTP/1.1 200 OK"
INFO     httpx:_client.py:1740 HTTP Request: POST http://localhost:8081/metacalculation "HTTP/1.1 200 OK"
INFO     httpx:_client.py:1740 HTTP Request: POST https://r.biologicalvariation.eu/metacalculation "HTTP/1.1 200 OK"
INFO     httpx:_client.py:1740 HTTP Request: POST http://localhost:8081/metacalculation "HTTP/1.1 200 OK"
INFO     httpx:_client.py:1740 HTTP Request: POST https://r.biologicalvariation.eu/metacalculation "HTTP/1.1 200 OK"
INFO     httpx:_client.py:1740 HTTP Request: POST http://localhost:8081/metacalculation "HTTP/1.1 200 OK"
INFO     httpx:_client.py:1740 HTTP Request: POST https://r.biologicalvariation.eu/metacalculation "HTTP/1.1 200 OK"
INFO     httpx:_client.py:1740 HTTP Request: POST http://localhost:8081/metacalculation "HTTP/1.1 200 OK"
INFO     httpx:_client.py:1740 HTTP Request: POST https://r.biologicalvariation.eu/metacalculation "HTTP/1.1 200 OK"
INFO     httpx:_client.py:1740 HTTP Request: POST http://localhost:8081/metacalculation "HTTP/1.1 200 OK"
INFO     httpx:_client.py:1740 HTTP Request: POST https://r.biologicalvariation.eu/metacalculation "HTTP/1.1 200 OK"
INFO     httpx:_client.py:1740 HTTP Request: POST http://localhost:8081/metacalculation "HTTP/1.1 200 OK"
INFO     httpx:_client.py:1740 HTTP Request: POST https://r.biologicalvariation.eu/metacalculation "HTTP/1.1 200 OK"
INFO     httpx:_client.py:1740 HTTP Request: POST http://localhost:8081/metacalculation "HTTP/1.1 200 OK"
INFO     httpx:_client.py:1740 HTTP Request: POST https://r.biologicalvariation.eu/metacalculation "HTTP/1.1 200 OK"
INFO     httpx:_client.py:1740 HTTP Request: POST http://localhost:8081/metacalculation "HTTP/1.1 200 OK"
INFO     httpx:_client.py:1740 HTTP Request: POST https://r.biologicalvariation.eu/metacalculation "HTTP/1.1 200 OK"
INFO     httpx:_client.py:1740 HTTP Request: POST http://localhost:8081/metacalculation "HTTP/1.1 200 OK"
INFO     httpx:_client.py:1740 HTTP Request: POST https://r.biologicalvariation.eu/metacalculation "HTTP/1.1 200 OK"
INFO     httpx:_client.py:1740 HTTP Request: POST http://localhost:8081/metacalculation "HTTP/1.1 200 OK"
INFO     httpx:_client.py:1740 HTTP Request: POST https://r.biologicalvariation.eu/metacalculation "HTTP/1.1 200 OK"
INFO     httpx:_client.py:1740 HTTP Request: POST http://localhost:8081/metacalculation "HTTP/1.1 200 OK"
INFO     httpx:_client.py:1740 HTTP Request: POST https://r.biologicalvariation.eu/metacalculation "HTTP/1.1 200 OK"
INFO     httpx:_client.py:1740 HTTP Request: POST http://localhost:8081/metacalculation "HTTP/1.1 200 OK"
INFO     httpx:_client.py:1740 HTTP Request: POST https://r.biologicalvariation.eu/metacalculation "HTTP/1.1 200 OK"
INFO     httpx:_client.py:1740 HTTP Request: POST http://localhost:8081/metacalculation "HTTP/1.1 200 OK"
INFO     httpx:_client.py:1740 HTTP Request: POST https://r.biologicalvariation.eu/metacalculation "HTTP/1.1 200 OK"
INFO     httpx:_client.py:1740 HTTP Request: POST http://localhost:8081/metacalculation "HTTP/1.1 200 OK"
INFO     httpx:_client.py:1740 HTTP Request: POST https://r.biologicalvariation.eu/metacalculation "HTTP/1.1 200 OK"
INFO     httpx:_client.py:1740 HTTP Request: POST http://localhost:8081/metacalculation "HTTP/1.1 200 OK"
INFO     httpx:_client.py:1740 HTTP Request: POST https://r.biologicalvariation.eu/metacalculation "HTTP/1.1 200 OK"
INFO     httpx:_client.py:1740 HTTP Request: POST http://localhost:8081/metacalculation "HTTP/1.1 200 OK"
INFO     httpx:_client.py:1740 HTTP Request: POST https://r.biologicalvariation.eu/metacalculation "HTTP/1.1 200 OK"
INFO     httpx:_client.py:1740 HTTP Request: POST http://localhost:8081/metacalculation "HTTP/1.1 200 OK"
INFO     httpx:_client.py:1740 HTTP Request: POST https://r.biologicalvariation.eu/metacalculation "HTTP/1.1 200 OK"
INFO     httpx:_client.py:1740 HTTP Request: POST http://localhost:8081/metacalculation "HTTP/1.1 200 OK"
INFO     httpx:_client.py:1740 HTTP Request: POST https://r.biologicalvariation.eu/metacalculation "HTTP/1.1 200 OK"
INFO     httpx:_client.py:1740 HTTP Request: POST http://localhost:8081/metacalculation "HTTP/1.1 200 OK"
INFO     httpx:_client.py:1740 HTTP Request: POST https://r.biologicalvariation.eu/metacalculation "HTTP/1.1 200 OK"
INFO     httpx:_client.py:1740 HTTP Request: POST http://localhost:8081/metacalculation "HTTP/1.1 200 OK"
INFO     httpx:_client.py:1740 HTTP Request: POST https://r.biologicalvariation.eu/metacalculation "HTTP/1.1 200 OK"
INFO     httpx:_client.py:1740 HTTP Request: POST http://localhost:8081/metacalculation "HTTP/1.1 200 OK"
INFO     httpx:_client.py:1740 HTTP Request: POST https://r.biologicalvariation.eu/metacalculation "HTTP/1.1 200 OK"
INFO     httpx:_client.py:1740 HTTP Request: POST http://localhost:8081/metacalculation "HTTP/1.1 200 OK"
INFO     httpx:_client.py:1740 HTTP Request: POST https://r.biologicalvariation.eu/metacalculation "HTTP/1.1 200 OK"
INFO     httpx:_client.py:1740 HTTP Request: POST http://localhost:8081/metacalculation "HTTP/1.1 200 OK"
INFO     httpx:_client.py:1740 HTTP Request: POST https://r.biologicalvariation.eu/metacalculation "HTTP/1.1 200 OK"
INFO     httpx:_client.py:1740 HTTP Request: POST http://localhost:8081/metacalculation "HTTP/1.1 200 OK"
INFO     httpx:_client.py:1740 HTTP Request: POST https://r.biologicalvariation.eu/metacalculation "HTTP/1.1 200 OK"
INFO     httpx:_client.py:1740 HTTP Request: POST http://localhost:8081/metacalculation "HTTP/1.1 200 OK"
INFO     httpx:_client.py:1740 HTTP Request: POST https://r.biologicalvariation.eu/metacalculation "HTTP/1.1 200 OK"
INFO     httpx:_client.py:1740 HTTP Request: POST http://localhost:8081/metacalculation "HTTP/1.1 200 OK"
INFO     httpx:_client.py:1740 HTTP Request: POST https://r.biologicalvariation.eu/metacalculation "HTTP/1.1 200 OK"
INFO     httpx:_client.py:1740 HTTP Request: POST http://localhost:8081/metacalculation "HTTP/1.1 200 OK"
INFO     httpx:_client.py:1740 HTTP Request: POST https://r.biologicalvariation.eu/metacalculation "HTTP/1.1 200 OK"
INFO     httpx:_client.py:1740 HTTP Request: POST http://localhost:8081/metacalculation "HTTP/1.1 200 OK"
INFO     httpx:_client.py:1740 HTTP Request: POST https://r.biologicalvariation.eu/metacalculation "HTTP/1.1 200 OK"
INFO     httpx:_client.py:1740 HTTP Request: POST http://localhost:8081/metacalculation "HTTP/1.1 200 OK"
INFO     httpx:_client.py:1740 HTTP Request: POST https://r.biologicalvariation.eu/metacalculation "HTTP/1.1 200 OK"
INFO     httpx:_client.py:1740 HTTP Request: POST http://localhost:8081/metacalculation "HTTP/1.1 200 OK"
INFO     httpx:_client.py:1740 HTTP Request: POST https://r.biologicalvariation.eu/metacalculation "HTTP/1.1 200 OK"
INFO     httpx:_client.py:1740 HTTP Request: POST http://localhost:8081/metacalculation "HTTP/1.1 200 OK"
INFO     httpx:_client.py:1740 HTTP Request: POST https://r.biologicalvariation.eu/metacalculation "HTTP/1.1 200 OK"
INFO     httpx:_client.py:1740 HTTP Request: POST http://localhost:8081/metacalculation "HTTP/1.1 200 OK"
INFO     httpx:_client.py:1740 HTTP Request: POST https://r.biologicalvariation.eu/metacalculation "HTTP/1.1 200 OK"
INFO     httpx:_client.py:1740 HTTP Request: POST http://localhost:8081/metacalculation "HTTP/1.1 200 OK"
INFO     httpx:_client.py:1740 HTTP Request: POST https://r.biologicalvariation.eu/metacalculation "HTTP/1.1 200 OK"
INFO     httpx:_client.py:1740 HTTP Request: POST http://localhost:8081/metacalculation "HTTP/1.1 200 OK"
INFO     httpx:_client.py:1740 HTTP Request: POST https://r.biologicalvariation.eu/metacalculation "HTTP/1.1 200 OK"
INFO     httpx:_client.py:1740 HTTP Request: POST http://localhost:8081/metacalculation "HTTP/1.1 200 OK"
INFO     httpx:_client.py:1740 HTTP Request: POST https://r.biologicalvariation.eu/metacalculation "HTTP/1.1 200 OK"
INFO     httpx:_client.py:1740 HTTP Request: POST http://localhost:8081/metacalculation "HTTP/1.1 200 OK"
INFO     httpx:_client.py:1740 HTTP Request: POST https://r.biologicalvariation.eu/metacalculation "HTTP/1.1 200 OK"
INFO     httpx:_client.py:1740 HTTP Request: POST http://localhost:8081/metacalculation "HTTP/1.1 200 OK"
INFO     httpx:_client.py:1740 HTTP Request: POST https://r.biologicalvariation.eu/metacalculation "HTTP/1.1 200 OK"
INFO     httpx:_client.py:1740 HTTP Request: POST http://localhost:8081/metacalculation "HTTP/1.1 200 OK"
INFO     httpx:_client.py:1740 HTTP Request: POST https://r.biologicalvariation.eu/metacalculation "HTTP/1.1 200 OK"
INFO     httpx:_client.py:1740 HTTP Request: POST http://localhost:8081/metacalculation "HTTP/1.1 200 OK"
INFO     httpx:_client.py:1740 HTTP Request: POST https://r.biologicalvariation.eu/metacalculation "HTTP/1.1 200 OK"
INFO     httpx:_client.py:1740 HTTP Request: POST http://localhost:8081/metacalculation "HTTP/1.1 200 OK"
INFO     httpx:_client.py:1740 HTTP Request: POST https://r.biologicalvariation.eu/metacalculation "HTTP/1.1 200 OK"
INFO     httpx:_client.py:1740 HTTP Request: POST http://localhost:8081/metacalculation "HTTP/1.1 200 OK"
INFO     httpx:_client.py:1740 HTTP Request: POST https://r.biologicalvariation.eu/metacalculation "HTTP/1.1 200 OK"
INFO     httpx:_client.py:1740 HTTP Request: POST http://localhost:8081/metacalculation "HTTP/1.1 200 OK"
INFO     httpx:_client.py:1740 HTTP Request: POST https://r.biologicalvariation.eu/metacalculation "HTTP/1.1 200 OK"
INFO     httpx:_client.py:1740 HTTP Request: POST http://localhost:8081/metacalculation "HTTP/1.1 200 OK"
INFO     httpx:_client.py:1740 HTTP Request: POST https://r.biologicalvariation.eu/metacalculation "HTTP/1.1 200 OK"
INFO     httpx:_client.py:1740 HTTP Request: POST http://localhost:8081/metacalculation "HTTP/1.1 200 OK"
INFO     httpx:_client.py:1740 HTTP Request: POST https://r.biologicalvariation.eu/metacalculation "HTTP/1.1 200 OK"
INFO     httpx:_client.py:1740 HTTP Request: POST http://localhost:8081/metacalculation "HTTP/1.1 200 OK"
INFO     httpx:_client.py:1740 HTTP Request: POST https://r.biologicalvariation.eu/metacalculation "HTTP/1.1 200 OK"
INFO     httpx:_client.py:1740 HTTP Request: POST http://localhost:8081/metacalculation "HTTP/1.1 200 OK"
INFO     httpx:_client.py:1740 HTTP Request: POST https://r.biologicalvariation.eu/metacalculation "HTTP/1.1 200 OK"
INFO     httpx:_client.py:1740 HTTP Request: POST http://localhost:8081/metacalculation "HTTP/1.1 200 OK"
INFO     httpx:_client.py:1740 HTTP Request: POST https://r.biologicalvariation.eu/metacalculation "HTTP/1.1 200 OK"
INFO     httpx:_client.py:1740 HTTP Request: POST http://localhost:8081/metacalculation "HTTP/1.1 200 OK"
INFO     httpx:_client.py:1740 HTTP Request: POST https://r.biologicalvariation.eu/metacalculation "HTTP/1.1 200 OK"
INFO     httpx:_client.py:1740 HTTP Request: POST http://localhost:8081/metacalculation "HTTP/1.1 200 OK"
INFO     httpx:_client.py:1740 HTTP Request: POST https://r.biologicalvariation.eu/metacalculation "HTTP/1.1 200 OK"
=========================== short test summary info ============================
FAILED tests/test_biological_variation.py::test_compare_many_random_datasets_with_summary
=================== 1 failed, 1 passed in 379.19s (0:06:19) ====================
